qpid	cluster_GSZ	cluster_RM1sum	cluster_size	cluster_desccount	RM2	val_avg	jac_avg	desc	genename
Ag00001aa000654_T001	543.564152731	42.5487195621	66	39716	0.953016243166	0.274696782707	6.4361945339e-05	t-SNARE coiled-coil homology domain-containing protein	
Ag00001aa000654_T001	362.248912436	7.59292757135	12	2848	0.74889017762	0.0263968849044	1.31823197621e-05	Syntaxin N-terminal domain-containing protein	
Ag00001aa000654_T001	223.680986827	0.608630714723	1	48	0.688310248234	0.0166751788463	4.35725332462e-07	Target SNARE coiled-coil domain	
Ag00001aa000654_T001	32.9471013008	0.607986991758	1	2204	0.608483160029	0.0100081499593	1.50099164137e-09	Receptor-like protein kinase	
Ag00001aa001505_T001	531.021928879	22.6457497845	34	20479	0.905018902472	0.193599802888	0.000111769460789	Aquaporin	
Ag00001aa001505_T001	623.702775616	0.743407904913	1	16	0.843868910601	0.00827886334995	1.38968359602e-07	Water channel protein	
Ag00001aa001505_T001	443.360096547	5.17286994468	8	1533	0.786477283884	0.0360997943816	1.77121265298e-05	Plasma membrane intrinsic protein	
Ag00001aa004029_T001	3779.17780767	2.26754123212	4	60	2.36657018672	0.49980949478	1.57082440597e-06	Alpha-ketoglutarate-dependent dioxygenase alkB-like protein 2	
Ag00001aa004423_T002	584.810122903	58.5757747166	99	61919	0.90435722725	0.151758115262	6.88499831459e-05	Peroxidase	
Ag00001aa004820_T001	1.30132727756e-11	0.631756169305	1	773	0.648724449691	0.110800571393	7.34264886634e-06	Dirigent protein (Fragment)	
Ag00001aa004824_T001	1.30132727756e-11	0.623395978744	1	773	0.665501614568	0.142455520302	9.4403923328e-06	Dirigent protein (Fragment)	
Ag00001aa004825_T001	1.30132727756e-11	0.643537278541	1	773	0.648721690214	0.110795364845	7.34230383332e-06	Dirigent protein (Fragment)	
Ag00001aa005889_T001	938.042016086	2.4817288153	4	41	1.02030117153	0.103932762132	5.80980248182e-08	ATP-dependent 6-phosphofructokinase 2	PFK
Ag00001aa005889_T001	708.14179934	56.07483479	90	36723	0.891122098015	0.0337080599265	5.32589510391e-06	ATP-dependent 6-phosphofructokinase	PFK
Ag00001aa007156_T002	1.42883714841e-09	0.50321266026	1	8100	0.76533701297	0.330823293173	3.3379406031e-05	CSD domain-containing protein	
Ag00001aa007270_T001	2129.55293289	40.6151347711	63	2665	1.51649974382	0.140902667714	7.8385756639e-06	V-type proton ATPase subunit D	
Ag00001aa007270_T001	536.452393928	4.60559564487	7	540	0.823757850917	0.0361827976047	5.30768643547e-07	Vacuolar ATP synthase subunit D	
Ag00001aa007822_T001	203.589673347	3.60699368111	6	30930	1.20118025114	0.999510858932	0.000181328127282	SHSP domain-containing protein	
Ag00001aa008378_T001	521.152106304	27.8095599188	46	36108	0.908277908061	0.207201556461	1.20307528925e-05	glutathione transferase	
Ag00001aa008535_T002	357.064086807	22.2706404343	37	61837	1.02812903279	0.557172671109	9.41189013334e-05	Peroxidase	
Ag00001aa009020_T002	523.339233425	61.0699819989	95	73048	0.800929830488	0.00300780587137	2.99664038928e-10	UDP-glucose 4-epimerase	
Ag00001aa009020_T002	11.919396035	1.10906529181	2	45373	0.594767758414	0.0	0.0	NAD(P)-binding domain-containing protein	
Ag00001aa009144_T001	801.851221623	62.217453263	97	32254	1.00774109753	0.18301797141	5.42018328756e-05	phosphoglycerate mutase (2,3-diphosphoglycerate-independent)	
Ag00001aa009579_T001	534.82622881	21.7860388567	34	12161	0.839191122496	0.0665293199548	4.56982222602e-06	Small heat shock protein HSP	
Ag00001aa009579_T001	379.20547658	24.6372416661	40	30930	0.783963132341	0.0797717209772	9.64795706188e-05	SHSP domain-containing protein	
Ag00001aa009716_T001	2404.38771062	7.59403273934	12	156	1.61435445651	0.118111601143	1.11828618726e-05	Small heat shock protein 26	
Ag00001aa009716_T001	289.573680175	13.3167110847	21	33061	0.878986477619	0.326703503174	0.000207443339481	SHSP domain-containing protein	
Ag00001aa009716_T001	70.8139466091	0.645279171306	1	1298	0.669689276969	0.0969126263244	3.18694937047e-07	Small heat-shock protein	
Ag00001aa009888_T001	1349.4811463	47.7888164046	77	8761	1.16769535451	0.0715143561483	1.43615849637e-05	Heat shock 70 kDa protein 8	
Ag00001aa009888_T001	542.408315369	0.648934828988	1	2	0.854523149996	0.0897346904969	2.18942624977e-05	78 kDa glucose-regulated protein-like protein	
Ag00001aa009888_T001	616.669422299	0.737780163654	1	2	0.838277582472	0.00303738215232	5.05771330438e-08	DnaK protein, expressed	
Ag00001aa010183_T001	1410.62586262	62.1482102808	96	10177	1.41292793121	0.488070620062	7.87661108013e-06	3-ketoacyl-CoA synthase	
Ag00001aa010183_T001	65.2511010683	0.70743227084	1	616	0.616540151861	0.000829641399882	7.45946232586e-08	FAE domain-containing protein	
Ag00001aa010523_T001	717.370020561	54.5020692611	87	36108	1.10297506693	0.426464381253	4.68321373102e-05	glutathione transferase	
Ag00001aa012571_T001	728.341952471	59.4646740596	96	38309	0.958267569533	0.145148228781	0.000111364538607	Aconitate hydratase	
Ag00001aa012571_T001	14.2837597413	0.6370836776	1	11322	0.597286927908	0.0029687172457	1.9354046846e-07	GYF domain-containing protein	
Ag00001aa012639_T001	1216.86262927	54.9090996793	83	11086	1.14070885332	0.120660740919	0.000680446347668	SUI1 domain-containing protein	
Ag00001aa012639_T001	124.509050039	4.20309900214	6	6200	0.644236153281	0.00836318973143	2.13536321656e-06	Translation initiation factor	
Ag00001aa012894_T001	3474.7293927	2.53730745619	4	20	2.13847506679	0.298560664932	0.0173078646338	Zeamatin	
Ag00001aa012894_T001	1261.08031317	0.651148442387	1	10	1.13596792635	0.0783694293341	1.76506928649e-07	Alpha-amylase/trypsin inhibitor	
Ag00001aa012894_T001	1276.46111379	0.659090186956	1	2	1.11701082878	0.0309913166875	4.9270773748e-05	Antifungal zeamatin-like protein	
Ag00001aa012894_T001	688.775467521	2.95207874827	5	689	0.90168531219	0.0682539999448	2.5260547722e-05	Thaumatin	
Ag00001aa012894_T001	0	0.655106010829	1	1	0.63337577161	0.0818326181708	0.000224198953892	Stress-induced protein1	
Ag00001aa012894_T001	0	0.574584014546	1	1	0.622031084231	0.0602088049464	0.00602088049464	Thaumatin-like protein TLP8	
Ag00001aa012894_T001	0	0.585964457477	1	1	0.605709109203	0.029639828361	8.60228104935e-09	Thaumatin-like protein isoform 2	
Ag00001aa012894_T001	0	0.629083429352	1	1	0.59	0.0	0.0	Zeamatin-like protein (Fragment)	
Ag00001aa012950_T001	2448.89103882	60.9578796459	96	3420	1.61871536877	0.0927525216865	5.83763149749e-06	NADH dehydrogenase [ubiquinone] iron-sulfur protein 4, mitochondrial	
Ag00001aa013246_T001	2516.69185575	3.07393200129	5	169	1.8888792306	0.551325322238	3.37569661944e-06	Ribonuclease 1	
Ag00001aa014453_T001	2627.50877436	16.8004066144	26	238	1.66862700535	0.052119703612	2.63475244272e-06	Class I heat shock protein 1	
Ag00001aa014453_T001	536.523556322	39.1133308241	61	30930	0.876571656915	0.135768351226	0.000250411798893	SHSP domain-containing protein	
Ag00001aa014453_T001	159.800980535	0.607044841956	1	84	0.655129817187	0.00228193252977	3.65928885466e-08	Hsp20/alpha crystallin family	
Ag00001aa014453_T001	44.17714061	0.660005187218	1	1298	0.619142258398	0.0216441534733	4.06721712137e-08	Small heat-shock protein	
Ag00001aa014694_T001	1218.04793355	29.3662632968	56	7398	1.26461726156	0.353580658749	1.69501293057e-05	Subtilisin-like protease	
Ag00001aa014694_T001	538.782307386	1.59825133794	3	112	0.812891731178	0.0139222745804	1.34789271588e-07	Subtilisin-like serine endopeptidase family protein	
Ag00001aa014694_T001	53.8250827909	1.02359196829	2	4597	0.614994963368	0.00653756552125	1.02626147282e-06	Inhibitor I9 domain-containing protein	
Ag00001aa015316_T001	580.656415963	53.5968137021	91	57704	0.990916260206	0.318209476884	0.00013355360331	Peroxidase	
Ag00001aa015322_T001	316.520275805	16.8444703303	27	57645	1.12485244294	0.770268729295	9.53046003622e-05	Peroxidase	
Ag00001aa017786_T001	1327.854588	0.620504750134	1	7	1.1396302095	0.0348837209303	1.10383920587e-07	15.7 kDa heat shock protein, peroxisomal-like	
Ag00001aa017786_T001	255.508160286	6.86588757309	11	33061	1.11114358374	0.790443512517	0.000262899605046	SHSP domain-containing protein	
Ag00001aa017895_T001	4472.45849152	61.3017382944	97	1038	2.43259448207	0.101148819543	0.000110555341686	Thiamine thiazole synthase, chloroplastic	THI1
Ag00001aa018374_T001	493.244780302	3.56192741145	6	317	0.890233678012	0.194207104345	0.000300029414324	Anthocyanidin reductase	
Ag00001aa018374_T001	394.405797439	1.83092259628	3	131	0.880664136506	0.250743339676	0.000392375130415	Leucoanthocyanidin reductase	
Ag00001aa018374_T001	522.835768519	53.3508233953	89	63275	0.799134307408	0.0	0.0	NAD-dependent epimerase/dehydratase domain-containing protein	
Ag00001aa018455_T003	1952.81907424	60.3158153448	97	5433	1.37873250658	0.0143488206161	9.80264701157e-08	Beta-amylase	
Ag00001aa018649_T001	2.09161171141e-13	0.536189399994	1	98	0.722027669253	0.249107461621	3.57296990278e-05	Embryonic protein DC-8	
Ag00001aa018678_T003	3157.66566014	47.6090652097	77	1565	1.94258870218	0.168895270542	0.000397236729484	Sucrose transporter	
Ag00001aa018678_T003	10.4453298334	2.55242115033	4	383371	0.60222131652	0.0151758170711	7.69708303153e-08	Major facilitator superfamily (MFS) profile domain-containing protein	
Ag00001aa019017_T001	1349.63561659	47.6969906288	77	8760	1.16953431564	0.074867485377	1.50874915916e-05	Heat shock 70 kDa protein 8	
Ag00001aa019017_T001	541.324970918	0.646357204203	1	2	0.853974637934	0.0895173825369	2.18410891276e-05	78 kDa glucose-regulated protein-like protein	
Ag00001aa019017_T001	614.897265232	0.734204276682	1	2	0.837570645304	0.00304101546918	5.06376334159e-08	DnaK protein, expressed	
Ag00001aa019394_T001	1006.53008713	40.2190135415	60	11973	1.03129918292	0.0729939125664	1.87205110628e-05	Heat shock protein 70	
Ag00001aa019394_T001	595.730808836	1.49139052845	2	47	0.830267941832	0.00372750300194	2.08535103273e-06	Probable mediator of RNA polymerase II transcription subunit 37c	
Ag00001aa019394_T001	423.460260519	0.656056107964	1	18	0.759715711308	0.000625666915255	1.81778935358e-07	Molecular chaperones HSP70/HSC70, HSP70 superfamily	
Ag00001aa019743_T001	654.319139332	3.68122566402	6	183	0.96247590353	0.208950187341	0.000232425341927	Probable leucine-rich repeat receptor-like protein kinase At5g49770	
Ag00001aa019743_T001	130.433155647	54.9575077614	87	1020898	0.827074804348	0.348870651159	4.84876824316e-06	non-specific serine/threonine protein kinase	
Ag00001aa019936_T001	1550.42571358	6.19440379363	10	96	1.21788072552	0.0145479876696	3.31290381903e-07	Quinone-oxidoreductase homolog, chloroplastic	
Ag00001aa019936_T001	480.716713535	49.4415949796	79	63594	0.868198145538	0.16209643622	1.74463606701e-05	Enoyl reductase (ER) domain-containing protein	
Ag00001aa019936_T001	200.843004326	1.2767115801	2	243	0.67712469081	0.0128065720241	2.95319919067e-07	Chloroplast envelope quinone oxidoreductase	
Ag00001aa021281_T001	744.984974596	58.4567069339	94	36109	1.12080606114	0.439266077861	5.2501964847e-05	glutathione transferase	
Ag00001aa021282_T001	527.779995344	31.7954004181	53	40593	0.932371201925	0.247658249862	1.6568020783e-05	glutathione transferase	
Ag00001aa021483_T001	0	0.770321102923	1	1	0.590655364346	0.00123653602836	1.25278159165e-08	Probable histone H2A variant 1	
Ag00001aa021532_T001	2558.30420909	1.42911231067	3	98	2.01010156801	0.748629135442	0.000322129576351	Embryonic protein DC-8	
Ag00001aa022087_T001	1986.94605858	40.7908192096	63	2526	1.43912735869	0.10254382166	3.54890514772e-05	Small ribosomal subunit protein uS10 domain-containing protein	
Ag00001aa022087_T001	1090.52062892	13.642606511	21	938	1.05269625692	0.0499772548201	3.01508359273e-06	40S ribosomal protein S20-2	
Ag00001aa022087_T001	359.40773841	0.622848194313	1	18	0.764482045576	0.0579602024087	2.14674688299e-06	Small subunit ribosomal protein S20e	
Ag00001aa022279_T001	978.53324364	38.2948374501	57	12075	1.01754646401	0.0681751565785	1.66781476783e-05	Heat shock protein 70	
Ag00001aa022279_T001	434.01402903	0.655767334904	1	18	0.764136875236	0.00100237320648	2.91225778228e-07	Molecular chaperones HSP70/HSC70, HSP70 superfamily	
Ag00001aa022279_T001	425.076387433	1.38745537001	2	84	0.761088969524	0.00199696642843	1.11720258889e-06	Probable mediator of RNA polymerase II transcription subunit 37c	
Ag00001aa022335_T001	2494.21980972	2.44470859461	4	4	1.62151249229	0.0628709449879	0.0251483779952	Safener induced1	
Ag00001aa022335_T001	642.36072649	27.1370629282	44	18575	1.17511555623	0.619161958234	0.000771388457747	GST N-terminal domain-containing protein	
Ag00001aa022335_T001	40.5697679693	2.44230374034	4	37550	0.636533242905	0.0571798562176	5.96078909338e-07	Glutathione transferase	
Ag00001aa022335_T001	0	0.626897573629	1	1	0.617618820199	0.0520819231783	0.000770045727117	Glutathione S-transferase lambda1	
Ag00001aa022335_T001	0	0.624329410364	1	1	0.617618820199	0.0520819231783	0.000770045727117	Glutathione S-transferase lambda2	
Ag00001aa022644_T002	806.06696835	63.1074155887	98	32254	1.00933040471	0.182834949542	5.47058528774e-05	phosphoglycerate mutase (2,3-diphosphoglycerate-independent)	
Ag00001aa022823_T001	6038.9424143	38.9441288982	63	268	3.16785311835	0.306181342936	2.04379979961e-06	Branched-chain-amino-acid aminotransferase-like protein 1	
Ag00001aa022823_T001	1639.65145889	3.6537655874	6	32	1.27786158994	0.0603792445937	3.37664379523e-07	Branched-chain-amino-acid aminotransferase-like protein 1 isoform X2	
Ag00001aa022823_T001	1127.82529544	1.40493368953	2	3	1.04478944826	0.00690439288072	9.29556724792e-08	Branched-chain amino acid aminotransferase, putative, expressed	
Ag00001aa022823_T001	599.877232869	4.22725571414	7	320	0.853649827778	0.0447149686423	6.248875005e-08	Branched-chain-amino-acid aminotransferase-like protein 2	
Ag00001aa022823_T001	478.002133461	0.595449431157	1	3	0.79466853289	0.0254107077294	2.20439176127e-07	D-aminoacid aminotransferase-like PLP-dependent enzymes superfamily protein isoform 1	
Ag00001aa022823_T001	249.760831917	0.59847377036	1	37	0.689904332767	0.0	0.0	Branched-chain-amino-acid aminotransferase-like protein	
Ag00001aa022823_T001	24.3044484417	4.31427406398	7	198580	0.607885649018	0.0154035241802	9.12724320094e-08	Branched-chain-amino-acid aminotransferase	
Ag00001aa023126_T001	4360.91455989	6.62157072516	11	15	2.33436582396	0.0	0.0	Pathogenesis-related protein 1-21	
Ag00001aa023126_T001	907.831510053	1.84938062913	3	27	0.959118560898	0.0112652738482	0.000768086853288	Pathogenesis-related protein PRMS	
Ag00001aa023126_T001	535.216182406	42.5268161093	71	41064	0.936513734071	0.249853777457	0.000237952786676	SCP domain-containing protein	
Ag00001aa023126_T001	318.250389884	2.43548783995	4	381	0.734165387565	0.0318209460897	6.50917729729e-06	Pathogenesis related protein 1	
Ag00001aa023126_T001	83.3082039287	0.635092298378	1	378	0.624096447286	0.00145880322309	2.90677579956e-10	Pathogenesis-related protein 1	
Ag00001aa023126_T001	0	0.623131657856	1	1	0.595196107294	0.00980162015015	6.24307015933e-05	Pathogenesis-related protein PR1c	
Ag00001aa023522_T001	1112.3542638	1.27674687459	2	10	1.12221862896	0.164673371965	1.81509210844e-06	39 kDa EF-Hand containing protein, putative, expressed	
Ag00001aa023522_T001	1039.529274	1.19315936752	2	5	1.06624531153	0.114011351356	0.000379285349208	SnRK2-interacting calcium sensor,SCS	
Ag00001aa023522_T001	499.137341425	0.572905048055	1	2	0.823168071938	0.0632323283895	6.60657565567e-08	Glycerol-3-phosphate dehydrogenase-2C mitochondrial	
Ag00001aa023522_T001	261.081817896	41.7387552301	69	193785	0.695430108092	0.00188185081397	1.2440583992e-10	EF-hand domain-containing protein	
Ag00001aa023522_T001	82.0051064075	0.571065852804	1	368	0.655658985208	0.0619942307201	1.81426386183e-08	Calcium-binding protein 4	
Ag00001aa023522_T001	105.386570927	1.2031532169	2	989	0.632154628371	0.0	0.0	CALCIUM-BINDING EF-HAND FAMILY PROTEIN-RELATED	
Ag00001aa023590_T001	837.789182637	49.9782900941	79	23141	0.991541087717	0.125329917894	2.79089298003e-05	NADH dehydrogenase [ubiquinone] 1 beta subcomplex subunit 10-B	
Ag00001aa023590_T001	375.680295417	0.570554503619	1	15	0.751471888579	0.0211315046589	3.64713752506e-06	Complex I subunit NDUFS6	
Ag00001aa023590_T001	16.7045801404	0.595463094963	1	8209	0.596923913451	0.000456757343652	1.18568238825e-10	NADH-ubiquinone oxidoreductase	
Ag00001aa023590_T001	0	0.741294718703	1	1	0.591214200576	0.00229094283007	4.38256653417e-08	NADH-ubiquinone oxidoreductase, putative, expressed	
Ag00001aa023812_T001	186.010382497	3.0959622957	5	30930	1.19408329307	0.999388902469	0.000151088335269	SHSP domain-containing protein	
Ag00001aa023989_T001	589.312847482	55.3331094336	93	57320	0.993604077496	0.316747616803	0.000135079867136	Peroxidase	
Ag00001aa025656_T001	395.680760508	24.8183626694	41	49520	0.957656346198	0.395061702845	6.69743438094e-05	Peptidase A1 domain-containing protein	
Ag00001aa025656_T001	733.41271596	0.653618451086	1	9	0.888208617945	0.00913366749863	0.000134389350125	Nucleoid DNA-binding protein cnd41	
Ag00001aa025656_T001	381.302939441	1.19180016832	2	123	0.754028043619	0.0217108104268	6.91581666656e-06	Protein ASPARTIC PROTEASE IN GUARD CELL 2-like	
Ag00001aa025656_T001	77.6516013614	1.28825097057	2	3463	0.636823796443	0.0297404125236	3.68630571197e-05	Aspartyl protease AED1	
Ag00001aa026466_T001	284.214991593	42.1920586885	71	176993	0.912763549546	0.394476787185	0.000242785035156	Glutathione S-transferase T1	
Ag00001aa026466_T001	47.5701639762	2.72059841688	5	26191	0.618993308817	0.0188022452609	2.66192559686e-06	GST C-terminal domain-containing protein	
Ag00001aa027095_T003	632.669304151	64.5770342405	98	52376	0.929501547861	0.163082314528	9.97504420043e-06	Glutamate dehydrogenase	
Ag00001aa027119_T002	1961.11283981	6.527186339	11	274	1.46315174257	0.167259334706	0.00295796251087	Stem-specific protein TSJT1	
Ag00001aa027119_T002	1507.38388422	4.15576634227	7	188	1.19295355369	0.0	0.0	Stem-specific protein TSJT1-like	
Ag00001aa027119_T002	1114.41055701	0.708586409752	1	3	1.04541413615	0.0182073705237	3.48306433863e-07	Stem-specific protein TSJT1, putative, expressed	
Ag00001aa027119_T002	935.915485509	1.17521429325	2	39	0.985470850374	0.0398187186448	3.67644280819e-05	Nucleophile aminohydrolase, N-terminal	
Ag00001aa027119_T002	563.883101052	1.17828601166	2	108	0.815708850143	0.000293597383588	1.55424766325e-07	DUF3700 domain-containing protein (Fragment)	
Ag00001aa027119_T002	328.351136001	0.653586445085	1	98	0.737665285549	0.030801566351	4.91035328157e-08	Heat stress transcription factor A-6b	
Ag00001aa027254_T002	720.519567308	4.95703133089	8	3301	0.995968501469	0.222189919663	8.56208176686e-07	Cytochrome b-c1 complex subunit 7	
Ag00001aa027795_T002	1469.48366123	58.3045327165	94	9105	1.39671387732	0.412979751046	0.00205723882344	Lipoxygenase	
Ag00001aa027795_T002	963.004757361	1.26624379604	2	4	0.980215575258	0.00945954485387	5.67704660618e-06	Probable linoleate 9S-lipoxygenase 4	
Ag00001aa028565_T001	1094.1222369	1.0309767519	2	358	1.16006311088	0.249837725561	1.10785477972e-05	Low-temperature-induced 65 kDa protein	
Ag00001aa028857_T001	742.859759672	60.556134428	95	35220	0.887143903869	0.0	0.0	acetyl-CoA C-acyltransferase	
Ag00001aa028857_T001	151.70344619	2.6540881307	4	1622	0.712192159041	0.116057845081	6.13362038068e-06	Thiolase N-terminal domain-containing protein	
Ag00001aa029719_T002	1619.15914726	8.98782758558	14	263	1.28476061984	0.0888614899252	1.85640160404e-05	Calmodulin-binding protein 60 B	
Ag00001aa029719_T002	1166.8523473	22.0105734461	34	3037	1.05674093892	0.0	0.0	Calmodulin-binding protein	
Ag00001aa029719_T002	172.72144352	7.79361714169	12	17366	0.712985302246	0.101685140184	0.000180027034015	Calmodulin binding protein1	
Ag00001aa029877_T001	639.075594139	57.3943111311	94	49217	0.975373517895	0.244790564881	0.000214042644939	glycerophosphodiester phosphodiesterase	
Ag00001aa029945_T001	728.039820704	62.4887927752	96	38735	0.881215928282	0.0	0.0	Glucose-6-phosphate 1-dehydrogenase	
Ag00001aa030359_T001	741.888827998	39.2986134976	58	20169	1.06667022729	0.3394490129	0.000335962734248	Aquaporin	
Ag00001aa030359_T001	851.535513192	4.01732579466	6	160	0.950177849535	0.0369116220392	2.42288657158e-05	Plasma membrane intrinsic protein 1	
Ag00001aa030359_T001	3.18252602017	0.659178262354	1	260692	0.597537305783	0.0118194247959	1.16452927337e-08	Transmembrane protein	
Ag00001aa031593_T001	675.958704659	0.533184116192	1	80	0.860777508532	0.00074342654934	5.29883499172e-07	DUF6817 domain-containing protein (Fragment)	
Ag00001aa031593_T001	266.937882217	1.01145611417	2	1846	0.762908034497	0.124778891039	3.46795197669e-06	Tetratricopeptide-like helical domain superfamily	
Ag00001aa031593_T001	59.0912682789	1.08989046031	2	43699	0.71004353512	0.181900036399	4.25844517826e-07	E3 ubiquitin-protein ligase	
Ag00001aa031593_T001	85.3234762656	0.526084410448	1	4887	0.670713440302	0.0878944041074	7.80931925884e-07	Tetratricopeptide repeat protein 38	
Ag00001aa031817_T001	634.770936086	58.845876451	96	50375	1.10077573125	0.484630573025	0.000657655669259	chitinase	
Ag00001aa031817_T001	12.0995141084	0.626906321251	1	15525	0.596234401079	0.00263130675825	1.42672382922e-07	GH18 domain-containing protein	
Ag00001aa032609_T004	2554.88505937	58.2975455228	90	2773	1.95744158822	0.651862957048	9.86161507188e-06	Delta-1-pyrroline-5-carboxylate synthase	
Ag00001aa032609_T004	147.713771944	3.80976480957	6	3541	0.653336036673	0.00801986362278	8.76891613053e-09	Glutamate-5-semialdehyde dehydrogenase	
Ag00001aa033409_T001	3.08405982326e-13	0.61592345512	1	119	0.722409619261	0.249829351536	3.14736135658e-06	Golgin subfamily A member 2-like	
Ag00001aa040662_T001	472.351772657	64.3467571973	99	94034	0.862570647021	0.157791580207	2.00224288915e-05	Glutamine synthetase	
Ag00001aa040662_T001	25.567132785	0.636748618179	1	3135	0.601446479021	0.00230118092758	7.83871478205e-10	Glutamate--ammonia ligase	
Ag00001aa041516_T001	1340.01969736	1.66005433189	3	358	1.28496057887	0.2999100018	1.99483521694e-05	Low-temperature-induced 65 kDa protein	
Ag00001aa042406_T001	2365.03734069	1.79097481106	3	20	1.55098643908	0.0282478706232	6.56852441835e-06	Peptidase, trypsin-like serine and cysteine proteases	
Ag00001aa042406_T001	183.587566781	7.53399301547	12	58708	0.743061843276	0.150239079013	5.23432115573e-06	Peptidase S1 domain-containing protein	
Ag00001aa042406_T001	13.5473771742	0.584574371775	1	64298	0.625856033299	0.0574284539557	9.16525611075e-08	Serine protease	
Ag00001aa044213_T001	1383.16338697	36.5766598618	61	6706	1.6315545211	0.921298494285	4.82171831241e-05	Subtilisin-like protease	
Ag00001aa044213_T001	26.6726672922	0.576816214525	1	4473	0.607669815171	0.013208949974	2.38389972279e-07	Subtilisin	
Ag00001aa044676_T001	2716.3625271	6.55608563992	11	39	1.70570005319	0.0550092767458	6.28353459318e-06	Xylanase inhibitor protein 1	
Ag00001aa044676_T001	885.273990264	45.8248384408	77	17937	1.12226204201	0.336083741014	0.00140315827458	GH18 domain-containing protein	
Ag00001aa044676_T001	14.8006918418	1.23226013387	2	45563	0.598411777554	0.00470094062178	1.14406261202e-07	Chitinase	
Ag00001aa046278_T001	283.797047012	12.3766585419	20	53151	1.1852984203	0.90901496926	8.33893658989e-05	Peroxidase	
Ag00001aa047169_T001	832.387612029	26.8555049844	40	11769	0.955921269208	0.0622000811054	9.07050438889e-06	Heat shock protein 70	
Ag00001aa047169_T001	743.243208416	1.34449180489	2	37	0.89038124298	0.00581866888445	3.25525349302e-06	Putative mediator of RNA polymerase II transcription subunit 37c	
Ag00001aa047463_T001	1827.72423471	43.8192402621	72	4445	1.78033287993	0.866495874034	1.86404888268e-05	protein-disulfide reductase	
Ag00001aa047463_T001	0	1.31842703368	2	1	0.603049297183	0.0246208952874	1.11340444032e-05	Probable nucleoredoxin 2	
Ag00001aa047794_T002	1190.04806242	62.9718523007	100	15088	1.21324563111	0.27777651845	0.000242568342083	Malic enzyme	
Ag00001aa048771_T001	758.743565199	7.90041777048	13	648	0.900309175057	0.0128522782092	2.07630685524e-06	Aspartic proteinase-like protein 2	
Ag00001aa048771_T001	525.259179219	45.6742070636	74	45179	0.886492885223	0.162996634085	4.98735216021e-05	Peptidase A1 domain-containing protein	
Ag00001aa048771_T001	512.026577832	0.662297044632	1	7	0.801445147969	0.0125178200358	3.61086637448e-06	Aspartic proteinase nepenthesin	
Ag00001aa048771_T001	286.066228902	3.7664855259	6	1036	0.707971357493	0.00668841870565	2.00887695759e-07	Eukaryotic aspartyl protease family protein	
Ag00001aa050176_T001	1742.82705922	3.74939840124	6	29	1.29692298756	0.0184757404877	1.07081632446e-06	NADP-dependent oxidoreductase P2	
Ag00001aa050176_T001	461.440444306	47.7903667528	78	67182	0.882410422083	0.20346017995	1.74493543053e-05	Enoyl reductase (ER) domain-containing protein	
Ag00001aa050176_T001	509.193148557	0.643267707435	1	10	0.79421976359	0.00102359272111	1.25287059065e-09	Putative alcohol dehydrogenase superfamily protein	
Ag00001aa050176_T001	216.093974754	2.9707752691	5	1184	0.690909162586	0.0273048529947	2.98551168859e-08	Zinc-binding dehydrogenase family protein	
Ag00001aa050176_T001	200.996285177	0.600896910076	1	56	0.677900765723	0.0141551739391	4.73222155343e-07	NADP-dependent alkenal double bond reductase P1	
Ag00001aa051029_T001	485.932062244	11.5755858387	21	18165	0.986404367973	0.381186616612	0.000131813529278	Aquaporin	
Ag00001aa051029_T001	0	0.545040756535	1	1	0.593855448929	0.00726756508966	0.000181971551966	Plasma membrane intrinsic protein PIP21 (Fragment)	
Ag00001aa051743_T001	907.82763151	62.2011713599	96	24924	0.985281713333	0.060661282338	9.05449072667e-06	Pyruvate dehydrogenase E1 component subunit alpha	
Ag00001aa052871_T001	2416.04271944	1.94702086086	3	82	1.60821059339	0.0977235618449	8.9156600506e-07	23.2 kDa heat shock protein-like	
Ag00001aa052871_T001	42.04340151	0.658360152935	1	30930	0.652886238744	0.0869223124068	2.62819557968e-06	SHSP domain-containing protein	
Ag00001aa053073_T001	2174.19840547	62.2655966136	95	4302	1.57639230614	0.220202869454	0.000271156968554	Sucrose synthase	
Ag00001aa053088_T001	938.414231365	2.48757277088	4	41	1.01042909545	0.0850252866971	4.75288168564e-08	ATP-dependent 6-phosphofructokinase 2	PFK
Ag00001aa053088_T001	708.176225794	56.1873169738	90	36723	0.887759393399	0.0273373899888	4.31934356178e-06	ATP-dependent 6-phosphofructokinase	PFK
Ag00001aa054630_T002	2875.64382646	35.669399737	58	1419	2.17571996934	0.820950483133	0.0179341348481	Anamorsin homolog	
Ag00001aa054630_T002	86.0851147831	0.617224432039	1	474	0.631467281568	0.0132699753608	7.43568402062e-06	Fe-S cluster assembly protein DRE2	
Ag00001aa054630_T002	14.1230906834	1.25471537214	2	71374	0.610239628357	0.0275290390707	6.87955282154e-08	Methyltransferase type 11 domain-containing protein	
Ag00001aa055266_T001	1414.0409271	3.19645794333	5	59	1.19963047828	0.0829645573483	0.00214460228592	Gibberellin receptor GID1L2	
Ag00001aa055266_T001	417.128981278	23.8578026835	39	37761	1.00993065183	0.477507487552	4.54569668945e-06	Alpha/beta hydrolase fold-3 domain-containing protein	
Ag00001aa055266_T001	814.963872705	1.26910815094	2	28	0.933308826236	0.0326825206876	7.70594618456e-05	Tuliposide A-converting enzyme 1, chloroplastic	
Ag00001aa055266_T001	567.412799475	1.80624158991	3	117	0.840766911191	0.0449090174094	6.08690963893e-07	Putative carboxylesterase 2	
Ag00001aa055541_T001	2056.56622437	56.0082670302	99	4993	1.66611400715	0.478248290605	0.000796169045033	GrpE protein homolog	
Ag00001aa055549_T001	2236.06992835	14.1988012565	24	694	1.54071206961	0.10618659069	0.000260260151415	Sister chromatid cohesion protein PDS5 B-B	LOC103653756
Ag00001aa055549_T001	263.205968051	6.64363500429	12	10963	0.707392598786	0.022849126279	8.73187208527e-06	Tudor domain-containing protein	LOC103653756
Ag00001aa055549_T001	139.902696936	0.468497734514	1	193	0.646564115073	0.00113780433269	1.0344635922e-10	Binding	LOC103653756
Ag00001aa055898_T001	1159.32714225	8.04181364047	13	2066	1.48433633453	0.812359681542	0.00274232039991	Dehydrin	
Ag00001aa056960_T001	710.029514562	34.4349299929	52	20164	1.048675832	0.329543896518	0.000288051258931	Aquaporin	
Ag00001aa056960_T001	759.377419022	3.29066985164	5	161	0.925921710311	0.0606983952377	2.96613303606e-05	Plasma membrane intrinsic protein 1	
Ag00001aa061390_T001	710.045702045	34.4718488437	52	20164	1.04716121213	0.326674000863	0.000285542709313	Aquaporin	
Ag00001aa061390_T001	759.176644081	3.29325185856	5	161	0.92226746714	0.0539552494202	2.63657430763e-05	Plasma membrane intrinsic protein 1	
Ag00001aa062385_T001	1263.95490529	5.98141204831	9	160	1.12282915193	0.0514086082052	3.13733462957e-05	Plasma membrane intrinsic protein 1	
Ag00001aa062385_T001	702.585846411	37.8045774029	56	20683	1.01990070098	0.28086979047	0.000268673458969	Aquaporin	
Ag00001aa062385_T001	3.1578727347	0.656911288013	1	260692	0.597036136957	0.0108924295249	1.07319546077e-08	Transmembrane protein	
Ag00001aa064445_T001	1.87986533895e-10	0.505183750465	1	2938	0.59	0.0	0.0	Phospholipid-binding protein	
Ag00001aa064448_T001	1690.68143606	64.3817344843	100	7474	1.35657007854	0.170371541196	2.9363976582e-05	pyruvate decarboxylase	
Ag00001aa064944_T001	7025.18415578	9.42167420191	16	69	3.47485054221	0.141087023383	3.78750980369e-05	Late embryogenesis abundant protein 3	LEA3
Ag00001aa065968_T001	1101.79705921	60.2856587452	98	17233	1.17911845903	0.279997177038	5.65757292542e-05	tryptophan synthase	
Ag00001aa067474_T001	271.198350502	52.275624878	90	256043	0.813040346884	0.21615157442	3.36120123785e-05	Thioredoxin domain-containing protein	
Ag00001aa067474_T001	155.70538438	1.1074782197	2	349	0.656680976909	0.00829966579235	1.43445293593e-08	Thioredoxin-like superfamily	
Ag00001aa068063_T001	5904.2414456	38.5446521281	62	363	3.05871266308	0.20189916248	0.000476436218762	Argonaute 4	
Ag00001aa068063_T001	55.7496387983	1.87653877925	3	9632	0.614192909527	0.00357177310904	7.12976201151e-07	Piwi domain-containing protein	
Ag00001aa069057_T001	1.87986533895e-10	0.502940139448	1	2938	0.59	0.0	0.0	Phospholipid-binding protein	
Ag00001aa069574_T002	7629.45401354	7.38343486118	12	44	3.7255903334	0.158128530966	3.03284742901e-05	Late embryogenesis abundant protein 3	LEA3
Ag00001aa071072_T001	440.826136328	65.8080570009	98	105846	0.835778886463	0.131034347095	1.13985414177e-05	Alcohol dehydrogenase 1	ADH1
Ag00001aa071072_T001	11.2924481004	1.29681534009	2	60858	0.598028258336	0.00662505421336	1.8113303036e-08	Enoyl reductase (ER) domain-containing protein	ADH1
Ag00001aa071693_T001	2208.79411441	19.9978664085	36	671	1.64431797468	0.3222646882	2.20872610179e-06	Actin-depolymerizing factor 2	
Ag00001aa071693_T001	700.952380997	24.1666025257	43	9729	0.870380952399	0.0	0.0	ADF-H domain-containing protein	
Ag00001aa071693_T001	503.700393153	2.62313862296	5	222	0.838587950681	0.0888824332433	5.19002926471e-06	Actin depolymerizing factor 1	
Ag00001aa072751_T001	1978.20503081	62.9378065216	95	5198	1.50835794355	0.239754768381	0.000295199349487	Sucrose synthase	
Ag00001aa077312_T002	1559.75379397	33.9174500625	64	5354	1.41174429243	0.373287482381	2.04590482226e-05	Subtilisin-like protease	
Ag00001aa077312_T002	189.893998304	0.597249318574	1	112	0.666793632862	0.00157742158208	5.09063143882e-09	Subtilisin-like serine endopeptidase family protein	
Ag00001aa077312_T002	53.3549437394	1.07581499877	2	4597	0.613471561172	0.00401805860549	6.30751420991e-07	Inhibitor I9 domain-containing protein	
Ag00001aa078823_T001	2696.31921727	17.7768669739	28	260	1.70283511895	0.0647308692123	3.56773997981e-06	Class I heat shock protein 1	
Ag00001aa078823_T001	515.381264263	37.0662815821	59	30930	0.875305693619	0.149335584569	0.00026640460465	SHSP domain-containing protein	
Ag00001aa078823_T001	326.510667469	1.22360332779	2	84	0.725421132785	0.00908841503271	2.91482201177e-07	Hsp20/alpha crystallin family	
Ag00001aa078823_T001	45.1289211701	0.665137213362	1	1298	0.619583342834	0.0217580632985	4.08862225473e-08	Small heat-shock protein	
Ag00001aa083729_T005	638.727829906	54.3356868676	94	49217	0.961354841557	0.218603559803	0.000191144965722	glycerophosphodiester phosphodiesterase	
Ag00001aa086826_T001	1978.17794307	63.3600648817	95	5198	1.50768805517	0.238511329382	0.000293668260869	Sucrose synthase	
Ag00001aa088228_T002	1326.04503863	61.1702886623	98	11882	1.26046862724	0.264226500729	0.000528320273552	Starch synthase, chloroplastic/amyloplastic	
Ag00001aa088349_T001	190.365848885	8.50741972844	14	77036	0.875064522765	0.394183751501	3.97457707214e-05	Fe2OG dioxygenase domain-containing protein	
Ag00001aa088349_T001	107.956059814	0.604822059505	1	1211	0.650664425065	0.0329849050304	7.36502339888e-08	2-oxoglutarate (2OG) and Fe(II)-dependent oxygenase superfamily protein	
Ag00001aa089354_T001	1.48357531247e-12	0.636362918577	1	261	0.766501183598	0.333021077283	6.31914201534e-07	Calcium ion binding protein	
Ag00001aa089959_T001	2026.14276197	4.81538766543	8	36	1.44835107319	0.0903532184135	0.000338132361482	NSP (Nuclear shuttle protein)-interacting GTPase	
Ag00001aa089959_T001	1016.2385937	44.7921010749	75	12381	0.99649543748	0.0	0.0	Arf-GAP domain-containing protein	
Ag00001aa089959_T001	487.569193462	1.84234773465	3	91	0.799508671533	0.0273203889955	5.93990202223e-05	Putative ADP-ribosylation factor GTPase-activating protein AGD14	
Ag00001aa089959_T001	409.01202236	3.80998844535	6	553	0.775902880159	0.0420717332057	2.63077673569e-06	Putative ARF GTPase-activating domain family protein isoform 1	
Ag00001aa089959_T001	36.1461986188	0.577584232515	1	1625	0.641821361806	0.0704960024839	5.20914248839e-08	ADP-ribosylation factor GTPase-activating protein	
Ag00001aa090087_T003	1216.28180956	13.8956743511	22	1562	1.22219759668	0.274876921397	5.22584666008e-06	NAD(P)-binding Rossmann-fold superfamily protein	
Ag00001aa090087_T003	945.816313499	1.28238706222	2	22	0.972091893601	0.00710419113889	7.34487720877e-06	Protein HIGH CHLOROPHYLL FLUORESCENCE PHENOTYPE 173, chloroplastic	
Ag00001aa090087_T003	307.588935545	3.0789418911	5	1199	0.71798819713	0.0093445632852	2.18533808763e-07	Complex I intermediate-associated protein 30	
Ag00001aa090087_T003	154.570034459	9.52252340225	15	45373	0.651828013784	0.0	0.0	NAD(P)-binding domain-containing protein	
Ag00001aa090087_T003	16.413372656	0.580318638579	1	14860	0.606335545973	0.0184343336665	3.35934901655e-09	Putative dehydrogenase	
Ag00001aa090489_T002	835.391778092	38.3165165559	63	15318	1.04129555007	0.221011516854	0.000136744909721	GDSL esterase/lipase	
Ag00001aa090489_T002	92.5940024754	8.73634237276	14	64632	0.681090260295	0.10198595702	5.10419187026e-06	Esterase	
Ag00001aa090489_T002	10.0026099944	0.719711281735	1	36851	0.600929522414	0.0130725919279	2.34708031866e-07	Lipase	
Ag00001aa090528_T001	570.333781628	55.2922975247	94	61766	0.891921243141	0.139219870672	5.99516802957e-05	Peroxidase	
Ag00001aa092719_T001	1070.45278133	45.7620453033	74	11100	1.23036042325	0.400250350974	0.00233123517625	MSP domain-containing protein	
Ag00001aa092719_T001	1218.3863304	7.90984878901	13	256	1.07735453216	0.0	0.0	Vesicle-associated protein 4-2	
Ag00001aa092719_T001	451.114954979	0.578827179131	1	2	0.771864112529	0.00267571794785	1.25267924541e-09	PapD-like superfamily protein isoform 1	
Ag00001aa092719_T001	260.620929428	0.668814758614	1	40	0.701370823178	0.0134385834152	1.0983374587e-07	Structural molecule	
Ag00001aa092719_T001	53.4725629614	0.641656479451	1	874	0.613319867334	0.00364309832752	1.81229753049e-09	Vesicle-associated membrane protein-associated protein A	
Ag00001aa092719_T001	22.980218238	0.581753656217	1	3879	0.602008897641	0.00531473388215	6.9399340211e-08	Major sperm protein	
Ag00001aa092719_T001	0	0.733715395318	1	1	0.599693943395	0.0182804259692	0.000265881579395	27k vesicle-associated membrane protein-associated protein-like	
Ag00001aa092812_T001	500.319540443	35.955454371	63	50637	1.11109381253	0.605575880467	0.000538985426859	chitinase	
Ag00001aa092812_T001	288.352918597	0.560087565401	1	37	0.708490380805	0.00594186029805	1.37038840042e-06	Basic endochitinase	
Ag00001aa092812_T001	90.4419610744	1.67112978711	3	3346	0.633838954765	0.0144569186902	1.71490191923e-07	Glycoside hydrolase family 19 catalytic domain-containing protein	
Ag00001aa096557_T001	291.847554097	33.5539225555	58	143543	0.991749917964	0.537754154833	5.97131755398e-05	Glutathione S-transferase	
Ag00001aa096557_T001	17.9766888598	0.477105504413	1	7616	0.599059531997	0.00352614048278	9.98425824045e-08	GST C-terminal domain-containing protein	
Ag00001aa097918_T001	1245.26824647	19.6227380599	31	1494	1.1189137097	0.0581251678981	3.60619595078e-06	Class I heat shock protein 1	
Ag00001aa097918_T001	497.467808776	35.6727983277	57	30930	0.857973599259	0.130154697018	0.000224316443324	SHSP domain-containing protein	
Ag00001aa097918_T001	163.982454222	0.612726742093	1	84	0.65785865828	0.00427485890663	6.85512974124e-08	Hsp20/alpha crystallin family	
Ag00001aa097918_T001	44.2830094086	0.650752795247	1	1298	0.620918693895	0.0249160169082	5.85255336333e-08	Small heat-shock protein	
Ag00001aa097924_T001	2767.56489252	18.7845402644	30	284	1.74123164226	0.0834067667213	4.94469615747e-06	Class I heat shock protein 1	
Ag00001aa097924_T001	497.284384615	35.2293834939	57	30930	0.895881390109	0.201812603665	0.00034781599519	SHSP domain-containing protein	
Ag00001aa097924_T001	327.341020091	1.20834243021	2	84	0.725556572316	0.00871728054424	2.79579234902e-07	Hsp20/alpha crystallin family	
Ag00001aa097924_T001	45.2849326856	0.657439174146	1	1298	0.619332148588	0.0211663673922	3.97743492075e-08	Small heat-shock protein	
Ag00001aa098377_T001	628.226880795	21.3222761235	35	6895	0.962206070931	0.228030588678	0.00295533069829	Clavaminate synthase-like protein	
Ag00001aa098377_T001	572.515268992	33.4226074724	54	20397	0.819006107597	0.0	0.0	TauD/TfdA-like domain-containing protein	
Ag00001aa098377_T001	416.587707797	0.5898182197	1	12	0.756635083119	0.0	0.0	Putative TauD/TfdA-like domain-containing protein	
Ag00001aa098377_T001	101.726395628	1.17985887019	2	805	0.646476636566	0.0297850087809	1.18305693056e-06	Taurine catabolism dioxygenase TauD/TfdA	
Ag00001aa098377_T001	56.1052052914	0.568372425029	1	614	0.620195056209	0.0146282396895	3.52861821919e-07	TauD domain-containing protein	
Ag00001aa098377_T001	41.3427394648	0.588344768329	1	1211	0.614364169455	0.0147680622826	3.29748180772e-08	2-oxoglutarate (2OG) and Fe(II)-dependent oxygenase superfamily protein	
Ag00001aa098377_T001	9.87192369741	0.581757886266	1	20397	0.596530621627	0.0048714191434	1.06597486723e-10	TauD/TfdA-like domain containing protein	
Ag00001aa099111_T001	817.422707039	20.0165439662	35	8944	1.17235226882	0.481837800547	0.000457585755505	X8 domain-containing protein	
Ag00001aa099111_T001	1221.76446033	1.09582566151	2	12	1.09757614293	0.0356044390644	3.04548799163e-07	O-Glycosyl hydrolase family 17 protein	
Ag00001aa099111_T001	808.304948286	1.22033450266	2	34	0.938654970924	0.0477977035083	1.04375232654e-05	Hydrolase, hydrolyzing O-glycosyl compounds	
Ag00001aa099111_T001	761.161679885	2.7940952971	5	201	0.929433421632	0.0659787078827	1.72501193334e-06	Glucan endo-1,3-beta-glucosidase 13	
Ag00001aa099855_T001	12218.847775	28.3725166964	57	59	5.94574502456	0.852334123998	0.823441441829	Preproricin (Fragment)	
Ag00001aa099855_T001	1658.59142366	8.91306256157	18	316	1.25343656946	0.0	0.0	Ribosome-inactivating protein	
Ag00001aa099855_T001	915.750162695	0.998139400452	2	13	0.961529268527	0.00986640151858	5.321849303e-07	Ricin homolog, truncated (Fragment)	
Ag00001aa099855_T001	0	0.495158320322	1	1	0.598118053653	0.0152978396457	0.000509932044498	Proricin A chain (Fragment)	
Ag00001aa099855_T001	0	0.524352973483	1	1	0.597981825371	0.0150411280846	0.000501374323867	Type II ribosome-inactivating protein cinnamomin (Fragment)	
Ag00001aa100594_T001	1006.865135	2.50321657266	4	121	1.03745470672	0.0843559154539	8.76394101223e-07	Heat shock protein, mitochondrial	
Ag00001aa100594_T001	371.768634844	15.2794612917	25	33061	1.01188453309	0.515413749221	0.000389603112222	SHSP domain-containing protein	
Ag00001aa101082_T002	838.163695115	6.5429046205	11	380	1.06277894205	0.259459344673	5.66180780948e-07	Apoptosis-inducing factor 2	
Ag00001aa101082_T002	473.922271994	1.24448300785	2	43	0.859836133434	0.151447584078	2.53753237413e-07	Apoptosis-inducing factor A	
Ag00001aa101082_T002	497.782728792	43.9025786512	71	48491	0.789113091517	0.0	0.0	FAD/NAD(P)-binding domain-containing protein	
Ag00001aa101082_T002	424.941548179	0.589475647464	1	12	0.776162051628	0.0305385510839	1.40781758117e-08	NADH dehydrogenase C1, chloroplastic/mitochondrial	
Ag00001aa101082_T002	318.095938775	0.583734792624	1	21	0.729543598817	0.0232173779588	6.4943774121e-07	External alternative nad(P)h-ubiquinone oxidoreductase b2, mitochondrial	
Ag00001aa101082_T002	147.263132497	1.22579858373	2	432	0.660928015851	0.022684457035	3.11798427805e-08	Disulfide oxidoreductase/ electron carrier/ oxidoreductase	
Ag00001aa101082_T002	21.0074830534	1.75245335533	3	42854	0.639890249131	0.0782778411624	4.69276351621e-09	FAD/NAD(P)-binding domain	
Ag00001aa101737_T001	198.772785893	22.3661989685	36	194308	0.669509114357	0.0	0.0	EF-hand domain-containing protein	
Ag00001aa102013_T002	1483.16458	6.1807684115	10	105	1.18967556098	0.0120938178665	2.75403418717e-07	Quinone-oxidoreductase homolog, chloroplastic	
Ag00001aa102013_T002	480.646331755	49.303106552	79	63594	0.857926664905	0.142769480906	1.53661403636e-05	Enoyl reductase (ER) domain-containing protein	
Ag00001aa102013_T002	201.210906737	1.27565416448	2	243	0.674782881759	0.00811040627223	1.87011935197e-07	Chloroplast envelope quinone oxidoreductase	
Ag00001aa102138_T001	983.911884972	13.5312110065	21	4228	1.02144590537	0.0714738235955	1.24369668664e-06	Alanine-glyoxylate aminotransferase	
Ag00001aa102138_T001	971.231758521	0.649577822263	1	2	0.990254050993	0.022156384774	0.000923182698919	Alanine--glyoxylate aminotransferase1	
Ag00001aa102138_T001	68.9316381125	0.652941008444	1	2005	0.619123333784	0.00292580786299	1.85880057114e-08	Alanine--glyoxylate transaminase	
Ag00001aa102742_T001	2403.4974384	7.64909811579	12	156	1.61400333306	0.118121005938	1.12278599917e-05	Small heat shock protein 26	
Ag00001aa102742_T001	289.606718165	13.4197711083	21	33061	0.878909821343	0.326533938422	0.00020733567281	SHSP domain-containing protein	
Ag00001aa102742_T001	70.8350734467	0.650392864252	1	1298	0.66969030497	0.0968986211667	3.18648881409e-07	Small heat-shock protein	
Ag00001aa104120_T004	872.580500278	64.0723381834	99	27839	1.05470426586	0.21824315456	0.000159691536228	Pyruvate, phosphate dikinase	
Ag00001aa104490_T001	387.445171267	39.2498902352	63	59346	0.811622242469	0.12574364573	2.08624104787e-06	NADP-dependent oxidoreductase domain-containing protein	
Ag00001aa104490_T001	175.694444662	0.588896522731	1	65	0.678194905517	0.0338058911593	2.66880536647e-07	Putative aldehyde reductase	
Ag00001aa104490_T001	119.677774224	19.3816958726	31	151205	0.654407738639	0.0312008094253	9.99769563878e-06	Aldo/keto reductase	
Ag00001aa106444_T001	941.393783976	2.29281270885	4	180	0.987568780919	0.0396437522865	3.93084718935e-06	Late embryogenesis abundant	
Ag00001aa106444_T001	535.566722816	9.26568297381	15	9082	0.910227175182	0.199999382718	4.06607492547e-05	SMP domain-containing protein	
Ag00001aa106500_T001	2903.32705689	10.4327293548	17	432	1.80439085377	0.100113249164	4.47960385416e-07	12-oxophytodienoate reductase 1	
Ag00001aa107539_T001	968.90202837	4.84284167284	8	1817	1.12372008672	0.275771997438	5.83675321313e-06	rRNA N-glycosylase	
Ag00001aa108211_T001	603.274568037	56.0249142969	98	57364	1.20609300152	0.707126070498	0.00031784707022	Peroxidase	
Ag00001aa108923_T001	564.260515514	54.9959298348	92	61766	0.902609881954	0.163970363937	6.91431082577e-05	Peroxidase	
Ag00001aa110604_T001	275.597857079	52.9909060883	92	256042	0.818070682664	0.222322327213	3.53204763328e-05	Thioredoxin domain-containing protein	
Ag00001aa110604_T001	79.0121082996	0.560632623294	1	349	0.622738330154	0.00213865433341	1.84814609663e-09	Thioredoxin-like superfamily	
Ag00001aa111933_T001	4714.31426908	3.59352869763	7	50	2.52015115506	0.0838153346741	0.000166002538392	Late embryogenesis abundant protein 3	LEA3
Ag00001aa111933_T001	3289.43648671	1.12134456649	2	3	1.94472625216	0.073492883334	2.14653736951e-05	ABA inducible protein	LEA3
Ag00001aa116892_T001	1282.45483457	8.46033649945	14	1817	1.41209095889	0.583223760417	2.16020229797e-05	rRNA N-glycosylase	
Ag00001aa118595_T001	1032.95342316	16.2253706317	28	1905	1.0687009907	0.123621644829	7.48396252793e-06	Small heat shock protein HSP	
Ag00001aa118595_T001	440.100522685	27.8595125947	47	30930	0.887434747735	0.229034017098	0.000325479962617	SHSP domain-containing protein	
Ag00001aa118595_T001	369.426548534	1.21851636193	2	84	0.743722812063	0.0112305385769	3.60184046724e-07	Hsp20/alpha crystallin family	
Ag00001aa118595_T001	356.196359281	1.74828824018	3	186	0.740871993284	0.0158366970361	7.14246726349e-09	Alpha crystallin/Hsp20 domain	
Ag00001aa118606_T001	1532.54836024	3.14323940336	5	41	1.5796059137	0.708966963818	0.0417039390481	Putative calcium-binding protein CML16	
Ag00001aa118606_T001	321.858205324	0.618572390847	1	36	0.794181499345	0.142298708109	0.000995095860901	Putative calcium-binding protein CML27	
Ag00001aa118606_T001	244.067403488	32.1937871986	54	169413	0.687626961395	0.0	0.0	EF-hand domain-containing protein	
Ag00001aa118606_T001	0	0.618477416231	1	1	0.668576565128	0.148257615484	1.44606306251e-06	Calmodulin protein 2, touch-induced	
Ag00001aa120298_T001	748.103438301	38.4278647841	63	17937	1.03303172023	0.271267570358	0.000926631075884	GH18 domain-containing protein	
Ag00001aa120298_T001	157.280993828	12.9697427276	21	46164	0.671535993436	0.0351385444604	8.36706242953e-06	Chitinase 2	
Ag00001aa120445_T001	1560.8039385	1.6145953893	3	30	1.26220982676	0.090355104032	2.31139327e-06	Xylanase inhibitor protein 1	
Ag00001aa120445_T001	505.956816167	11.9070315717	21	15525	1.16112995561	0.695719595497	0.000792176517129	GH18 domain-containing protein	
Ag00001aa121107_T001	1660.1237098	2.87793194364	5	388	1.47485281969	0.416608324698	4.61841303941e-05	Low-temperature-induced 65 kDa protein	
Ag00001aa122642_T001	7.94502850141e-13	0.584056124001	1	191	0.59	0.0	0.0	Subtilisin-chymotrypsin inhibitor-2A	
Ag00001aa122903_T001	689.16376102	67.1547614096	100	45022	1.06141887273	0.369345743717	6.20762341828e-06	S-adenosylmethionine synthase	SAMS
Ag00001aa123881_T001	1327.5991733	42.8284626582	72	8508	1.40222219373	0.53053183005	3.27240349947e-05	Subtilisin-like protease	
Ag00001aa123881_T001	299.076142293	0.563284781977	1	29	0.714979839097	0.0100930684107	2.79608726507e-06	Xylem serine proteinase 1, putative	
Ag00001aa123881_T001	24.6211460194	0.576816214525	1	4473	0.605462425718	0.0105923839369	1.91167209965e-07	Subtilisin	
Ag00001aa123912_T001	521.808478134	1.15483836364	2	390	0.864364892504	0.123851848754	1.07056365322e-06	Polyamine oxidase	
Ag00001aa123912_T001	180.976188987	3.48247298726	6	29477	0.70023181286	0.0713986949976	1.44584608885e-06	Amine oxidase domain-containing protein	
Ag00001aa123995_T001	2189.51937624	1.95212817967	3	82	1.51423827737	0.0913783211287	8.33561815279e-07	23.2 kDa heat shock protein-like	
Ag00001aa123995_T001	73.2787407386	1.26925289399	2	30930	0.696596824075	0.14582104041	8.81813203578e-06	SHSP domain-containing protein	
Ag00001aa124402_T001	645.55545748	63.9688010871	99	50375	1.09075836999	0.457591282346	0.000640367767159	chitinase	CHIA
Ag00001aa124402_T001	186.618244507	0.648690344064	1	62	0.665978260552	0.00251122896453	5.69910580195e-07	Endochitinase A	CHIA
Ag00001aa126910_T003	1971.18154343	3.81326838002	6	23	1.38468205311	0.0117158999071	4.39493501816e-07	NADP-dependent oxidoreductase P1, putative, expressed	
Ag00001aa126910_T003	472.164000555	49.3620308071	80	67145	0.86056369173	0.154146785885	1.47494165204e-05	Enoyl reductase (ER) domain-containing protein	
Ag00001aa126910_T003	508.729729946	0.648925785502	1	8	0.805828736576	0.023277056882	2.2252591168e-07	NADP-dependent oxidoreductase P2	
Ag00001aa126910_T003	506.714998337	0.646355843305	1	10	0.793016668677	0.000623904394932	6.43132156816e-10	Putative alcohol dehydrogenase superfamily protein	
Ag00001aa126910_T003	130.613431522	1.81318931619	3	1184	0.647337974383	0.0096086823288	7.00408663864e-09	Zinc-binding dehydrogenase family protein	
Ag00001aa127536_T001	485.302303677	60.0488868705	96	87124	0.928260296849	0.271952471743	0.000228267734125	transketolase	
Ag00001aa129885_T002	941.393783976	2.29281270885	4	180	1.00070031587	0.064420140615	6.3875318069e-06	Late embryogenesis abundant	
Ag00001aa129885_T002	535.566722816	9.26568297381	15	9082	0.910228156947	0.20000123509	4.06611258502e-05	SMP domain-containing protein	
Ag00001aa135121_T001	248.810027009	24.8062180455	42	143837	1.09053519287	0.75662246148	6.38738961864e-05	Glutathione S-transferase	
Ag00001aa137998_T002	1650.03272867	61.0657629812	97	7619	1.37924858215	0.243836468573	0.000108116884738	L-ascorbate peroxidase	
Ag00001aa138044_T002	1.30132727756e-11	0.635123120218	1	773	0.648725227986	0.11080203987	7.34274618092e-06	Dirigent protein (Fragment)	
Ag00001aa138047_T001	1.30132727756e-11	0.628929493227	1	773	0.665499315989	0.142451183372	9.44010492856e-06	Dirigent protein (Fragment)	
Ag00001aa139153_T001	4740.24645699	41.4188430629	74	700	2.58524437917	0.186868196699	0.00528260618014	Protein TIME FOR COFFEE	
Ag00001aa141013_T001	1189.86973447	63.4419227724	100	15096	1.19857300149	0.250227806929	0.000218501258183	Malic enzyme	
Ag00001aa141498_T001	1668.8061011	57.8624457611	89	6685	1.30984877457	0.0987285323779	1.05984889427e-05	V-type proton ATPase subunit E	
Ag00001aa141498_T001	472.487980401	0.633615465045	1	3	0.803569199239	0.0463655961429	1.20561323196e-05	Vacuolar ATP synthase subunit E1, embryo defective 2448	
Ag00001aa141498_T001	502.885066397	0.674378364085	1	2	0.791559670067	0.00076440359254	2.54801880477e-05	DNA binding activity2	
Ag00001aa143736_T001	2698.73771815	17.771576491	28	260	1.70453863776	0.0661197690931	3.64397610862e-06	Class I heat shock protein 1	
Ag00001aa143736_T001	515.200736972	37.0090780035	59	30930	0.874964415562	0.148827944892	0.000265499009725	SHSP domain-containing protein	
Ag00001aa143736_T001	325.541758179	1.21851636193	2	84	0.725009298659	0.00904262186238	2.90013529903e-07	Hsp20/alpha crystallin family	
Ag00001aa143736_T001	45.1828744847	0.665137213362	1	1298	0.619656301055	0.0218550008299	4.10683807397e-08	Small heat-shock protein	
Ag00001aa146322_T001	99.3393782451	0.568278750109	1	1732	1.15765060705	0.996045867932	0.000527287383765	WIBG Mago-binding domain-containing protein	
Ag00001aa146322_T001	687.763722898	6.39947593315	11	4583	0.865105489159	0.0	0.0	Hyaluronan/mRNA-binding protein domain-containing protein	
Ag00001aa151368_T001	589.966868147	55.8950945508	94	57645	1.0227737562	0.37129021334	0.000159793369494	Peroxidase	
Ag00001aa153066_T001	1261.53524598	56.4335217642	92	12111	1.2265189267	0.248869219436	0.000207100378691	aminodeoxychorismate lyase	
Ag00001aa153066_T001	179.659870616	0.579654165426	1	63	0.662291677397	0.000807036063213	1.83780253093e-09	D-amino-acid transaminase, chloroplastic	
Ag00001aa153066_T001	86.7873998224	0.59874758354	1	288	0.627408113609	0.00508142186842	4.48220486449e-09	D-aminoacid aminotransferase-like PLP-dependent enzyme	
Ag00001aa154978_T001	1.30132727756e-11	0.540606300122	1	773	0.609554526808	0.0368952413363	2.44501267967e-06	Dirigent protein (Fragment)	
Ag00001aa155706_T001	584.844731985	58.8286947839	99	61919	0.918639445218	0.178679114828	8.10782948746e-05	Peroxidase	
Ag00001aa156538_T001	986.718186178	25.9740080942	39	3433	1.01282259993	0.053084982279	1.42425190778e-05	Heat shock protein 83	
Ag00001aa156538_T001	578.575196919	37.7819980876	57	21123	0.875250584912	0.101548009054	3.06726811596e-06	Histidine kinase/HSP90-like ATPase domain-containing protein	
Ag00001aa156538_T001	582.17685483	1.30774305431	2	25	0.827325122448	0.0084044889185	6.94769866532e-08	Molecular chaperone (HSP90 family)	
Ag00001aa157044_T001	696.745079679	14.2192568818	24	9082	1.02976389205	0.303894119104	9.88528057156e-05	SMP domain-containing protein	
Ag00001aa157044_T001	800.752978288	2.30057984895	4	180	0.94093684359	0.0578029012194	5.73140428669e-06	Late embryogenesis abundant	
