qpid	ontology	goid	desc	ARGOT_score	ARGOT_PPV	ARGOT_rank	goclasscount
Ag00001aa000654_T001	MF	0005484	SNAP receptor activity	10.8180080506	0.782273550829	1	99
Ag00001aa000654_T001	BP	0048278	vesicle docking	10.0042569334	0.763960437113	1	92
Ag00001aa000654_T001	CC	0031201	SNARE complex	9.67953408873	0.756445508416	1	92
Ag00001aa000654_T001	MF	0000149	SNARE binding	9.32006327157	0.747977866306	2	92
Ag00001aa000654_T001	CC	0012505	endomembrane system	4.46943307268	0.611667809792	2	92
Ag00001aa000654_T001	BP	0006906	vesicle fusion	9.38915377158	0.749617862681	4	92
Ag00001aa000654_T001	CC	0005886	plasma membrane	2.3546480808	0.527507404889	5	93
Ag00001aa000654_T001	BP	0006887	exocytosis	8.45012008657	0.726783190603	7	92
Ag00001aa000654_T001	MF	0008168	methyltransferase activity	0.0476360085608	0.33639087998	7	1
Ag00001aa000654_T001	BP	0006886	intracellular protein transport	6.78018259602	0.682783140168	12	99
Ag00001aa000654_T001	BP	0032259	methylation	0.0454687453971	0.335661579061	33	1
Ag00001aa001505_T001	MF	0015267	channel activity	6.15427157827	0.664909319501	1	94
Ag00001aa001505_T001	BP	0055085	transmembrane transport	2.72912257606	0.544571216356	1	94
Ag00001aa001505_T001	CC	0005886	plasma membrane	1.12092762961	0.458428858879	1	40
Ag00001aa001505_T001	CC	0032991	protein-containing complex	0.0366170443856	0.332484862992	4	1
Ag00001aa001505_T001	BP	0006833	water transport	1.6454534603	0.490955633798	5	12
Ag00001aa001505_T001	MF	0005372	water transmembrane transporter activity	1.69808110441	0.49391076039	6	12
Ag00001aa001505_T001	BP	0051290	protein heterotetramerization	0.236223556603	0.37527131636	8	1
Ag00001aa001505_T001	MF	0005515	protein binding	0.0619644051035	0.340844128588	8	1
Ag00001aa001505_T001	BP	0051289	protein homotetramerization	0.183437162066	0.366888528085	10	1
Ag00001aa004029_T001	MF	0051213	dioxygenase activity	7.4967342187	0.702259992205	1	4
Ag00001aa004423_T002	BP	0042744	hydrogen peroxide catabolic process	9.52996141025	0.752941628601	1	99
Ag00001aa004423_T002	MF	0140825	lactoperoxidase activity	8.73655977951	0.733877398396	1	68
Ag00001aa004423_T002	CC	0005576	extracellular region	5.2944771611	0.638801292674	1	98
Ag00001aa004423_T002	CC	0005840	ribosome	0.0303357512657	0.329989718412	2	1
Ag00001aa004423_T002	BP	0006979	response to oxidative stress	7.26346308851	0.69602580139	4	99
Ag00001aa004423_T002	BP	0098869	cellular oxidant detoxification	6.9955080331	0.688739810023	5	100
Ag00001aa004423_T002	MF	0020037	heme binding	5.39391170186	0.641924044467	5	99
Ag00001aa004423_T002	MF	0046872	metal ion binding	2.45289399194	0.532108140021	8	99
Ag00001aa004820_T001	CC	0048046	apoplast	11.0124273868	0.786545874832	1	7
Ag00001aa004820_T001	BP	0009699	phenylpropanoid biosynthetic process	10.972068043	0.785662108105	1	6
Ag00001aa004820_T001	BP	0009987	cellular process	0.379406750269	0.394137395379	7	6
Ag00001aa004824_T001	CC	0048046	apoplast	11.0122134483	0.786541194398	1	6
Ag00001aa004824_T001	BP	0009699	phenylpropanoid biosynthetic process	10.9448478269	0.78506513667	1	5
Ag00001aa004824_T001	BP	0009987	cellular process	0.378465493462	0.394026385448	7	5
Ag00001aa004825_T001	CC	0048046	apoplast	11.0123552854	0.786544297441	1	7
Ag00001aa004825_T001	BP	0009699	phenylpropanoid biosynthetic process	10.9603847519	0.785405970568	1	6
Ag00001aa004825_T001	BP	0009987	cellular process	0.379002749904	0.394089765277	7	6
Ag00001aa005889_T001	MF	0003872	6-phosphofructokinase activity	11.0486457791	0.787337587541	1	6
Ag00001aa005889_T001	BP	0061615	glycolytic process through fructose-6-phosphate	10.68842869	0.779404718334	1	6
Ag00001aa005889_T001	CC	0005737	cytoplasm	0.816886022288	0.435934296902	1	3
Ag00001aa005889_T001	BP	0006002	fructose 6-phosphate metabolic process	9.32747238396	0.748154026219	2	5
Ag00001aa005889_T001	MF	0046872	metal ion binding	2.47578175129	0.533166640221	7	6
Ag00001aa005889_T001	MF	0005524	ATP binding	1.62051639038	0.489538880864	11	3
Ag00001aa006944_T001	MF	0070577	lysine-acetylated histone binding	12.8899357732	0.826005123228	1	1
Ag00001aa006944_T001	CC	0008023	transcription elongation factor complex	10.2545997331	0.769671113464	1	1
Ag00001aa006944_T001	BP	0045893	positive regulation of DNA-templated transcription	6.97263803774	0.688111536935	1	1
Ag00001aa006944_T001	MF	0003682	chromatin binding	8.66022267536	0.73199828115	5	1
Ag00001aa007156_T002	CC	0005829	cytosol	2.63119598634	0.540228363956	1	2
Ag00001aa007156_T002	MF	0003676	nucleic acid binding	2.1579977906	0.518000618234	1	3
Ag00001aa007270_T001	MF	0046961	proton-transporting ATPase activity, rotational mechanism	9.15142378387	0.743949170395	1	91
Ag00001aa007270_T001	BP	1902600	proton transmembrane transport	4.76657790685	0.621707811691	1	91
Ag00001aa007270_T001	CC	0033176	proton-transporting V-type ATPase complex	1.03361895807	0.452320560349	1	8
Ag00001aa007270_T001	CC	0005774	vacuolar membrane	0.827762574115	0.436805077346	4	8
Ag00001aa007270_T001	MF	0016787	hydrolase activity	0.0232184279774	0.32682498691	17	1
Ag00001aa007822_T001	BP	0009408	response to heat	8.42002141735	0.726030806306	1	6
Ag00001aa008378_T001	MF	0043295	glutathione binding	12.4511473556	0.817055382273	1	80
Ag00001aa008378_T001	BP	0006749	glutathione metabolic process	7.93519902851	0.713720926758	1	80
Ag00001aa008378_T001	CC	0005737	cytoplasm	1.41856730084	0.477638460576	1	80
Ag00001aa008378_T001	MF	0004364	glutathione transferase activity	9.74382368841	0.757943228935	3	82
Ag00001aa008378_T001	BP	0009636	response to toxic substance	1.79032488844	0.498981988965	5	27
Ag00001aa008378_T001	MF	0004713	protein tyrosine kinase activity	0.0359505744786	0.332230844516	14	1
Ag00001aa008378_T001	MF	0005524	ATP binding	0.0121533915187	0.320707199615	20	1
Ag00001aa008535_T002	BP	0042744	hydrogen peroxide catabolic process	9.62087865116	0.755074698931	1	46
Ag00001aa008535_T002	MF	0140825	lactoperoxidase activity	8.60854414404	0.730721455482	1	32
Ag00001aa008535_T002	CC	0005576	extracellular region	4.84100369053	0.624173120071	1	38
Ag00001aa008535_T002	CC	0016020	membrane	0.0209869644126	0.325734947354	3	1
Ag00001aa008535_T002	BP	0006979	response to oxidative stress	7.33275760031	0.697888023467	4	46
Ag00001aa008535_T002	BP	0098869	cellular oxidant detoxification	6.99533728632	0.688735123161	5	46
Ag00001aa008535_T002	MF	0020037	heme binding	5.44537041701	0.64352880975	5	46
Ag00001aa008535_T002	MF	0046872	metal ion binding	2.47629496329	0.533190318751	8	46
Ag00001aa009020_T002	MF	0003978	UDP-glucose 4-epimerase activity	11.2166724308	0.790993690609	1	100
Ag00001aa009020_T002	BP	0006012	galactose metabolic process	9.65815775579	0.755946414159	1	100
Ag00001aa009020_T002	CC	0005829	cytosol	3.17353502835	0.563365355129	1	88
Ag00001aa009020_T002	CC	0016020	membrane	0.0299151388862	0.329813782466	4	3
Ag00001aa009020_T002	MF	0000166	nucleotide binding	0.0282384791071	0.32909985624	6	1
Ag00001aa009020_T002	BP	0009987	cellular process	0.410473875219	0.397727077403	8	100
Ag00001aa009144_T001	MF	0046537	2,3-bisphosphoglycerate-independent phosphoglycerate mutase activity	11.2310052057	0.791304286862	1	95
Ag00001aa009144_T001	BP	0006007	glucose catabolic process	11.0299095192	0.786928186225	1	100
Ag00001aa009144_T001	CC	0005737	cytoplasm	1.53840637771	0.484795205926	1	100
Ag00001aa009144_T001	MF	0030145	manganese ion binding	8.53277707682	0.728842523713	4	100
Ag00001aa009144_T001	CC	0016020	membrane	0.0088487720885	0.318358660838	4	1
Ag00001aa009144_T001	BP	0006096	glycolytic process	7.55042005013	0.703680961869	5	99
Ag00001aa009144_T001	MF	0008270	zinc ion binding	0.04965196535	0.337054510838	14	1
Ag00001aa009579_T001	BP	0009651	response to salt stress	7.45141119033	0.701056405502	1	19
Ag00001aa009579_T001	MF	0051082	unfolded protein binding	5.33430173126	0.64005547822	1	19
Ag00001aa009579_T001	CC	0005737	cytoplasm	0.172154157773	0.364945605603	1	3
Ag00001aa009579_T001	BP	0009408	response to heat	7.2906334923	0.696757033534	2	23
Ag00001aa009579_T001	CC	0005634	nucleus	0.158918128309	0.36258330723	2	1
Ag00001aa009579_T001	BP	0042542	response to hydrogen peroxide	7.05187251939	0.69028385651	4	19
Ag00001aa009579_T001	BP	0051259	protein complex oligomerization	6.01522693972	0.660816933295	8	19
Ag00001aa009579_T001	BP	0006457	protein folding	4.50678828879	0.612947948515	11	19
Ag00001aa009579_T001	BP	0045471	response to ethanol	0.699875501888	0.426172232223	27	1
Ag00001aa009579_T001	BP	0046686	response to cadmium ion	0.564745637889	0.413817161223	29	1
Ag00001aa009579_T001	BP	0046688	response to copper ion	0.54598141142	0.411989085821	30	1
Ag00001aa009579_T001	BP	0046685	response to arsenic-containing substance	0.489647561429	0.40630344051	32	1
Ag00001aa009716_T001	BP	0009408	response to heat	8.42234593373	0.726088960718	1	12
Ag00001aa009888_T001	MF	0140662	ATP-dependent protein folding chaperone	8.53760242257	0.72896243456	1	100
Ag00001aa009888_T001	BP	0006457	protein folding	6.54920994471	0.676287479919	1	100
Ag00001aa009888_T001	CC	0005737	cytoplasm	0.207653877432	0.370866267872	1	13
Ag00001aa009888_T001	MF	0005524	ATP binding	3.05184635719	0.55835764097	4	100
Ag00001aa009888_T001	BP	0009408	response to heat	1.77050416147	0.497903545662	6	19
Ag00001aa009888_T001	MF	0031072	heat shock protein binding	1.37140831712	0.474739573059	18	13
Ag00001aa009888_T001	MF	0016887	ATP hydrolysis activity	0.621007379132	0.419123439096	21	13
Ag00001aa010183_T001	BP	0006633	fatty acid biosynthetic process	6.96755971828	0.687971888146	1	100
Ag00001aa010183_T001	MF	0016747	acyltransferase activity, transferring groups other than amino-acyl groups	5.63147924481	0.649270315288	1	100
Ag00001aa010183_T001	CC	0005783	endoplasmic reticulum	1.33975136555	0.472765557536	1	20
Ag00001aa010183_T001	CC	0016020	membrane	0.921543021362	0.444087690924	3	100
Ag00001aa010183_T001	BP	0009409	response to cold	2.54917875171	0.536528465874	14	20
Ag00001aa010183_T001	BP	0009416	response to light stimulus	2.0747955178	0.513848265337	15	20
Ag00001aa010183_T001	BP	0090377	seed trichome initiation	0.191501785258	0.368240851416	25	1
Ag00001aa010523_T001	MF	0043295	glutathione binding	11.2639065849	0.792016522484	1	80
Ag00001aa010523_T001	BP	0006749	glutathione metabolic process	7.17856258843	0.69373203235	1	80
Ag00001aa010523_T001	CC	0005737	cytoplasm	1.28330418914	0.469186940369	1	80
Ag00001aa010523_T001	BP	0009636	response to toxic substance	6.31768424891	0.669660257737	2	90
Ag00001aa010523_T001	MF	0004364	glutathione transferase activity	9.25928423341	0.746530125574	3	88
Ag00001aa012571_T001	MF	0016836	hydro-lyase activity	6.54428605858	0.676147768528	1	98
Ag00001aa012571_T001	BP	0043436	oxoacid metabolic process	3.44606245332	0.574243081057	1	98
Ag00001aa012571_T001	CC	0005739	mitochondrion	0.624729583883	0.419465843378	1	14
Ag00001aa012571_T001	CC	0005829	cytosol	0.501737733842	0.40755016632	2	14
Ag00001aa012571_T001	MF	0051536	iron-sulfur cluster binding	5.36239713878	0.640937465748	4	100
Ag00001aa012571_T001	BP	0006099	tricarboxylic acid cycle	1.04644316269	0.453233508195	6	14
Ag00001aa012571_T001	MF	0046872	metal ion binding	2.42837402066	0.530968660253	8	98
Ag00001aa012571_T001	MF	0030350	iron-responsive element binding	1.78487015044	0.498685795296	10	14
Ag00001aa012571_T001	BP	0008033	tRNA processing	0.0630540398639	0.341160538183	15	1
Ag00001aa012571_T001	BP	0032259	methylation	0.0548766963754	0.338714226211	16	1
Ag00001aa012571_T001	MF	0008168	methyltransferase activity	0.0574923885737	0.339515432325	19	1
Ag00001aa012639_T001	MF	0003743	translation initiation factor activity	8.47037016493	0.727288633309	1	100
Ag00001aa012639_T001	BP	0006413	translational initiation	7.90501226752	0.712942195071	1	100
Ag00001aa012639_T001	CC	0005634	nucleus	0.0725949389261	0.343821886473	1	2
Ag00001aa012639_T001	BP	0006417	regulation of translation	2.16538126319	0.518365204905	6	29
Ag00001aa012639_T001	CC	0016020	membrane	0.00881607068115	0.318333399092	7	1
Ag00001aa012639_T001	MF	0017005	3'-tyrosyl-DNA phosphodiesterase activity	0.320755630098	0.386934443998	8	2
Ag00001aa012639_T001	MF	0003723	RNA binding	0.275574500191	0.380923016278	10	8
Ag00001aa012639_T001	MF	0003697	single-stranded DNA binding	0.178035584803	0.365966070184	11	2
Ag00001aa012639_T001	MF	0004527	exonuclease activity	0.14730527589	0.360428296437	13	2
Ag00001aa012639_T001	MF	0003690	double-stranded DNA binding	0.123951014609	0.355820095843	15	2
Ag00001aa012639_T001	MF	0016836	hydro-lyase activity	0.0653970509357	0.341831774005	21	1
Ag00001aa012639_T001	BP	0006281	DNA repair	0.109273897585	0.352698186984	23	2
Ag00001aa012639_T001	MF	0051536	iron-sulfur cluster binding	0.0525472594538	0.337984470447	23	1
Ag00001aa012639_T001	MF	0046872	metal ion binding	0.0242667417192	0.327318945297	27	1
Ag00001aa012639_T001	BP	0043436	oxoacid metabolic process	0.0344365022816	0.331644872519	32	1
Ag00001aa012894_T001	BP	0050832	defense response to fungus	11.5776971063	0.798757740756	1	1
Ag00001aa012894_T001	BP	0141061	disruption of cell in another organism	10.3349407381	0.771488998349	3	1
Ag00001aa012894_T001	BP	0001906	cell killing	10.295469102	0.77059675562	5	1
Ag00001aa012950_T001	CC	0005743	mitochondrial inner membrane	5.29144610384	0.638705643463	1	100
Ag00001aa012950_T001	BP	0022900	electron transport chain	5.22613320152	0.636637908852	1	100
Ag00001aa012950_T001	BP	0009631	cold acclimation	0.141340842043	0.3592884111	5	1
Ag00001aa012950_T001	BP	0006970	response to osmotic stress	0.0944407903979	0.349321731943	7	1
Ag00001aa013246_T001	MF	0033897	ribonuclease T2 activity	12.9141015353	0.826493559977	1	5
Ag00001aa013246_T001	BP	0009718	anthocyanin-containing compound biosynthetic process	6.90183541185	0.68615992196	1	2
Ag00001aa013246_T001	CC	0005576	extracellular region	5.39611278608	0.641992842665	1	5
Ag00001aa013246_T001	BP	0006401	RNA catabolic process	5.71914881174	0.651942052701	5	4
Ag00001aa013246_T001	BP	0009611	response to wounding	4.51172339195	0.613116673903	8	2
Ag00001aa013246_T001	BP	0016036	cellular response to phosphate starvation	4.45548283332	0.611188373016	9	2
Ag00001aa013246_T001	MF	0003723	RNA binding	3.38122549039	0.571695341276	11	5
Ag00001aa014453_T001	BP	0009408	response to heat	6.58689940867	0.677355153874	1	13
Ag00001aa014453_T001	MF	0051082	unfolded protein binding	4.16589731802	0.601060894505	1	9
Ag00001aa014453_T001	CC	0005737	cytoplasm	0.596637631064	0.416855851569	1	6
Ag00001aa014453_T001	BP	0009651	response to salt stress	5.81928347085	0.654968734242	3	9
Ag00001aa014453_T001	BP	0042542	response to hydrogen peroxide	5.50725817465	0.645448799538	5	9
Ag00001aa014453_T001	BP	0051259	protein complex oligomerization	4.69767535432	0.619408241713	8	9
Ag00001aa014453_T001	BP	0006457	protein folding	3.51963915635	0.577105383792	12	9
Ag00001aa014694_T001	MF	0004252	serine-type endopeptidase activity	6.98466883754	0.688442169286	1	100
Ag00001aa014694_T001	BP	0006508	proteolysis	4.32381273383	0.606625680954	1	100
Ag00001aa014694_T001	CC	0005576	extracellular region	0.336228049258	0.388894473759	1	11
Ag00001aa014694_T001	BP	0009610	response to symbiotic fungus	0.510520485001	0.408446439968	6	6
Ag00001aa014694_T001	BP	0009987	cellular process	0.410472746945	0.397726949551	8	100
Ag00001aa015171_T001	BP	0009631	cold acclimation	15.0856607999	0.851335650393	1	1
Ag00001aa015171_T001	CC	0005829	cytosol	3.58092914349	0.579466941915	1	1
Ag00001aa015316_T001	BP	0042744	hydrogen peroxide catabolic process	9.03637437804	0.741179372327	1	93
Ag00001aa015316_T001	MF	0004601	peroxidase activity	7.99451942679	0.715246919189	1	100
Ag00001aa015316_T001	CC	0005576	extracellular region	4.69668597565	0.619375099574	1	86
Ag00001aa015316_T001	CC	0009505	plant-type cell wall	2.72914889809	0.544572373116	2	21
Ag00001aa015316_T001	BP	0098869	cellular oxidant detoxification	6.99553022491	0.688740419166	4	100
Ag00001aa015316_T001	BP	0006979	response to oxidative stress	6.8872652179	0.685757066697	5	93
Ag00001aa015316_T001	MF	0020037	heme binding	5.11454384775	0.633074987665	5	93
Ag00001aa015316_T001	MF	0046872	metal ion binding	2.32585080533	0.526140749553	8	93
Ag00001aa015322_T001	BP	0042744	hydrogen peroxide catabolic process	9.62069963992	0.755070508955	1	28
Ag00001aa015322_T001	MF	0004601	peroxidase activity	7.99415018958	0.71523743826	1	28
Ag00001aa015322_T001	CC	0005576	extracellular region	5.21246525879	0.636203564913	1	27
Ag00001aa015322_T001	CC	0009505	plant-type cell wall	1.94566510749	0.507235269244	2	4
Ag00001aa015322_T001	BP	0006979	response to oxidative stress	7.33262116308	0.697884365516	4	28
Ag00001aa015322_T001	BP	0098869	cellular oxidant detoxification	6.99520712731	0.688731550362	5	28
Ag00001aa015322_T001	MF	0020037	heme binding	5.44526909752	0.64352565752	5	28
Ag00001aa015322_T001	MF	0046872	metal ion binding	2.47624888802	0.533188193034	8	28
Ag00001aa017786_T001	BP	0006952	defense response	6.91400681698	0.686496126595	1	1
Ag00001aa017786_T001	CC	0005886	plasma membrane	2.5404810307	0.536132632076	1	1
Ag00001aa017895_T001	MF	0160205	cysteine-dependent adenosine diphosphate thiazole synthase activity	16.9593671743	0.862085424527	1	62
Ag00001aa017895_T001	BP	0052837	thiazole biosynthetic process	11.9981731726	0.80764926675	1	94
Ag00001aa017895_T001	CC	0009570	chloroplast stroma	9.94125108171	0.762511963808	1	94
Ag00001aa017895_T001	MF	0005506	iron ion binding	5.98341123669	0.659873898871	3	94
Ag00001aa017895_T001	BP	0009228	thiamine biosynthetic process	8.67359892237	0.732328148073	5	100
Ag00001aa017895_T001	CC	0010319	stromule	3.96420655717	0.593797778291	5	22
Ag00001aa017895_T001	CC	0005829	cytosol	3.41136887743	0.572882822898	6	94
Ag00001aa017895_T001	MF	0019904	protein domain specific binding	2.26008838255	0.522987731613	8	22
Ag00001aa017895_T001	MF	0042803	protein homodimerization activity	2.1823958848	0.519203006354	10	22
Ag00001aa017895_T001	CC	0005739	mitochondrion	1.01678026422	0.45111317899	14	22
Ag00001aa017895_T001	BP	0009409	response to cold	2.58125647381	0.537982518607	25	22
Ag00001aa017895_T001	BP	0006974	DNA damage response	1.16225298255	0.461236980044	29	22
Ag00001aa017895_T001	BP	0006952	defense response	0.0697674385377	0.343052440566	36	1
Ag00001aa018374_T001	BP	0009813	flavonoid biosynthetic process	6.7281358175	0.681329203018	1	5
Ag00001aa018374_T001	MF	0016616	oxidoreductase activity, acting on the CH-OH group of donors, NAD or NADP as acceptor	4.86466083914	0.624952773693	1	8
Ag00001aa018374_T001	BP	0009987	cellular process	0.205456740218	0.370515292085	5	5
Ag00001aa018455_T003	MF	0016161	beta-amylase activity	14.6711199655	0.848868604799	1	100
Ag00001aa018455_T003	BP	0000272	polysaccharide catabolic process	7.61065642896	0.705269312252	1	100
Ag00001aa018455_T003	CC	0009507	chloroplast	0.122756799001	0.355573239563	1	2
Ag00001aa018455_T003	BP	0009987	cellular process	0.410475560807	0.397727268408	10	100
Ag00001aa018455_T003	BP	0009414	response to water deprivation	0.112117187814	0.353318629715	12	1
Ag00001aa018455_T003	BP	0005982	starch metabolic process	0.110997505933	0.353075250464	14	1
Ag00001aa018678_T003	MF	0008515	sucrose transmembrane transporter activity	13.572889659	0.839637169764	1	94
Ag00001aa018678_T003	BP	0015770	sucrose transport	13.2343694422	0.832924138339	1	94
Ag00001aa018678_T003	CC	0005886	plasma membrane	2.52861227652	0.535591389554	1	99
Ag00001aa018678_T003	BP	0005985	sucrose metabolic process	7.1884016129	0.693998547057	4	58
Ag00001aa018678_T003	CC	0005634	nucleus	0.0304795396799	0.330049582921	4	1
Ag00001aa018678_T003	MF	0005351	carbohydrate:proton symporter activity	9.18731840287	0.744809760606	6	87
Ag00001aa018678_T003	BP	0055085	transmembrane transport	2.72915187642	0.544572504003	8	100
Ag00001aa018678_T003	BP	0015759	beta-glucoside transport	2.66105673634	0.54156106817	9	11
Ag00001aa018678_T003	BP	0009846	pollen germination	1.90448590772	0.505080519442	16	11
Ag00001aa018678_T003	BP	0015768	maltose transport	1.2714584686	0.468426020387	20	11
Ag00001aa018678_T003	BP	0015850	organic hydroxy compound transport	1.12998616943	0.459048772621	21	11
Ag00001aa018678_T003	MF	0015573	beta-glucoside transmembrane transporter activity	2.70231244026	0.543390094622	22	11
Ag00001aa018678_T003	MF	0015665	alcohol transmembrane transporter activity	1.64873989181	0.491141543355	26	11
Ag00001aa018678_T003	MF	0005363	maltose transmembrane transporter activity	1.48165201339	0.48144198331	27	11
Ag00001aa018678_T003	BP	0006357	regulation of transcription by RNA polymerase II	0.0504609287265	0.337317016706	28	1
Ag00001aa018678_T003	MF	0000981	DNA-binding transcription factor activity, RNA polymerase II-specific	0.0596548938901	0.340164158161	30	1
Ag00001aa018678_T003	MF	0043565	sequence-specific DNA binding	0.0468902647299	0.336141840387	31	1
Ag00001aa019017_T001	MF	0140662	ATP-dependent protein folding chaperone	8.53760178594	0.728962418742	1	100
Ag00001aa019017_T001	BP	0006457	protein folding	6.54920945635	0.676287466065	1	100
Ag00001aa019017_T001	CC	0005737	cytoplasm	0.207760383233	0.370883234056	1	13
Ag00001aa019017_T001	MF	0005524	ATP binding	3.05184612962	0.558357631513	4	100
Ag00001aa019017_T001	BP	0009408	response to heat	1.70024677602	0.494031378247	6	18
Ag00001aa019017_T001	MF	0031072	heat shock protein binding	1.37211171328	0.47478317417	18	13
Ag00001aa019017_T001	MF	0016887	ATP hydrolysis activity	0.621325894196	0.41915277926	21	13
Ag00001aa019394_T001	MF	0140662	ATP-dependent protein folding chaperone	8.53762405094	0.728962971954	1	100
Ag00001aa019394_T001	BP	0006457	protein folding	6.54922653587	0.676287950591	1	100
Ag00001aa019394_T001	CC	0005634	nucleus	0.249325566851	0.377202006172	1	7
Ag00001aa019394_T001	CC	0005737	cytoplasm	0.24740747679	0.376922584622	2	16
Ag00001aa019394_T001	MF	0005524	ATP binding	3.05185408845	0.558357962266	4	100
Ag00001aa019394_T001	MF	0031072	heat shock protein binding	1.63395297782	0.490303599075	16	16
Ag00001aa019394_T001	MF	0016887	ATP hydrolysis activity	0.739894051769	0.429596820973	21	16
Ag00001aa019743_T001	MF	0004674	protein serine/threonine kinase activity	5.56433109314	0.647209875785	1	6
Ag00001aa019743_T001	CC	0016020	membrane	0.921447675911	0.444080480015	1	7
Ag00001aa019743_T001	MF	0005524	ATP binding	3.05153184373	0.558344570063	7	7
Ag00001aa019936_T001	MF	0016491	oxidoreductase activity	3.02795114772	0.557362650911	1	30
Ag00001aa021281_T001	MF	0043295	glutathione binding	11.2089301449	0.79082583001	1	77
Ag00001aa021281_T001	BP	0006749	glutathione metabolic process	7.14352573753	0.692781484827	1	77
Ag00001aa021281_T001	CC	0005737	cytoplasm	1.27704068764	0.468785038621	1	77
Ag00001aa021281_T001	BP	0009636	response to toxic substance	6.22517986369	0.666978506226	2	84
Ag00001aa021281_T001	MF	0004364	glutathione transferase activity	9.10632924723	0.742865612266	3	83
Ag00001aa021281_T001	BP	0009404	toxin metabolic process	0.169350342201	0.36445299188	11	3
Ag00001aa021281_T001	BP	0044248	cellular catabolic process	0.0860922150821	0.347303821592	14	3
Ag00001aa021282_T001	MF	0043295	glutathione binding	12.2943276998	0.813818652837	1	74
Ag00001aa021282_T001	BP	0006749	glutathione metabolic process	7.83525681875	0.711136997479	1	74
Ag00001aa021282_T001	CC	0005737	cytoplasm	1.40070073565	0.4765459474	1	74
Ag00001aa021282_T001	MF	0004364	glutathione transferase activity	9.39857158892	0.749840944816	3	76
Ag00001aa021282_T001	BP	0009636	response to toxic substance	1.26642543057	0.468101646288	5	24
Ag00001aa021282_T001	MF	0004713	protein tyrosine kinase activity	0.0318918410634	0.330630232564	14	1
Ag00001aa021282_T001	MF	0005524	ATP binding	0.0107813028391	0.319776559256	20	1
Ag00001aa021483_T001	CC	0000786	nucleosome	9.5656792762	0.75378083772	1	100
Ag00001aa021483_T001	MF	0030527	structural constituent of chromatin	9.27603172897	0.746929519575	1	100
Ag00001aa021483_T001	BP	0031507	heterochromatin formation	1.43611666129	0.478704899398	1	13
Ag00001aa021483_T001	MF	0046982	protein heterodimerization activity	9.10254701563	0.742774608751	2	98
Ag00001aa021483_T001	CC	0005634	nucleus	3.40685422327	0.572705305663	5	98
Ag00001aa021483_T001	MF	0003677	DNA binding	3.20621682774	0.564693841519	6	100
Ag00001aa022087_T001	CC	0015935	small ribosomal subunit	6.98804585591	0.68853492585	1	100
Ag00001aa022087_T001	MF	0003735	structural constituent of ribosome	3.8284102112	0.588803019377	1	100
Ag00001aa022087_T001	BP	0006412	translation	3.30242594816	0.568565834018	1	100
Ag00001aa022087_T001	MF	0003723	RNA binding	1.63468736948	0.490345304811	3	52
Ag00001aa022087_T001	MF	0016853	isomerase activity	0.119613766515	0.354917744115	7	2
Ag00001aa022087_T001	CC	0022626	cytosolic ribosome	1.07086154488	0.454956503304	11	17
Ag00001aa022279_T001	MF	0140662	ATP-dependent protein folding chaperone	8.53762456218	0.728962984656	1	100
Ag00001aa022279_T001	BP	0006457	protein folding	6.54922692804	0.676287961717	1	100
Ag00001aa022279_T001	CC	0005634	nucleus	0.24989839682	0.377285245719	1	7
Ag00001aa022279_T001	CC	0005737	cytoplasm	0.216839892993	0.372313934493	2	14
Ag00001aa022279_T001	MF	0005524	ATP binding	3.0518542712	0.558357969861	4	100
Ag00001aa022279_T001	MF	0031072	heat shock protein binding	1.43207551148	0.478459907031	18	14
Ag00001aa022279_T001	MF	0016887	ATP hydrolysis activity	0.648478975227	0.421626935194	21	14
Ag00001aa022335_T001	MF	0004364	glutathione transferase activity	10.1452766309	0.767185970621	1	4
Ag00001aa022644_T002	MF	0046537	2,3-bisphosphoglycerate-independent phosphoglycerate mutase activity	11.3451960992	0.79377179756	1	96
Ag00001aa022644_T002	BP	0006007	glucose catabolic process	11.0299113979	0.786928227293	1	100
Ag00001aa022644_T002	CC	0005737	cytoplasm	1.53840663974	0.484795221263	1	100
Ag00001aa022644_T002	MF	0030145	manganese ion binding	8.53277853017	0.728842559834	4	100
Ag00001aa022644_T002	CC	0016020	membrane	0.00891816374806	0.318412111545	4	1
Ag00001aa022644_T002	BP	0006096	glycolytic process	7.54983899848	0.703665609544	5	99
Ag00001aa022644_T002	MF	0008270	zinc ion binding	0.0497989855187	0.337102376512	14	1
Ag00001aa022823_T001	BP	0046394	carboxylic acid biosynthetic process	4.28494806814	0.605265685863	1	98
Ag00001aa022823_T001	MF	0008483	transaminase activity	1.12949154588	0.459014987741	1	17
Ag00001aa022823_T001	BP	0009081	branched-chain amino acid metabolic process	0.068650640713	0.342744240092	12	1
Ag00001aa022823_T001	BP	0008652	amino acid biosynthetic process	0.0458896175628	0.335804543762	13	1
Ag00001aa023126_T001	CC	0005576	extracellular region	5.39801001507	0.642052132153	1	40
Ag00001aa023126_T001	BP	0006952	defense response	0.364619280035	0.392377151332	1	2
Ag00001aa023522_T001	MF	0005509	calcium ion binding	6.9171759811	0.686583618262	1	2
Ag00001aa023590_T001	CC	0005743	mitochondrial inner membrane	5.29137361956	0.638703355786	1	100
Ag00001aa023590_T001	CC	0045271	respiratory chain complex I	0.801759717073	0.434713584619	15	8
Ag00001aa023812_T001	BP	0009408	response to heat	8.41899403879	0.726005100942	1	5
Ag00001aa023989_T001	MF	0140825	lactoperoxidase activity	9.65609730383	0.75589827759	1	76
Ag00001aa023989_T001	BP	0042744	hydrogen peroxide catabolic process	9.62111560908	0.75508024516	1	100
Ag00001aa023989_T001	CC	0005576	extracellular region	5.39848837624	0.642067079567	1	100
Ag00001aa023989_T001	CC	0016020	membrane	0.017547844454	0.323934393844	3	2
Ag00001aa023989_T001	BP	0006979	response to oxidative stress	7.33293820284	0.697892865459	4	100
Ag00001aa023989_T001	BP	0098869	cellular oxidant detoxification	6.99550957833	0.688739852438	5	100
Ag00001aa023989_T001	MF	0020037	heme binding	5.44550453404	0.643532982325	5	100
Ag00001aa023989_T001	MF	0046872	metal ion binding	2.47635595333	0.533193132541	8	100
Ag00001aa025656_T001	MF	0004190	aspartic-type endopeptidase activity	7.85885592061	0.711748613471	1	39
Ag00001aa025656_T001	BP	0006508	proteolysis	4.32373380871	0.606622925328	1	39
Ag00001aa025656_T001	BP	0009987	cellular process	0.410465254343	0.397726100509	6	39
Ag00001aa026466_T001	MF	0004364	glutathione transferase activity	9.05331285146	0.741588266013	1	36
Ag00001aa026466_T001	CC	0016020	membrane	0.022886324376	0.326666185201	1	1
Ag00001aa027095_T003	MF	0004352	glutamate dehydrogenase (NAD+) activity	11.0474299581	0.787311031478	1	94
Ag00001aa027095_T003	BP	0006538	glutamate catabolic process	11.0008564378	0.78629266638	1	94
Ag00001aa027095_T003	CC	0005739	mitochondrion	4.27535762724	0.604929138941	1	95
Ag00001aa027095_T003	MF	0000166	nucleotide binding	2.10010662663	0.515120132149	6	84
Ag00001aa027095_T003	MF	0004354	glutamate dehydrogenase (NADP+) activity	1.0713194536	0.454988625295	11	8
Ag00001aa027095_T003	BP	0006995	cellular response to nitrogen starvation	1.44624930992	0.479317673937	24	11
Ag00001aa027095_T003	BP	1901698	response to nitrogen compound	0.0967393185474	0.349861476089	37	1
Ag00001aa027254_T002	CC	0045275	respiratory chain complex III	9.84093879701	0.760196329617	1	7
Ag00001aa027254_T002	BP	0006122	mitochondrial electron transport, ubiquinol to cytochrome c	9.39380491058	0.749728049321	1	7
Ag00001aa027254_T002	CC	0005743	mitochondrial inner membrane	5.28811718704	0.63860056331	7	7
Ag00001aa027795_T002	BP	0031408	oxylipin biosynthetic process	13.1849760526	0.831937496311	1	96
Ag00001aa027795_T002	MF	0016702	oxidoreductase activity, acting on single donors with incorporation of molecular oxygen, incorporation of two atoms of oxygen	9.30496952612	0.747618778918	1	100
Ag00001aa027795_T002	CC	0005737	cytoplasm	0.0118506828944	0.320506594241	1	1
Ag00001aa027795_T002	BP	0034440	lipid oxidation	8.50188534096	0.728074052959	3	100
Ag00001aa027795_T002	BP	0006633	fatty acid biosynthetic process	6.71904422966	0.681074651452	5	96
Ag00001aa027795_T002	MF	0046872	metal ion binding	2.47639519209	0.533194942812	5	100
Ag00001aa027795_T002	MF	0016747	acyltransferase activity, transferring groups other than amino-acyl groups	0.0614144602629	0.340683378417	11	1
Ag00001aa028565_T001	BP	0009737	response to abscisic acid	11.9800236724	0.807268719963	1	3
Ag00001aa028565_T001	BP	0006950	response to stress	1.19045233335	0.463124600874	9	1
Ag00001aa028857_T001	BP	0010124	phenylacetate catabolic process	9.83953810646	0.760163912379	1	93
Ag00001aa028857_T001	MF	0003988	acetyl-CoA C-acyltransferase activity	9.55210934659	0.753462190295	1	93
Ag00001aa028857_T001	CC	0005777	peroxisome	7.8348008622	0.711125171427	1	93
Ag00001aa028857_T001	BP	0006635	fatty acid beta-oxidation	7.98746162957	0.715065657719	7	93
Ag00001aa028857_T001	MF	0004674	protein serine/threonine kinase activity	0.0617320845101	0.340776308112	7	1
Ag00001aa028857_T001	MF	0005524	ATP binding	0.0284707136499	0.329199983566	13	1
Ag00001aa029719_T002	BP	0080142	regulation of salicylic acid biosynthetic process	10.5540470159	0.776411135546	1	22
Ag00001aa029719_T002	MF	0005516	calmodulin binding	9.50867413383	0.75244072532	1	32
Ag00001aa029719_T002	CC	0005634	nucleus	3.4738815802	0.575328868214	1	32
Ag00001aa029719_T002	MF	0043565	sequence-specific DNA binding	3.66315410157	0.582603624391	3	22
Ag00001aa029719_T002	MF	0003700	DNA-binding transcription factor activity	3.12362895029	0.561323448079	5	22
Ag00001aa029719_T002	BP	0006355	regulation of DNA-templated transcription	2.3543371325	0.527492692739	5	22
Ag00001aa029877_T001	MF	0008889	glycerophosphodiester phosphodiesterase activity	12.0890588518	0.809550583177	1	95
Ag00001aa029877_T001	BP	0006071	glycerol metabolic process	9.13618830145	0.743583382468	1	100
Ag00001aa029877_T001	CC	0016020	membrane	0.0186807067729	0.324545555878	1	2
Ag00001aa029877_T001	BP	0006629	lipid metabolic process	4.27552624235	0.604935059226	6	100
Ag00001aa029877_T001	BP	0009987	cellular process	0.410476424674	0.397727366299	11	100
Ag00001aa029945_T001	MF	0004345	glucose-6-phosphate dehydrogenase activity	11.6503158379	0.800304756659	1	100
Ag00001aa029945_T001	BP	0009051	pentose-phosphate shunt, oxidative branch	11.4077065652	0.795117305794	1	100
Ag00001aa029945_T001	CC	0005829	cytosol	3.03822361011	0.557790872812	1	84
Ag00001aa029945_T001	MF	0050661	NADP binding	7.24322062717	0.695480130267	2	100
Ag00001aa029945_T001	BP	0006006	glucose metabolic process	7.67402296131	0.70693343105	6	100
Ag00001aa030359_T001	MF	0015267	channel activity	6.15430108378	0.664910182978	1	100
Ag00001aa030359_T001	BP	0055085	transmembrane transport	2.72913566033	0.544571791364	1	100
Ag00001aa030359_T001	CC	0016020	membrane	0.921536851367	0.444087224303	1	100
Ag00001aa030359_T001	CC	0071944	cell periphery	0.293970813411	0.383426097439	3	12
Ag00001aa030359_T001	CC	0005829	cytosol	0.111235120659	0.353127001748	4	3
Ag00001aa030359_T001	BP	0009414	response to water deprivation	1.56572762814	0.486387363934	5	12
Ag00001aa030359_T001	CC	0005783	endoplasmic reticulum	0.0629991615302	0.341144668232	5	1
Ag00001aa030359_T001	MF	0005372	water transmembrane transporter activity	1.46551253897	0.480476731906	6	12
Ag00001aa030359_T001	CC	0032991	protein-containing complex	0.0548505471019	0.338706121193	6	2
Ag00001aa030359_T001	BP	0006833	water transport	1.4200927577	0.477731420309	7	12
Ag00001aa030359_T001	MF	0005515	protein binding	0.0928196575612	0.348937094764	8	2
Ag00001aa030359_T001	BP	0051290	protein heterotetramerization	0.353851369914	0.391072811613	15	2
Ag00001aa030359_T001	BP	0051289	protein homotetramerization	0.274779924677	0.380813048442	18	2
Ag00001aa031817_T001	MF	0004568	chitinase activity	7.857848142	0.711722513741	1	70
Ag00001aa031817_T001	CC	0005576	extracellular region	4.7030857501	0.619589417086	1	88
Ag00001aa031817_T001	BP	0005975	carbohydrate metabolic process	4.15478207984	0.600665262794	1	100
Ag00001aa031817_T001	BP	0050832	defense response to fungus	2.21325132925	0.520714041916	2	19
Ag00001aa031817_T001	CC	0016020	membrane	0.033573746603	0.33130519954	2	4
Ag00001aa031817_T001	MF	0003796	lysozyme activity	0.10227387373	0.351135376286	7	1
Ag00001aa031817_T001	MF	0016810	hydrolase activity, acting on carbon-nitrogen (but not peptide) bonds	0.052460509367	0.337956984491	9	1
Ag00001aa031817_T001	BP	0006032	chitin catabolic process	0.59774027653	0.416959441294	14	6
Ag00001aa031817_T001	BP	0009987	cellular process	0.41047165765	0.397726826115	23	100
Ag00001aa032609_T004	MF	0004349	glutamate 5-kinase activity	11.8779435733	0.805122980561	1	100
Ag00001aa032609_T004	BP	0006561	proline biosynthetic process	9.60236848258	0.754641239289	1	100
Ag00001aa032609_T004	CC	0005737	cytoplasm	1.53840942772	0.484795384452	1	100
Ag00001aa032609_T004	MF	0004350	glutamate-5-semialdehyde dehydrogenase activity	11.8280073322	0.804069954749	2	100
Ag00001aa032609_T004	CC	0016020	membrane	0.0591657086235	0.34001845129	3	7
Ag00001aa032609_T004	MF	0005524	ATP binding	3.05185500145	0.558358000208	9	100
Ag00001aa033409_T001	CC	0016020	membrane	0.91904116744	0.443898353779	1	1
Ag00001aa040662_T001	MF	0004356	glutamine synthetase activity	10.2867927958	0.770400401531	1	100
Ag00001aa040662_T001	BP	0006542	glutamine biosynthetic process	10.0458650711	0.764914488179	1	100
Ag00001aa040662_T001	CC	0005737	cytoplasm	1.42800046608	0.478212509481	1	93
Ag00001aa040662_T001	MF	0005524	ATP binding	3.05183692205	0.558357248864	6	100
Ag00001aa040662_T001	CC	0012506	vesicle membrane	0.141758037297	0.359368915945	9	2
Ag00001aa040662_T001	CC	0061695	transferase complex, transferring phosphorus-containing groups	0.125135632536	0.356063796065	10	2
Ag00001aa040662_T001	CC	0097708	intracellular vesicle	0.12289870803	0.355602636251	12	2
Ag00001aa040662_T001	CC	0098588	bounding membrane of organelle	0.108536105124	0.352535876137	15	2
Ag00001aa040662_T001	CC	0012505	endomembrane system	0.0942628093706	0.349279665549	16	2
Ag00001aa040662_T001	CC	0098796	membrane protein complex	0.0906444748015	0.348415684691	17	2
Ag00001aa040662_T001	BP	0090378	seed trichome elongation	0.190971856308	0.368152874524	24	1
Ag00001aa040662_T001	BP	0006661	phosphatidylinositol biosynthetic process	0.168210991767	0.364251650421	26	2
Ag00001aa041516_T001	BP	0009737	response to abscisic acid	11.9818731729	0.807307512259	1	4
Ag00001aa041516_T001	BP	0006950	response to stress	2.76283933708	0.546048404298	9	2
Ag00001aa042406_T001	MF	0008233	peptidase activity	4.62695752273	0.61703048287	1	8
Ag00001aa042406_T001	BP	0006508	proteolysis	4.32325521001	0.60660621478	1	8
Ag00001aa042406_T001	BP	0009987	cellular process	0.410419819507	0.397720951787	6	8
Ag00001aa044213_T001	MF	0004252	serine-type endopeptidase activity	6.98469468142	0.688442879225	1	64
Ag00001aa044213_T001	BP	0006508	proteolysis	4.32382873231	0.606626239529	1	64
Ag00001aa044213_T001	BP	0009987	cellular process	0.41047426573	0.397727121655	6	64
Ag00001aa044676_T001	BP	0045493	xylan catabolic process	9.00642226234	0.740455391032	1	16
Ag00001aa044676_T001	MF	0004568	chitinase activity	4.70391473509	0.619617167707	1	8
Ag00001aa044676_T001	CC	0005576	extracellular region	3.66494742775	0.58267164103	1	13
Ag00001aa044676_T001	MF	0004857	enzyme inhibitor activity	2.20162019415	0.520145692967	4	5
Ag00001aa044676_T001	BP	0050832	defense response to fungus	3.07522493895	0.559327355948	16	5
Ag00001aa045267_T001	BP	0009699	phenylpropanoid biosynthetic process	11.8686447608	0.804927060682	1	20
Ag00001aa045267_T001	CC	0048046	apoplast	11.0160899784	0.786625996039	1	20
Ag00001aa045267_T001	BP	0009987	cellular process	0.410409771537	0.397719813103	7	20
Ag00001aa046278_T001	BP	0042744	hydrogen peroxide catabolic process	9.6204790285	0.755065345222	1	19
Ag00001aa046278_T001	MF	0004601	peroxidase activity	7.99396687643	0.715232731234	1	19
Ag00001aa046278_T001	CC	0005576	extracellular region	5.39813118556	0.642055918446	1	19
Ag00001aa046278_T001	CC	0009505	plant-type cell wall	2.05726399627	0.512962764612	2	3
Ag00001aa046278_T001	BP	0006979	response to oxidative stress	7.33245301939	0.697879857452	4	19
Ag00001aa046278_T001	BP	0098869	cellular oxidant detoxification	6.99504672083	0.68872714724	5	19
Ag00001aa046278_T001	MF	0020037	heme binding	5.44514423253	0.643521772707	5	19
Ag00001aa046278_T001	MF	0046872	metal ion binding	2.47619210537	0.533185573298	8	19
Ag00001aa047169_T001	MF	0140662	ATP-dependent protein folding chaperone	8.53762368835	0.728962962944	1	100
Ag00001aa047169_T001	BP	0006457	protein folding	6.54922625772	0.676287942701	1	100
Ag00001aa047169_T001	CC	0005737	cytoplasm	0.174528121712	0.365359569494	1	11
Ag00001aa047169_T001	CC	0005634	nucleus	0.0713645489602	0.343488937087	3	2
Ag00001aa047169_T001	MF	0005524	ATP binding	3.05185395884	0.55835795688	4	100
Ag00001aa047169_T001	MF	0031072	heat shock protein binding	1.15263591822	0.460588002006	19	11
Ag00001aa047169_T001	MF	0016887	ATP hydrolysis activity	0.521941862051	0.409600529814	21	11
Ag00001aa047463_T001	MF	0004791	thioredoxin-disulfide reductase (NADPH) activity	4.98886873187	0.62901546221	1	6
Ag00001aa047463_T001	BP	0098869	cellular oxidant detoxification	3.3018452429	0.568542633647	1	6
Ag00001aa047463_T001	MF	0016853	isomerase activity	1.50991850044	0.483119932019	9	2
Ag00001aa047463_T001	MF	0046872	metal ion binding	1.38101699859	0.47533421879	11	7
Ag00001aa047794_T002	MF	0004473	malate dehydrogenase (decarboxylating) (NADP+) activity	11.5478054516	0.798119541819	1	87
Ag00001aa047794_T002	BP	0006108	malate metabolic process	10.6059269417	0.777569095998	1	100
Ag00001aa047794_T002	CC	0009507	chloroplast	5.17156540461	0.634900424421	1	87
Ag00001aa047794_T002	BP	0006090	pyruvate metabolic process	6.15493283639	0.66492867069	3	87
Ag00001aa047794_T002	MF	0051287	NAD binding	6.76085064292	0.68224375182	4	100
Ag00001aa047794_T002	CC	0016020	membrane	0.00849711868224	0.318084509444	10	1
Ag00001aa047794_T002	MF	0046872	metal ion binding	2.47638961386	0.533194685462	12	100
Ag00001aa048771_T001	MF	0004190	aspartic-type endopeptidase activity	7.85888343949	0.711749326139	1	48
Ag00001aa048771_T001	BP	0006508	proteolysis	4.32374894887	0.60662345394	1	48
Ag00001aa048771_T001	CC	0016020	membrane	0.0341294728544	0.331524485855	1	2
Ag00001aa048771_T001	BP	0009987	cellular process	0.410466691644	0.397726263381	6	48
Ag00001aa050176_T001	MF	0032440	2-alkenal reductase [NAD(P)+] activity	12.5866837782	0.819836445578	1	8
Ag00001aa051029_T001	MF	0015267	channel activity	6.15394872453	0.664899871068	1	38
Ag00001aa051029_T001	BP	0055085	transmembrane transport	2.728979406	0.544564924438	1	38
Ag00001aa051029_T001	CC	0005886	plasma membrane	1.3563724626	0.473804863573	1	20
Ag00001aa051029_T001	CC	0032991	protein-containing complex	0.0747119909283	0.344388233687	4	1
Ag00001aa051029_T001	BP	0006833	water transport	0.970164524343	0.447717542537	5	3
Ag00001aa051029_T001	MF	0005372	water transmembrane transporter activity	1.00119394848	0.449986654802	6	3
Ag00001aa051029_T001	BP	0051290	protein heterotetramerization	0.481981342681	0.405504920153	7	1
Ag00001aa051029_T001	MF	0005515	protein binding	0.126429758318	0.356328709569	8	1
Ag00001aa051029_T001	BP	0051289	protein homotetramerization	0.37427803959	0.393530844192	10	1
Ag00001aa051743_T001	MF	0004739	pyruvate dehydrogenase (acetyl-transferring) activity	11.0131051517	0.786560702318	1	99
Ag00001aa051743_T001	BP	0006086	acetyl-CoA biosynthetic process from pyruvate	10.269602257	0.770011116532	1	99
Ag00001aa051743_T001	CC	0043231	intracellular membrane-bounded organelle	2.37377804286	0.528410655599	1	99
Ag00001aa051743_T001	MF	0030976	thiamine pyrophosphate binding	0.0960665773038	0.349704171939	7	1
Ag00001aa051743_T001	CC	0005667	transcription regulator complex	0.0798843731322	0.345739072043	8	1
Ag00001aa051743_T001	CC	0070013	intracellular organelle lumen	0.0587557380405	0.339895874408	9	1
Ag00001aa051743_T001	CC	0005737	cytoplasm	0.0332387422167	0.331172131227	13	2
Ag00001aa051743_T001	MF	0003677	DNA binding	0.0320910841614	0.330711105532	14	1
Ag00001aa051743_T001	MF	0046872	metal ion binding	0.0262016552269	0.328203415607	18	1
Ag00001aa051743_T001	BP	0006626	protein targeting to mitochondrion	0.112267794904	0.353351273474	33	1
Ag00001aa051743_T001	BP	0010468	regulation of gene expression	0.0680373487174	0.342573924335	39	2
Ag00001aa051743_T001	BP	2001141	regulation of RNA biosynthetic process	0.0343769916273	0.331621580369	53	1
Ag00001aa052871_T001	BP	0009651	response to salt stress	10.8132402762	0.782168299758	1	2
Ag00001aa052871_T001	MF	0051082	unfolded protein binding	7.74096139009	0.70868390887	1	2
Ag00001aa052871_T001	CC	0005783	endoplasmic reticulum	2.72376022724	0.544335443583	1	1
Ag00001aa052871_T001	BP	0042542	response to hydrogen peroxide	10.2334430354	0.769191215044	2	2
Ag00001aa052871_T001	BP	0051259	protein complex oligomerization	8.72909742246	0.7336940677	5	2
Ag00001aa052871_T001	BP	0009408	response to heat	8.4123385335	0.725838539907	6	2
Ag00001aa052871_T001	BP	0006457	protein folding	6.54010138428	0.67602899037	11	2
Ag00001aa053073_T001	MF	0016157	sucrose synthase activity	14.3375059397	0.846857752382	1	100
Ag00001aa053073_T001	BP	0005985	sucrose metabolic process	11.6605705961	0.800522827531	1	100
Ag00001aa053073_T001	CC	0005737	cytoplasm	0.0305517820439	0.330079606831	1	2
Ag00001aa053073_T001	CC	0016020	membrane	0.0183012723008	0.324342974723	3	2
Ag00001aa053073_T001	BP	0009987	cellular process	0.410477530936	0.397727491656	7	100
Ag00001aa053073_T001	BP	0006952	defense response	0.0729964687679	0.343929930804	8	1
Ag00001aa053073_T001	MF	0043531	ADP binding	0.098760779613	0.350330882821	9	1
Ag00001aa053073_T001	BP	0051707	response to other organism	0.0697735687311	0.343054125469	9	1
Ag00001aa053088_T001	MF	0003872	6-phosphofructokinase activity	11.04932567	0.787352437137	1	8
Ag00001aa053088_T001	BP	0061615	glycolytic process through fructose-6-phosphate	10.6890864145	0.779419323855	1	8
Ag00001aa053088_T001	CC	0005737	cytoplasm	0.812014544828	0.435542405699	1	4
Ag00001aa053088_T001	BP	0006002	fructose 6-phosphate metabolic process	9.49333267106	0.752079383116	2	7
Ag00001aa053088_T001	MF	0046872	metal ion binding	2.47593410132	0.533173669589	7	8
Ag00001aa053088_T001	MF	0005524	ATP binding	1.61085248519	0.48898691592	11	4
Ag00001aa054630_T002	CC	0005758	mitochondrial intermembrane space	10.3864903182	0.772651697121	1	58
Ag00001aa054630_T002	BP	0016226	iron-sulfur cluster assembly	8.17403177622	0.719830628717	1	60
Ag00001aa054630_T002	MF	0051537	2 iron, 2 sulfur cluster binding	7.37079230077	0.698906429309	1	58
Ag00001aa054630_T002	MF	0051539	4 iron, 4 sulfur cluster binding	6.2130269041	0.666624708662	2	60
Ag00001aa054630_T002	MF	0009055	electron transfer activity	4.93391409408	0.627224275368	5	58
Ag00001aa054630_T002	MF	0008757	S-adenosylmethionine-dependent methyltransferase activity	4.49130097809	0.612417854817	6	38
Ag00001aa054630_T002	BP	0032259	methylation	0.0605060724449	0.34041627004	8	1
Ag00001aa054630_T002	MF	0046872	metal ion binding	2.41572843373	0.530378752206	9	58
Ag00001aa054630_T002	BP	0009058	biosynthetic process	0.0295510790393	0.329660500424	9	1
Ag00001aa054630_T002	CC	0016020	membrane	0.0100127516816	0.319229254771	16	1
Ag00001aa055266_T001	MF	0016787	hydrolase activity	2.25281817135	0.522636356809	1	5
Ag00001aa055541_T001	MF	0000774	adenyl-nucleotide exchange factor activity	11.1942564832	0.79050753103	1	100
Ag00001aa055541_T001	CC	0005759	mitochondrial matrix	7.91566783438	0.713217247591	1	95
Ag00001aa055541_T001	BP	0006457	protein folding	6.54910822415	0.67628459421	1	100
Ag00001aa055541_T001	MF	0042803	protein homodimerization activity	9.66369609026	0.756075776066	3	100
Ag00001aa055541_T001	MF	0051087	protein-folding chaperone binding	9.38513029044	0.749522523394	4	100
Ag00001aa055541_T001	CC	0009507	chloroplast	4.89470205411	0.62594009587	5	83
Ag00001aa055541_T001	BP	0050821	protein stabilization	1.74941027761	0.496749178231	6	15
Ag00001aa055541_T001	MF	0051082	unfolded protein binding	6.32997652562	0.670015135587	7	83
Ag00001aa055541_T001	BP	0034605	cellular response to heat	1.60730984158	0.488784159238	8	15
Ag00001aa055541_T001	CC	0009532	plastid stroma	1.71930703693	0.495089650538	11	15
Ag00001aa055541_T001	MF	0004630	phospholipase D activity	0.227474666448	0.373952129871	11	2
Ag00001aa055541_T001	MF	0050734	hydroxycinnamoyltransferase activity	0.17204403707	0.364926334068	12	1
Ag00001aa055541_T001	MF	0000773	phosphatidyl-N-methylethanolamine N-methyltransferase activity	0.165975146558	0.363854548886	13	1
Ag00001aa055541_T001	MF	0004608	phosphatidylethanolamine N-methyltransferase activity	0.163066634774	0.363333952481	14	1
Ag00001aa055541_T001	CC	0009526	plastid envelope	1.20490019256	0.464083057305	16	15
Ag00001aa055541_T001	CC	0005789	endoplasmic reticulum membrane	0.070367401485	0.343216992876	19	1
Ag00001aa055541_T001	MF	0005096	GTPase activator activity	0.0742307525865	0.344260206344	22	1
Ag00001aa055541_T001	BP	0009395	phospholipid catabolic process	0.19142963044	0.368228879699	23	2
Ag00001aa055541_T001	MF	0019843	rRNA binding	0.0727967935213	0.343876239096	23	1
Ag00001aa055541_T001	CC	1990904	ribonucleoprotein complex	0.0525313344411	0.337979426457	24	1
Ag00001aa055541_T001	BP	0006656	phosphatidylcholine biosynthetic process	0.129181755518	0.356887585869	25	1
Ag00001aa055541_T001	CC	0005886	plasma membrane	0.0451431522513	0.335550524868	26	2
Ag00001aa055541_T001	CC	0005840	ribosome	0.0393682244263	0.333509752694	29	1
Ag00001aa055541_T001	MF	0003735	structural constituent of ribosome	0.0449222592057	0.335474953903	35	1
Ag00001aa055541_T001	BP	0032259	methylation	0.0533582626536	0.33824033968	39	1
Ag00001aa055541_T001	BP	0006412	translation	0.0387504019336	0.333282796819	42	1
Ag00001aa055549_T001	BP	0007064	mitotic sister chromatid cohesion	11.1441549941	0.789419161481	1	50
Ag00001aa055549_T001	CC	0005634	nucleus	3.47388992881	0.575329193408	1	50
Ag00001aa055549_T001	BP	0035825	homologous recombination	9.39719062015	0.749808240468	3	46
Ag00001aa055549_T001	CC	0000785	chromatin	2.1878721378	0.519471962314	4	22
Ag00001aa055549_T001	BP	0051301	cell division	5.41661232589	0.642632913951	7	46
Ag00001aa055549_T001	BP	0006281	DNA repair	5.22909031836	0.636731806226	8	50
Ag00001aa055549_T001	CC	0005829	cytosol	0.0352580452217	0.331964386619	11	1
Ag00001aa055549_T001	BP	0009556	microsporogenesis	0.17239326305	0.364987428711	25	1
Ag00001aa055898_T001	BP	0009415	response to water	12.8202534405	0.824594139316	1	15
Ag00001aa055898_T001	CC	0005829	cytosol	2.34283080555	0.526947599732	1	10
Ag00001aa055898_T001	BP	0009631	cold acclimation	12.0619252119	0.80898370162	2	12
Ag00001aa055898_T001	CC	0016020	membrane	0.72968460652	0.428732131912	3	12
Ag00001aa055898_T001	BP	0009737	response to abscisic acid	9.49269650106	0.752064392905	5	12
Ag00001aa056960_T001	MF	0015267	channel activity	6.15429573429	0.664910026426	1	100
Ag00001aa056960_T001	BP	0055085	transmembrane transport	2.72913328809	0.544571687112	1	100
Ag00001aa056960_T001	CC	0016020	membrane	0.921536050341	0.444087163723	1	100
Ag00001aa056960_T001	CC	0071944	cell periphery	0.29425679688	0.383464381664	3	12
Ag00001aa056960_T001	CC	0005829	cytosol	0.0352651653826	0.331967139424	4	1
Ag00001aa056960_T001	BP	0009414	response to water deprivation	1.56725081411	0.486475717861	5	12
Ag00001aa056960_T001	MF	0005372	water transmembrane transporter activity	1.3473327756	0.473240412962	6	11
Ag00001aa056960_T001	CC	0032991	protein-containing complex	0.0263561213064	0.328272593403	6	1
Ag00001aa056960_T001	BP	0006833	water transport	1.30557567129	0.470608119454	7	11
Ag00001aa056960_T001	MF	0005515	protein binding	0.0446005789104	0.335364568955	8	1
Ag00001aa056960_T001	BP	0080022	primary root development	0.181024566063	0.366478217579	16	1
Ag00001aa056960_T001	BP	1901002	positive regulation of response to salt stress	0.176567574188	0.365712959519	17	1
Ag00001aa056960_T001	BP	2000070	regulation of response to water deprivation	0.172018042277	0.364921783983	18	1
Ag00001aa056960_T001	BP	0051290	protein heterotetramerization	0.170028379344	0.364572490535	19	1
Ag00001aa056960_T001	BP	1902074	response to salt	0.163710773547	0.363449644996	21	1
Ag00001aa056960_T001	BP	0080147	root hair cell development	0.155724576184	0.361998756258	24	1
Ag00001aa056960_T001	BP	0051289	protein homotetramerization	0.132033925092	0.357460558413	32	1
Ag00001aa056960_T001	BP	0009738	abscisic acid-activated signaling pathway	0.125810097863	0.356202032248	34	1
Ag00001aa056960_T001	BP	0009409	response to cold	0.112995037482	0.353508594479	43	1
Ag00001aa056960_T001	BP	0009651	response to salt stress	0.107046389208	0.352206455409	47	1
Ag00001aa061390_T001	MF	0015267	channel activity	6.15429616322	0.664910038979	1	100
Ag00001aa061390_T001	BP	0055085	transmembrane transport	2.7291334783	0.544571695471	1	100
Ag00001aa061390_T001	CC	0016020	membrane	0.92153611457	0.444087168581	1	100
Ag00001aa061390_T001	CC	0071944	cell periphery	0.293731409652	0.383394034456	3	12
Ag00001aa061390_T001	CC	0005829	cytosol	0.0352070876058	0.33194467721	4	1
Ag00001aa061390_T001	BP	0009414	response to water deprivation	1.5644525319	0.486313367647	5	12
Ag00001aa061390_T001	MF	0005372	water transmembrane transporter activity	1.34493545869	0.473090403744	6	11
Ag00001aa061390_T001	CC	0032991	protein-containing complex	0.0263127157271	0.328253174694	6	1
Ag00001aa061390_T001	BP	0006833	water transport	1.30325265303	0.470460453106	7	11
Ag00001aa061390_T001	MF	0005515	protein binding	0.0445271267533	0.335339307995	8	1
Ag00001aa061390_T001	BP	0080022	primary root development	0.180688777778	0.366420893784	16	1
Ag00001aa061390_T001	BP	1901002	positive regulation of response to salt stress	0.17624005332	0.365656345804	17	1
Ag00001aa061390_T001	BP	2000070	regulation of response to water deprivation	0.171698960482	0.364865904396	18	1
Ag00001aa061390_T001	BP	0051290	protein heterotetramerization	0.169748361651	0.364523168577	19	1
Ag00001aa061390_T001	BP	1902074	response to salt	0.163407101172	0.363395131402	21	1
Ag00001aa061390_T001	BP	0080147	root hair cell development	0.155435717664	0.361945588939	24	1
Ag00001aa061390_T001	BP	0051289	protein homotetramerization	0.131816480009	0.357417095147	32	1
Ag00001aa061390_T001	BP	0009738	abscisic acid-activated signaling pathway	0.125576728669	0.356154243689	34	1
Ag00001aa061390_T001	BP	0009409	response to cold	0.112785439356	0.353463305152	43	1
Ag00001aa061390_T001	BP	0009651	response to salt stress	0.10684782542	0.352162374332	47	1
Ag00001aa061896_T002	MF	0090729	toxin activity	10.3616379764	0.772091514602	1	1
Ag00001aa061896_T002	BP	0035821	modulation of process of another organism	7.17479946475	0.693630050404	1	1
Ag00001aa061896_T002	CC	0005576	extracellular region	5.2943904703	0.638798557406	1	1
Ag00001aa061896_T002	MF	0005509	calcium ion binding	6.78949025233	0.683042562461	2	1
Ag00001aa061896_T002	CC	0016020	membrane	0.903761625698	0.442736381092	2	1
Ag00001aa062385_T001	MF	0015267	channel activity	6.15375474837	0.664894194165	1	18
Ag00001aa062385_T001	BP	0009414	response to water deprivation	3.25703282378	0.56674609004	1	4
Ag00001aa062385_T001	CC	0016020	membrane	0.92145504383	0.444081037259	1	18
Ag00001aa062385_T001	BP	0006833	water transport	2.95408258851	0.554261698537	3	4
Ag00001aa062385_T001	CC	0071944	cell periphery	0.61151925233	0.418245959231	3	4
Ag00001aa062385_T001	BP	0055085	transmembrane transport	2.72889338693	0.544561144065	5	18
Ag00001aa062385_T001	MF	0005372	water transmembrane transporter activity	3.04856499771	0.558221237354	6	4
Ag00001aa064399_T001	CC	0000786	nucleosome	9.56569673347	0.753781247504	1	100
Ag00001aa064399_T001	MF	0030527	structural constituent of chromatin	9.27604865764	0.746929923107	1	100
Ag00001aa064399_T001	BP	0031507	heterochromatin formation	0.914674480557	0.44356726994	1	8
Ag00001aa064399_T001	MF	0046982	protein heterodimerization activity	9.1868068267	0.74479750715	2	99
Ag00001aa064399_T001	CC	0005634	nucleus	3.43839054961	0.573942874545	5	99
Ag00001aa064399_T001	MF	0003677	DNA binding	3.20622267905	0.564694078762	6	100
Ag00001aa064399_T001	MF	0003723	RNA binding	0.0323182750973	0.33080301681	10	1
Ag00001aa064448_T001	MF	0004737	pyruvate decarboxylase activity	12.9614658286	0.827449560042	1	93
Ag00001aa064448_T001	BP	0000949	aromatic amino acid family catabolic process to alcohol via Ehrlich pathway	12.2115822948	0.812102481256	1	86
Ag00001aa064448_T001	CC	0005829	cytosol	3.09930594168	0.560322360408	1	86
Ag00001aa064448_T001	MF	0030976	thiamine pyrophosphate binding	8.71323979373	0.733304226648	2	100
Ag00001aa064448_T001	CC	0016020	membrane	0.00863720948013	0.318194392649	5	1
Ag00001aa064448_T001	MF	0000287	magnesium ion binding	5.66862326804	0.650404803416	8	100
Ag00001aa064448_T001	MF	0046983	protein dimerization activity	0.0652073282703	0.341777873593	19	1
Ag00001aa064448_T001	MF	0016874	ligase activity	0.0449405412437	0.335481215516	20	1
Ag00001aa064944_T001	CC	0005634	nucleus	3.24733141384	0.566355533271	1	14
Ag00001aa064944_T001	BP	0009631	cold acclimation	0.989662056747	0.449147515482	1	2
Ag00001aa064944_T001	CC	0005829	cytosol	0.234919089605	0.375076193154	7	2
Ag00001aa064944_T001	CC	0016020	membrane	0.029921863941	0.329816605152	9	1
Ag00001aa065968_T001	MF	0004834	tryptophan synthase activity	10.5408544197	0.776116223061	1	99
Ag00001aa065968_T001	BP	0006568	tryptophan metabolic process	10.07763421	0.765641607099	1	99
Ag00001aa065968_T001	CC	0009507	chloroplast	5.00962528669	0.629689431066	1	84
Ag00001aa065968_T001	BP	0000162	tryptophan biosynthetic process	8.5426519506	0.729087880106	3	99
Ag00001aa065968_T001	CC	0005829	cytosol	3.02210829036	0.557118759148	3	84
Ag00001aa065968_T001	BP	0052544	defense response by callose deposition in cell wall	0.174817008945	0.365409752036	31	1
Ag00001aa065968_T001	BP	0009630	gravitropism	0.123701350114	0.355768586357	37	1
Ag00001aa065968_T001	BP	0042742	defense response to bacterium	0.0899344176751	0.348244126185	42	1
Ag00001aa067474_T001	MF	0015035	protein-disulfide reductase activity	5.28075361109	0.638368008075	1	57
Ag00001aa067474_T001	BP	0010497	plasmodesmata-mediated intercellular transport	2.42400642218	0.530765088767	1	14
Ag00001aa067474_T001	CC	0005737	cytoplasm	1.46820950693	0.480638397637	1	95
Ag00001aa067474_T001	BP	0009409	response to cold	1.78527438634	0.498707760923	3	14
Ag00001aa067474_T001	MF	0016671	oxidoreductase activity, acting on a sulfur group of donors, disulfide as acceptor	2.19391822587	0.519768513997	4	21
Ag00001aa067474_T001	BP	0006979	response to oxidative stress	1.27681870156	0.468770776672	5	16
Ag00001aa067474_T001	CC	0012505	endomembrane system	0.139378888831	0.35890821606	5	3
Ag00001aa067474_T001	CC	0009506	plasmodesma	0.103296133457	0.351366867406	6	1
Ag00001aa067474_T001	MF	0004857	enzyme inhibitor activity	1.29728730442	0.470080652226	7	14
Ag00001aa067474_T001	CC	0043231	intracellular membrane-bounded organelle	0.0900779751249	0.348278865895	8	4
Ag00001aa067474_T001	BP	0010104	regulation of ethylene-activated signaling pathway	0.41814434908	0.398592246951	9	3
Ag00001aa067474_T001	MF	0016656	monodehydroascorbate reductase (NADH) activity	0.178753732051	0.366089511181	12	1
Ag00001aa067474_T001	MF	0035251	UDP-glucosyltransferase activity	0.0956633369052	0.349609619888	13	1
Ag00001aa067474_T001	BP	0010188	response to microbial phytotoxin	0.357696136659	0.391540785101	14	2
Ag00001aa067474_T001	BP	0009723	response to ethylene	0.339600978336	0.38931572555	15	3
Ag00001aa067474_T001	MF	0008047	enzyme activator activity	0.0793907849225	0.345612089829	15	1
Ag00001aa067474_T001	CC	0005886	plasma membrane	0.0457096679889	0.335743497847	16	2
Ag00001aa067474_T001	BP	0050832	defense response to fungus	0.207984359419	0.370918898881	20	2
Ag00001aa067474_T001	MF	0030246	carbohydrate binding	0.0631608885728	0.34119141735	20	1
Ag00001aa067474_T001	MF	0008270	zinc ion binding	0.0451573456265	0.335555374315	23	1
Ag00001aa067474_T001	BP	0043086	negative regulation of catalytic activity	0.197534483809	0.369233924594	25	1
Ag00001aa067474_T001	MF	0003723	RNA binding	0.0301069606408	0.329894171061	25	1
Ag00001aa067474_T001	BP	0009451	RNA modification	0.0506857657888	0.337389601214	42	1
Ag00001aa068063_T001	BP	0031047	regulatory ncRNA-mediated gene silencing	9.14839596293	0.743876499852	1	100
Ag00001aa068063_T001	MF	0003723	RNA binding	3.38276941994	0.571756291802	1	100
Ag00001aa068063_T001	CC	0005634	nucleus	0.526110771799	0.410018632949	1	15
Ag00001aa068063_T001	MF	0004521	RNA endonuclease activity	1.12067093188	0.458411255553	4	15
Ag00001aa068063_T001	CC	0005737	cytoplasm	0.232982569445	0.374785525117	6	15
Ag00001aa069574_T002	CC	0005634	nucleus	3.47275846087	0.575285116998	1	10
Ag00001aa069574_T002	CC	0016020	membrane	0.0396017850479	0.333595086403	7	1
Ag00001aa071072_T001	MF	0051903	S-(hydroxymethyl)glutathione dehydrogenase [NAD(P)+] activity	10.4030803416	0.773025270476	1	87
Ag00001aa071072_T001	BP	0046294	formaldehyde catabolic process	9.56565240435	0.753780206942	1	87
Ag00001aa071072_T001	CC	0005829	cytosol	3.14579902788	0.562232535297	1	87
Ag00001aa071072_T001	MF	0008270	zinc ion binding	4.92211838105	0.626838508584	4	97
Ag00001aa071072_T001	MF	0004022	alcohol dehydrogenase (NAD+) activity	1.05797154131	0.454049443669	11	10
Ag00001aa071072_T001	BP	0034059	response to anoxia	0.198190237524	0.369340952231	22	1
Ag00001aa071693_T001	BP	0030042	actin filament depolymerization	12.7155983405	0.822467774621	1	31
Ag00001aa071693_T001	CC	0015629	actin cytoskeleton	7.96618567325	0.714518754081	1	31
Ag00001aa071693_T001	MF	0003779	actin binding	7.94604225524	0.714000289163	1	31
Ag00001aa071693_T001	MF	0044877	protein-containing complex binding	1.18960996153	0.463068539816	5	5
Ag00001aa071693_T001	CC	0005737	cytoplasm	0.454981037779	0.402640713795	8	9
Ag00001aa071693_T001	CC	0009506	plasmodesma	0.355143585793	0.391230378625	9	1
Ag00001aa071693_T001	CC	0005886	plasma membrane	0.0788814337534	0.345480637845	18	1
Ag00001aa071693_T001	CC	0043231	intracellular membrane-bounded organelle	0.0742074367312	0.344253992932	20	1
Ag00001aa072751_T001	MF	0016157	sucrose synthase activity	14.3375030184	0.846857734672	1	100
Ag00001aa072751_T001	BP	0005985	sucrose metabolic process	11.6605682202	0.800522777018	1	100
Ag00001aa072751_T001	BP	0010431	seed maturation	3.2646362275	0.567051779429	5	20
Ag00001aa072751_T001	BP	0051262	protein tetramerization	2.30803367862	0.525290948064	8	20
Ag00001aa072751_T001	BP	0010037	response to carbon dioxide	0.463613182733	0.403565440251	30	3
Ag00001aa072751_T001	BP	0034059	response to anoxia	0.199018574062	0.369475894881	33	1
Ag00001aa077312_T002	MF	0004252	serine-type endopeptidase activity	6.79091697906	0.683082312359	1	97
Ag00001aa077312_T002	BP	0006508	proteolysis	4.32382668129	0.60662616792	1	100
Ag00001aa077312_T002	BP	0009987	cellular process	0.41047407102	0.397727099591	6	100
Ag00001aa078823_T001	BP	0009651	response to salt stress	4.95927613627	0.62805215656	1	6
Ag00001aa078823_T001	MF	0051082	unfolded protein binding	3.55023694221	0.578286891978	1	6
Ag00001aa078823_T001	CC	0005737	cytoplasm	0.62919029238	0.419874841445	1	5
Ag00001aa078823_T001	BP	0042542	response to hydrogen peroxide	4.69336374119	0.619263786044	2	6
Ag00001aa078823_T001	BP	0009408	response to heat	4.41892311941	0.609928329097	5	7
Ag00001aa078823_T001	BP	0051259	protein complex oligomerization	4.00342574774	0.595224328029	8	6
Ag00001aa078823_T001	BP	0006457	protein folding	2.99948654569	0.556172254577	12	6
Ag00001aa082217_T001	MF	0003885	D-arabinono-1,4-lactone oxidase activity	12.9325304179	0.826865736239	1	3
Ag00001aa082217_T001	CC	0031966	mitochondrial membrane	5.09533740269	0.632457840904	1	3
Ag00001aa082217_T001	MF	0071949	FAD binding	7.6845263491	0.70720860413	3	3
Ag00001aa083729_T005	MF	0008889	glycerophosphodiester phosphodiesterase activity	11.7117569853	0.801609892225	1	92
Ag00001aa083729_T005	BP	0006071	glycerol metabolic process	9.13617974459	0.743583176942	1	100
Ag00001aa083729_T005	CC	0016020	membrane	0.139614909436	0.358954094041	1	14
Ag00001aa083729_T005	BP	0006629	lipid metabolic process	4.27552223794	0.604934918628	6	100
Ag00001aa083729_T005	MF	0004672	protein kinase activity	0.37895250528	0.394083839853	7	7
Ag00001aa083729_T005	BP	0009987	cellular process	0.410476040226	0.397727322734	11	100
Ag00001aa083729_T005	MF	0005524	ATP binding	0.220084053838	0.372817845756	12	7
Ag00001aa085945_T001	CC	0009501	amyloplast	14.3493729749	0.846929679537	1	2
Ag00001aa085945_T001	BP	0019252	starch biosynthetic process	13.0959452254	0.830154410035	1	2
Ag00001aa085945_T001	MF	0004373	alpha-1,4-glucan glucosyltransferase (UDP-glucose donor) activity	12.0783881039	0.809327723704	1	2
Ag00001aa085945_T001	CC	0009507	chloroplast	5.98418677865	0.659896916121	2	2
Ag00001aa085945_T001	CC	0016020	membrane	0.920019609165	0.443972431661	10	2
Ag00001aa086826_T001	MF	0016157	sucrose synthase activity	14.3375035228	0.846857737729	1	100
Ag00001aa086826_T001	BP	0005985	sucrose metabolic process	11.6605686304	0.800522785739	1	100
Ag00001aa086826_T001	BP	0010431	seed maturation	3.27110036929	0.567311385758	5	20
Ag00001aa086826_T001	BP	0051262	protein tetramerization	2.31260369988	0.525509230579	8	20
Ag00001aa086826_T001	BP	0010037	response to carbon dioxide	0.463273699077	0.403529236204	30	3
Ag00001aa086826_T001	BP	0034059	response to anoxia	0.198873512325	0.369452283475	33	1
Ag00001aa088228_T002	CC	0009501	amyloplast	14.3731485125	0.847073695753	1	100
Ag00001aa088228_T002	BP	0019252	starch biosynthetic process	13.1176439532	0.830589543698	1	100
Ag00001aa088228_T002	MF	0004373	alpha-1,4-glucan glucosyltransferase (UDP-glucose donor) activity	12.098400837	0.809745610596	1	100
Ag00001aa088228_T002	CC	0009507	chloroplast	5.87038799236	0.656503389493	2	98
Ag00001aa088228_T002	MF	0009011	alpha-1,4-glucan glucosyltransferase (ADP-glucose donor) activity	6.21300128834	0.66662396257	7	47
Ag00001aa088228_T002	BP	0010021	amylopectin biosynthetic process	4.54247140883	0.614165840459	8	22
Ag00001aa088228_T002	CC	0016020	membrane	0.0271835367109	0.328639749201	10	3
Ag00001aa088228_T002	BP	0009960	endosperm development	3.39304768345	0.572161698252	11	19
Ag00001aa088228_T002	MF	0008168	methyltransferase activity	0.0428925893376	0.334771683969	11	1
Ag00001aa088228_T002	MF	0003676	nucleic acid binding	0.0174719069257	0.323892730723	13	1
Ag00001aa088228_T002	BP	0032259	methylation	0.0409411343002	0.334079645541	33	1
Ag00001aa088349_T001	MF	0016491	oxidoreductase activity	3.02779514738	0.557356142225	1	14
Ag00001aa088349_T001	MF	0046872	metal ion binding	2.47611609162	0.533182066264	2	14
Ag00001aa089959_T001	MF	0005096	GTPase activator activity	8.77223500008	0.734752765828	1	13
Ag00001aa090087_T003	BP	0010257	NADH dehydrogenase complex assembly	8.07487487197	0.717305028957	1	2
Ag00001aa090087_T003	MF	0051082	unfolded protein binding	5.50232948845	0.645296289907	1	2
Ag00001aa090087_T003	CC	0009570	chloroplast stroma	2.88714141528	0.551417891414	1	1
Ag00001aa090087_T003	CC	0016020	membrane	0.267089404725	0.379740366493	11	1
Ag00001aa090489_T002	MF	0016788	hydrolase activity, acting on ester bonds	4.23561697432	0.603530524034	1	100
Ag00001aa090489_T002	CC	0016020	membrane	0.0716189186763	0.343558004674	1	8
Ag00001aa090489_T002	BP	0006629	lipid metabolic process	0.0264704561147	0.328323667901	1	1
Ag00001aa090489_T002	BP	0009987	cellular process	0.00254132417147	0.312019756769	4	1
Ag00001aa090528_T001	BP	0042744	hydrogen peroxide catabolic process	9.42142159673	0.750381734403	1	98
Ag00001aa090528_T001	MF	0004601	peroxidase activity	7.99450841679	0.715246636488	1	100
Ag00001aa090528_T001	CC	0005576	extracellular region	4.89132977095	0.625829415056	1	90
Ag00001aa090528_T001	CC	0009505	plant-type cell wall	0.111781238739	0.353245734391	2	1
Ag00001aa090528_T001	BP	0006979	response to oxidative stress	7.18073715761	0.693790951737	4	98
Ag00001aa090528_T001	BP	0098869	cellular oxidant detoxification	6.99552059071	0.688740154717	5	100
Ag00001aa090528_T001	MF	0020037	heme binding	5.33247869651	0.639998168289	5	98
Ag00001aa090528_T001	CC	0016020	membrane	0.0095895596253	0.31891889831	7	1
Ag00001aa090528_T001	MF	0046872	metal ion binding	2.42495718873	0.530809419106	8	98
Ag00001aa090528_T001	MF	0004672	protein kinase activity	0.049050592341	0.336857978798	15	1
Ag00001aa090528_T001	BP	1901428	regulation of syringal lignin biosynthetic process	0.201587051608	0.369892544609	18	1
Ag00001aa090528_T001	MF	0005524	ATP binding	0.0284870875774	0.329207027704	20	1
Ag00001aa090528_T001	BP	0010089	xylem development	0.145677622406	0.360119555576	21	1
Ag00001aa090528_T001	BP	1900378	positive regulation of secondary metabolite biosynthetic process	0.143082940899	0.359623795993	22	1
Ag00001aa090528_T001	BP	0009809	lignin biosynthetic process	0.129032974521	0.356857524511	24	1
Ag00001aa090528_T001	BP	0048522	positive regulation of cellular process	0.05332692601	0.338230489322	37	1
Ag00001aa092719_T001	BP	0090158	endoplasmic reticulum membrane organization	12.2675130566	0.813263141087	1	92
Ag00001aa092719_T001	CC	0005789	endoplasmic reticulum membrane	6.69144520131	0.680300861071	1	100
Ag00001aa092719_T001	MF	0043495	protein-membrane adaptor activity	1.07391181309	0.455170348281	1	8
Ag00001aa092719_T001	BP	0061817	endoplasmic reticulum-plasma membrane tethering	11.7997250191	0.803472567978	2	92
Ag00001aa092719_T001	CC	0005886	plasma membrane	2.34230433288	0.526922626981	10	92
Ag00001aa092719_T001	BP	0009739	response to gibberellin	1.95642510126	0.507794531357	14	13
Ag00001aa092812_T001	MF	0004568	chitinase activity	11.3671479228	0.794244721495	1	74
Ag00001aa092812_T001	BP	0006032	chitin catabolic process	11.0533093872	0.787439436905	1	74
Ag00001aa092812_T001	BP	0050832	defense response to fungus	10.3420642523	0.771649841326	4	67
Ag00001aa092812_T001	MF	0008061	chitin binding	4.02118549929	0.595868018039	5	33
Ag00001aa092812_T001	BP	0016998	cell wall macromolecule catabolic process	9.59701464103	0.754515788471	8	74
Ag00001aa092812_T001	BP	0000272	polysaccharide catabolic process	6.05159408651	0.66189182548	19	57
Ag00001aa092812_T001	BP	0048364	root development	0.115848965324	0.354121132827	35	1
Ag00001aa092812_T001	BP	0048367	shoot system development	0.103629818491	0.351442182324	37	1
Ag00001aa096557_T001	MF	0004364	glutathione transferase activity	10.1504408204	0.767303663878	1	61
Ag00001aa096557_T001	BP	0006749	glutathione metabolic process	8.60514277971	0.730637283447	1	61
Ag00001aa096557_T001	CC	0005829	cytosol	2.36539810093	0.528015433362	1	35
Ag00001aa096557_T001	CC	0016020	membrane	0.00576792603905	0.315727484545	5	1
Ag00001aa097918_T001	BP	0009651	response to salt stress	7.15961987964	0.693218406652	1	8
Ag00001aa097918_T001	MF	0051082	unfolded protein binding	5.12541473603	0.633423780546	1	8
Ag00001aa097918_T001	CC	0005737	cytoplasm	0.27293908952	0.380557667654	1	2
Ag00001aa097918_T001	BP	0009408	response to heat	6.92638207091	0.686837658778	2	10
Ag00001aa097918_T001	BP	0042542	response to hydrogen peroxide	6.77572682394	0.682658886201	4	8
Ag00001aa097918_T001	BP	0051259	protein complex oligomerization	5.77967545719	0.653774675178	8	8
Ag00001aa097918_T001	BP	0006457	protein folding	4.33030605902	0.606852305724	11	8
Ag00001aa097924_T001	BP	0006979	response to oxidative stress	4.42044903195	0.609981024236	1	6
Ag00001aa097924_T001	MF	0051082	unfolded protein binding	2.99392525651	0.555939021531	1	4
Ag00001aa097924_T001	CC	0005737	cytoplasm	0.678411689354	0.424295070062	1	4
Ag00001aa097924_T001	BP	0009651	response to salt stress	4.1821721536	0.601639224087	2	4
Ag00001aa097924_T001	BP	0009408	response to heat	3.986878362	0.594623293271	3	5
Ag00001aa097924_T001	BP	0051259	protein complex oligomerization	3.37610070929	0.571492927751	10	4
Ag00001aa097924_T001	BP	1901700	response to oxygen-containing compound	2.92989031391	0.5532377128	11	4
Ag00001aa097924_T001	BP	0006457	protein folding	2.52947582707	0.535630812239	13	4
Ag00001aa098377_T001	MF	0016491	oxidoreductase activity	3.02806821887	0.557367535274	1	64
Ag00001aa099111_T001	MF	0042973	glucan endo-1,3-beta-D-glucosidase activity	8.67450948929	0.732350593994	1	26
Ag00001aa099111_T001	BP	0005975	carbohydrate metabolic process	4.15470046644	0.600662355921	1	44
Ag00001aa099111_T001	CC	0005886	plasma membrane	0.00966608208986	0.318975517341	1	1
Ag00001aa099111_T001	BP	0009987	cellular process	0.410463594655	0.397725912437	4	44
Ag00001aa099111_T001	MF	0004523	RNA-DNA hybrid ribonuclease activity	0.034944184328	0.33184276397	8	1
Ag00001aa099111_T001	MF	0003676	nucleic acid binding	0.0082091206332	0.3178557295	18	1
Ag00001aa099855_T001	MF	0030598	rRNA N-glycosylase activity	15.297328914	0.85258227334	1	58
Ag00001aa099855_T001	BP	0017148	negative regulation of translation	9.2404637227	0.74608086307	1	58
Ag00001aa099855_T001	MF	0090729	toxin activity	10.1994965098	0.768420166584	3	56
Ag00001aa099855_T001	BP	0035821	modulation of process of another organism	7.0625264332	0.690575015118	6	56
Ag00001aa099855_T001	BP	0006952	defense response	6.69874320566	0.680505629222	8	56
Ag00001aa100594_T001	BP	0009408	response to heat	8.41851165292	0.725993030941	1	4
Ag00001aa101082_T002	MF	0004174	electron-transferring-flavoprotein dehydrogenase activity	12.4871511101	0.817795611305	1	14
Ag00001aa101082_T002	BP	0022904	respiratory electron transport chain	5.40279846659	0.642201727674	1	14
Ag00001aa101082_T002	CC	0005737	cytoplasm	1.53820342167	0.4847833259	1	14
Ag00001aa101082_T002	MF	0050660	flavin adenine dinucleotide binding	6.14891411041	0.664752499153	4	14
Ag00001aa101737_T001	MF	0005509	calcium ion binding	6.92235918253	0.686726668624	1	34
Ag00001aa101737_T001	CC	0016020	membrane	0.0301212589069	0.329900152904	1	1
Ag00001aa102013_T002	MF	0016491	oxidoreductase activity	3.02797368086	0.557363591031	1	34
Ag00001aa102138_T001	MF	0008483	transaminase activity	7.02481055577	0.689543295303	1	90
Ag00001aa102138_T001	CC	0005739	mitochondrion	3.22794741515	0.565573426151	1	65
Ag00001aa102138_T001	MF	0030170	pyridoxal phosphate binding	6.32564358538	0.66989008302	3	87
Ag00001aa102742_T001	BP	0009408	response to heat	8.42238617683	0.726089967443	1	12
Ag00001aa104120_T004	MF	0050242	pyruvate, phosphate dikinase activity	12.3795285131	0.815579726376	1	100
Ag00001aa104120_T004	BP	0006090	pyruvate metabolic process	7.13389713373	0.692519853316	1	100
Ag00001aa104120_T004	CC	0005634	nucleus	0.101406009872	0.350937938561	1	3
Ag00001aa104120_T004	BP	0015979	photosynthesis	5.51782050324	0.645775402781	2	77
Ag00001aa104120_T004	MF	0016301	kinase activity	4.34227933176	0.607269742114	3	100
Ag00001aa104120_T004	MF	0005524	ATP binding	3.05186077352	0.558358240084	5	100
Ag00001aa104120_T004	CC	0009507	chloroplast	0.0629634617679	0.34113434071	6	1
Ag00001aa104120_T004	BP	0009909	regulation of flower development	0.382630681667	0.394516579576	10	3
Ag00001aa104120_T004	MF	0046872	metal ion binding	2.42930810645	0.531012173735	16	98
Ag00001aa104490_T001	MF	0016491	oxidoreductase activity	3.02810145641	0.55736892197	1	100
Ag00001aa104490_T001	CC	0005829	cytosol	0.455594754444	0.402706746868	1	12
Ag00001aa106500_T001	BP	0031408	oxylipin biosynthetic process	10.8000482256	0.781876957473	1	40
Ag00001aa106500_T001	MF	0010181	FMN binding	7.78301176496	0.709779681496	1	55
Ag00001aa106500_T001	CC	0005777	peroxisome	0.297888095215	0.383948890383	1	4
Ag00001aa106500_T001	MF	0016491	oxidoreductase activity	3.02803647901	0.557366211054	2	55
Ag00001aa106500_T001	BP	0006633	fatty acid biosynthetic process	5.50368854831	0.645338350471	3	40
Ag00001aa106500_T001	CC	0005829	cytosol	0.168070164746	0.364226716742	3	4
Ag00001aa106500_T001	BP	0009694	jasmonic acid metabolic process	1.0366214346	0.452534810416	18	6
Ag00001aa106500_T001	BP	0006952	defense response	0.159785082981	0.362740979453	24	1
Ag00001aa107539_T001	MF	0030598	rRNA N-glycosylase activity	15.2953671445	0.852570759203	1	25
Ag00001aa107539_T001	BP	0017148	negative regulation of translation	9.23927870141	0.746052560243	1	25
Ag00001aa107539_T001	MF	0090729	toxin activity	9.94355304995	0.762564965568	3	23
Ag00001aa107539_T001	BP	0035821	modulation of process of another organism	6.88530126831	0.685702732342	7	23
Ag00001aa107539_T001	BP	0006952	defense response	6.72368640767	0.681204647356	8	24
Ag00001aa107539_T001	BP	0016567	protein ubiquitination	0.504794731231	0.407863014256	27	4
Ag00001aa107539_T001	BP	0009987	cellular process	0.0280639700842	0.329024345908	37	4
Ag00001aa108211_T001	BP	0042744	hydrogen peroxide catabolic process	9.53647800282	0.75309485634	1	99
Ag00001aa108211_T001	MF	0004601	peroxidase activity	7.99447646428	0.715245816049	1	100
Ag00001aa108211_T001	CC	0005576	extracellular region	5.314437578	0.639430488654	1	98
Ag00001aa108211_T001	CC	0009505	plant-type cell wall	1.40022978078	0.476517055258	2	13
Ag00001aa108211_T001	BP	0006979	response to oxidative stress	7.26842984834	0.696159572919	4	99
Ag00001aa108211_T001	BP	0098869	cellular oxidant detoxification	6.99549263097	0.688739387249	5	100
Ag00001aa108211_T001	MF	0020037	heme binding	5.39760006148	0.642039321752	5	99
Ag00001aa108211_T001	CC	0005773	vacuole	0.0631256821419	0.341181245615	6	1
Ag00001aa108211_T001	MF	0046872	metal ion binding	2.45457128212	0.532185877636	8	99
Ag00001aa108211_T001	CC	0016020	membrane	0.0222395078749	0.326353554768	8	2
Ag00001aa108211_T001	BP	0032922	circadian regulation of gene expression	0.0797325460127	0.345700054352	18	1
Ag00001aa108211_T001	BP	0042752	regulation of circadian rhythm	0.0784479492994	0.345368430668	19	1
Ag00001aa108923_T001	BP	0042744	hydrogen peroxide catabolic process	9.41837921023	0.750309768323	1	98
Ag00001aa108923_T001	MF	0004601	peroxidase activity	7.99450578072	0.715246568802	1	100
Ag00001aa108923_T001	CC	0005576	extracellular region	4.99254937841	0.62913507555	1	92
Ag00001aa108923_T001	CC	0009505	plant-type cell wall	0.113738347228	0.353668868929	2	1
Ag00001aa108923_T001	BP	0006979	response to oxidative stress	7.17841833792	0.693728123604	4	98
Ag00001aa108923_T001	BP	0098869	cellular oxidant detoxification	6.99551828404	0.688740091401	5	100
Ag00001aa108923_T001	MF	0020037	heme binding	5.33075672058	0.639944026301	5	98
Ag00001aa108923_T001	CC	0016020	membrane	0.00971378808452	0.319010701686	7	1
Ag00001aa108923_T001	MF	0046872	metal ion binding	2.42417411614	0.530772908279	8	98
Ag00001aa108923_T001	BP	1901428	regulation of syringal lignin biosynthetic process	0.205116514463	0.370460776144	18	1
Ag00001aa108923_T001	BP	0010089	xylem development	0.148228201686	0.360602603743	21	1
Ag00001aa108923_T001	BP	1900378	positive regulation of secondary metabolite biosynthetic process	0.145588091508	0.360102523018	22	1
Ag00001aa108923_T001	BP	0009809	lignin biosynthetic process	0.131292132968	0.357312140149	24	1
Ag00001aa108923_T001	BP	0048522	positive regulation of cellular process	0.0542605941349	0.338522747916	37	1
Ag00001aa110604_T001	MF	0015035	protein-disulfide reductase activity	5.14313926874	0.633991680624	1	55
Ag00001aa110604_T001	BP	0010497	plasmodesmata-mediated intercellular transport	2.40258337951	0.529763905355	1	14
Ag00001aa110604_T001	CC	0005737	cytoplasm	1.46612859787	0.48051367374	1	95
Ag00001aa110604_T001	BP	0009409	response to cold	1.76949637147	0.497848551068	3	14
Ag00001aa110604_T001	MF	0016671	oxidoreductase activity, acting on a sulfur group of donors, disulfide as acceptor	2.19621155183	0.519880891335	4	21
Ag00001aa110604_T001	BP	0006979	response to oxidative stress	1.2687122981	0.468249112285	5	16
Ag00001aa110604_T001	CC	0012505	endomembrane system	0.135177909463	0.358085028541	5	3
Ag00001aa110604_T001	CC	0009506	plasmodesma	0.103766776951	0.351473059651	6	1
Ag00001aa110604_T001	MF	0004857	enzyme inhibitor activity	1.28582205374	0.469348224381	7	14
Ag00001aa110604_T001	CC	0043231	intracellular membrane-bounded organelle	0.088111852334	0.347800646251	8	4
Ag00001aa110604_T001	BP	0010104	regulation of ethylene-activated signaling pathway	0.405541179417	0.397166431246	9	3
Ag00001aa110604_T001	BP	0010188	response to microbial phytotoxin	0.363181765073	0.392204146646	12	2
Ag00001aa110604_T001	MF	0016656	monodehydroascorbate reductase (NADH) activity	0.180532159871	0.366394138683	12	1
Ag00001aa110604_T001	MF	0035251	UDP-glucosyltransferase activity	0.0952220061075	0.349505907687	13	1
Ag00001aa110604_T001	BP	0009723	response to ethylene	0.329365162027	0.388030779941	15	3
Ag00001aa110604_T001	MF	0008047	enzyme activator activity	0.0766678916997	0.344904380699	16	1
Ag00001aa110604_T001	CC	0005886	plasma membrane	0.0464106715161	0.335980633689	16	2
Ag00001aa110604_T001	MF	0030246	carbohydrate binding	0.0667801873395	0.342222384797	18	1
Ag00001aa110604_T001	BP	0050832	defense response to fungus	0.211174007824	0.371424733449	20	2
Ag00001aa110604_T001	MF	0008270	zinc ion binding	0.047744990117	0.336427110433	23	1
Ag00001aa110604_T001	BP	0043086	negative regulation of catalytic activity	0.1924148742	0.368392154064	25	1
Ag00001aa110604_T001	MF	0003723	RNA binding	0.0318321752154	0.330605965015	25	1
Ag00001aa110604_T001	BP	0009451	RNA modification	0.0535902044968	0.33831315851	42	1
Ag00001aa111933_T001	BP	0009631	cold acclimation	5.50543870199	0.645392507067	1	5
Ag00001aa111933_T001	CC	0005634	nucleus	2.00472410904	0.510286182852	1	4
Ag00001aa111933_T001	CC	0005829	cytosol	1.5262145388	0.484080161027	2	6
Ag00001aa116892_T001	MF	0030598	rRNA N-glycosylase activity	15.2957399957	0.852572947621	1	21
Ag00001aa116892_T001	BP	0017148	negative regulation of translation	9.23950392493	0.746057939579	1	21
Ag00001aa116892_T001	MF	0090729	toxin activity	10.5640736245	0.776635151041	3	21
Ag00001aa116892_T001	BP	0035821	modulation of process of another organism	7.3149737483	0.697410942214	4	21
Ag00001aa116892_T001	BP	0006952	defense response	6.93818722797	0.687163173201	8	21
Ag00001aa116892_T001	BP	0016567	protein ubiquitination	0.776023319548	0.432609853752	27	3
Ag00001aa116892_T001	BP	0009987	cellular process	0.0431428734831	0.334859292554	37	3
Ag00001aa118595_T001	BP	0006979	response to oxidative stress	4.37871812614	0.608536616296	1	5
Ag00001aa118595_T001	MF	0051082	unfolded protein binding	2.4672672968	0.532773442358	1	3
Ag00001aa118595_T001	CC	0005737	cytoplasm	0.876711225171	0.440654911014	1	4
Ag00001aa118595_T001	BP	0009651	response to salt stress	3.4464910444	0.574259842241	3	3
Ag00001aa118595_T001	BP	0051259	protein complex oligomerization	2.7822147038	0.546893195381	7	3
Ag00001aa118595_T001	BP	0009408	response to heat	2.68125452478	0.542458273034	8	3
Ag00001aa118595_T001	BP	1901700	response to oxygen-containing compound	2.41449666754	0.530321208714	11	3
Ag00001aa118595_T001	BP	0006457	protein folding	2.08451863406	0.51433775839	13	3
Ag00001aa118606_T001	MF	0005509	calcium ion binding	6.91848961157	0.686619878012	1	5
Ag00001aa120298_T001	MF	0004553	hydrolase activity, hydrolyzing O-glycosyl compounds	6.23881939757	0.667375169969	1	99
Ag00001aa120298_T001	BP	0005975	carbohydrate metabolic process	4.15476219545	0.600664554562	1	100
Ag00001aa120298_T001	CC	0016020	membrane	0.00663304451014	0.316525596929	1	1
Ag00001aa120298_T001	BP	0009987	cellular process	0.410469693172	0.397726603506	4	100
Ag00001aa120445_T001	BP	0045493	xylan catabolic process	10.5220106969	0.775694662819	1	3
Ag00001aa120445_T001	MF	0016798	hydrolase activity, acting on glycosyl bonds	3.92624432145	0.592410211982	1	2
Ag00001aa120445_T001	CC	0005576	extracellular region	1.7973230469	0.499361330754	1	1
Ag00001aa120445_T001	MF	0004857	enzyme inhibitor activity	2.76520581051	0.546151744063	2	1
Ag00001aa120445_T001	BP	0050832	defense response to fungus	3.86244180192	0.59006295311	15	1
Ag00001aa121107_T001	BP	0009737	response to abscisic acid	11.985405594	0.807381594606	1	5
Ag00001aa121107_T001	BP	0006950	response to stress	2.68139242313	0.542464386973	9	3
Ag00001aa122642_T001	BP	0009611	response to wounding	10.3709810357	0.772302189918	1	2
Ag00001aa122642_T001	MF	0004867	serine-type endopeptidase inhibitor activity	10.1087610355	0.766352914278	1	2
Ag00001aa122903_T001	MF	0004478	methionine adenosyltransferase activity	11.3499066334	0.793873318517	1	100
Ag00001aa122903_T001	BP	0006556	S-adenosylmethionine biosynthetic process	10.8806883922	0.783655100818	1	100
Ag00001aa122903_T001	CC	0005737	cytoplasm	1.53840301651	0.484795009185	1	100
Ag00001aa122903_T001	BP	0006730	one-carbon metabolic process	8.03510088946	0.716287601194	3	100
Ag00001aa122903_T001	MF	0005524	ATP binding	3.05184228307	0.558357471657	3	100
Ag00001aa122903_T001	MF	0046872	metal ion binding	2.47638308969	0.533194384472	14	100
Ag00001aa123881_T001	MF	0004252	serine-type endopeptidase activity	6.91761317081	0.686595686261	1	99
Ag00001aa123881_T001	BP	0006508	proteolysis	4.32384377612	0.606626764772	1	100
Ag00001aa123881_T001	CC	0005576	extracellular region	0.0990774406594	0.350403978432	1	3
Ag00001aa123881_T001	BP	0009987	cellular process	0.410475693885	0.397727283488	6	100
Ag00001aa123912_T001	MF	0052901	spermine oxidase activity	13.4454415619	0.837119742559	1	2
Ag00001aa123912_T001	BP	1903602	thermospermine catabolic process	13.3398285321	0.835024559619	1	2
Ag00001aa123912_T001	BP	0046208	spermine catabolic process	12.9801098496	0.827825391434	3	2
Ag00001aa123912_T001	MF	0050660	flavin adenine dinucleotide binding	6.14570481367	0.664658525965	5	3
Ag00001aa123912_T001	BP	0009987	cellular process	0.410207649694	0.397696904716	13	3
Ag00001aa123995_T001	BP	0009651	response to salt stress	10.8134623189	0.782173201979	1	2
Ag00001aa123995_T001	MF	0051082	unfolded protein binding	7.74112034558	0.708688056619	1	2
Ag00001aa123995_T001	CC	0005783	endoplasmic reticulum	2.70546256638	0.543529176412	1	1
Ag00001aa123995_T001	BP	0042542	response to hydrogen peroxide	10.2336531723	0.769195984028	2	2
Ag00001aa123995_T001	BP	0051259	protein complex oligomerization	8.72927666867	0.733698472231	5	2
Ag00001aa123995_T001	BP	0009408	response to heat	8.41251127527	0.725842863785	6	2
Ag00001aa123995_T001	BP	0006457	protein folding	6.54023568091	0.676032802847	11	2
Ag00001aa124402_T001	MF	0008843	endochitinase activity	14.9994678524	0.850825511381	1	95
Ag00001aa124402_T001	BP	0006032	chitin catabolic process	11.0535675524	0.787445074392	1	100
Ag00001aa124402_T001	MF	0008061	chitin binding	10.2927318634	0.770534817918	3	100
Ag00001aa124402_T001	BP	0016998	cell wall macromolecule catabolic process	9.59723879245	0.754521041472	6	100
Ag00001aa124402_T001	BP	0000272	polysaccharide catabolic process	7.61060095993	0.705267852507	10	100
Ag00001aa126910_T003	MF	0032440	2-alkenal reductase [NAD(P)+] activity	12.7428644147	0.82302260241	1	12
Ag00001aa127536_T001	MF	0004802	transketolase activity	11.5693384138	0.798579362345	1	100
Ag00001aa127536_T001	BP	0006098	pentose-phosphate shunt	8.06651781737	0.717091461847	1	92
Ag00001aa127536_T001	CC	0005829	cytosol	3.3181248114	0.569192264771	1	92
Ag00001aa127536_T001	MF	0046872	metal ion binding	2.32332551294	0.526020502264	4	94
Ag00001aa127536_T001	CC	0009507	chloroplast	0.0574694570073	0.339508488345	4	1
Ag00001aa127536_T001	MF	0140664	ATP-dependent DNA damage sensor activity	0.175644328323	0.36555323656	10	2
Ag00001aa127536_T001	CC	0016020	membrane	0.00897403873414	0.318454999731	11	1
Ag00001aa127536_T001	MF	0003677	DNA binding	0.0613746110839	0.340671702496	18	2
Ag00001aa127536_T001	MF	0005524	ATP binding	0.0584180118607	0.33979457623	19	2
Ag00001aa127536_T001	BP	0006281	DNA repair	0.10009644704	0.350638408732	23	2
Ag00001aa127927_T001	BP	0009611	response to wounding	10.3440007462	0.771693556156	1	1
Ag00001aa127927_T001	MF	0004867	serine-type endopeptidase inhibitor activity	10.0824629158	0.765752024129	1	1
Ag00001aa135121_T001	MF	0004364	glutathione transferase activity	10.1501977335	0.767298124535	1	36
Ag00001aa135121_T001	BP	0006749	glutathione metabolic process	8.60493670024	0.730632183157	1	36
Ag00001aa135121_T001	CC	0005829	cytosol	3.10876706201	0.560712226894	1	27
Ag00001aa135121_T001	CC	0032991	protein-containing complex	0.100711752912	0.350779387096	4	1
Ag00001aa135121_T001	MF	0042803	protein homodimerization activity	0.360135817623	0.391836432383	5	1
Ag00001aa135121_T001	MF	0046982	protein heterodimerization activity	0.345899674623	0.390096818887	6	1
Ag00001aa135121_T001	BP	0098869	cellular oxidant detoxification	0.0797327883651	0.345700116663	7	1
Ag00001aa135121_T001	MF	0045174	glutathione dehydrogenase (ascorbate) activity	0.16626357112	0.363905924707	10	1
Ag00001aa137998_T002	MF	0016688	L-ascorbate peroxidase activity	10.8309401532	0.782558916928	1	68
Ag00001aa137998_T002	BP	0042744	hydrogen peroxide catabolic process	9.05473817894	0.741622655874	1	94
Ag00001aa137998_T002	CC	0009507	chloroplast	5.19956625416	0.635793133905	1	87
Ag00001aa137998_T002	BP	0034599	cellular response to oxidative stress	8.10135890169	0.717981107454	4	94
Ag00001aa137998_T002	MF	0020037	heme binding	5.17674897931	0.63506586658	5	95
Ag00001aa137998_T002	BP	0000302	response to reactive oxygen species	7.80180555353	0.710268463465	6	88
Ag00001aa137998_T002	BP	0098869	cellular oxidant detoxification	6.99553218715	0.688740473027	7	100
Ag00001aa137998_T002	MF	0046872	metal ion binding	2.35413873474	0.527483305277	8	95
Ag00001aa137998_T002	CC	0016020	membrane	0.848996108896	0.438488710001	9	92
Ag00001aa137998_T002	CC	0005777	peroxisome	0.252036380201	0.377595082723	12	3
Ag00001aa137998_T002	MF	0140825	lactoperoxidase activity	1.08644585479	0.456045899893	13	9
Ag00001aa137998_T002	MF	0008289	lipid binding	0.0690886870584	0.342865423524	16	1
Ag00001aa137998_T002	CC	0005783	endoplasmic reticulum	0.0571547935177	0.339413063793	18	1
Ag00001aa137998_T002	BP	0090378	seed trichome elongation	0.18609204955	0.367336938976	23	1
Ag00001aa137998_T002	BP	0009723	response to ethylene	0.113151318432	0.353542335863	32	1
Ag00001aa137998_T002	BP	0006869	lipid transport	0.071289820452	0.343468623089	46	1
Ag00001aa138044_T002	CC	0048046	apoplast	11.0124523944	0.786546421934	1	7
Ag00001aa138044_T002	BP	0009699	phenylpropanoid biosynthetic process	10.9832576698	0.785907295022	1	6
Ag00001aa138044_T002	BP	0009987	cellular process	0.379793680055	0.394182989156	7	6
Ag00001aa138047_T001	CC	0048046	apoplast	11.0121584336	0.786539990807	1	6
Ag00001aa138047_T001	BP	0009699	phenylpropanoid biosynthetic process	10.9391366507	0.78493978966	1	5
Ag00001aa138047_T001	BP	0009987	cellular process	0.378268004823	0.394003076523	7	5
Ag00001aa139153_T001	BP	0042752	regulation of circadian rhythm	12.1323213574	0.810453118103	1	100
Ag00001aa139153_T001	CC	0005634	nucleus	2.45345438844	0.532134115756	1	74
Ag00001aa139153_T001	CC	0016020	membrane	0.00999615421569	0.319217207692	8	1
Ag00001aa141013_T001	MF	0004473	malate dehydrogenase (decarboxylating) (NADP+) activity	11.5641538541	0.798468689036	1	87
Ag00001aa141013_T001	BP	0006108	malate metabolic process	10.6059260469	0.777569076049	1	100
Ag00001aa141013_T001	CC	0009507	chloroplast	5.17888686782	0.635134076617	1	87
Ag00001aa141013_T001	BP	0006090	pyruvate metabolic process	6.16364646771	0.665183571088	3	87
Ag00001aa141013_T001	MF	0051287	NAD binding	6.76085007248	0.682243735893	4	100
Ag00001aa141013_T001	CC	0016020	membrane	0.00856260155992	0.318135984191	10	1
Ag00001aa141013_T001	MF	0046872	metal ion binding	2.47638940492	0.533194675823	12	100
Ag00001aa141498_T001	MF	0046961	proton-transporting ATPase activity, rotational mechanism	9.15143549602	0.743949451474	1	100
Ag00001aa141498_T001	CC	0033178	proton-transporting two-sector ATPase complex, catalytic domain	8.3208551724	0.723542359885	1	100
Ag00001aa141498_T001	BP	1902600	proton transmembrane transport	4.7665840072	0.621708014547	1	100
Ag00001aa143464_T001	MF	0003958	NADPH-hemoprotein reductase activity	13.3065367436	0.8343623891	1	1
Ag00001aa143464_T001	CC	0000786	nucleosome	9.5224167097	0.752764161016	1	1
Ag00001aa143464_T001	MF	0046982	protein heterodimerization activity	9.2396060792	0.746060379454	3	1
Ag00001aa143464_T001	MF	0030527	structural constituent of chromatin	9.23407914746	0.74592835361	4	1
Ag00001aa143464_T001	CC	0005789	endoplasmic reticulum membrane	6.66109872048	0.679448196484	4	1
Ag00001aa143464_T001	MF	0010181	FMN binding	7.74783012118	0.708863101183	5	1
Ag00001aa143464_T001	MF	0050661	NADP binding	7.21026410014	0.694590095327	6	1
Ag00001aa143464_T001	MF	0050660	flavin adenine dinucleotide binding	6.12174121107	0.663956057461	9	1
Ag00001aa143464_T001	CC	0005829	cytosol	3.59954729838	0.580180307234	12	1
Ag00001aa143464_T001	MF	0003677	DNA binding	3.19171611485	0.564105239959	12	1
Ag00001aa143464_T001	CC	0005634	nucleus	3.45815198079	0.574715474625	13	1
Ag00001aa143736_T001	BP	0009651	response to salt stress	4.96430416583	0.628216032524	1	6
Ag00001aa143736_T001	MF	0051082	unfolded protein binding	3.55383639822	0.578425546738	1	6
Ag00001aa143736_T001	CC	0005737	cytoplasm	0.630829107299	0.420024738466	1	5
Ag00001aa143736_T001	BP	0042542	response to hydrogen peroxide	4.69812217185	0.619423208032	2	6
Ag00001aa143736_T001	BP	0009408	response to heat	4.41699065323	0.609861581169	5	7
Ag00001aa143736_T001	BP	0051259	protein complex oligomerization	4.00748467539	0.595371566739	8	6
Ag00001aa143736_T001	BP	0006457	protein folding	3.00252761592	0.556299701565	12	6
Ag00001aa148452_T001	CC	0000786	nucleosome	9.56567275581	0.753780684663	1	100
Ag00001aa148452_T001	MF	0030527	structural constituent of chromatin	9.27602540602	0.746929368853	1	100
Ag00001aa148452_T001	BP	0031507	heterochromatin formation	1.43169123228	0.47843659234	1	13
Ag00001aa148452_T001	MF	0046982	protein heterodimerization activity	9.09319464999	0.742549502151	2	98
Ag00001aa148452_T001	CC	0005634	nucleus	3.40335386823	0.572567589936	5	98
Ag00001aa148452_T001	MF	0003677	DNA binding	3.20621464224	0.564693752907	6	100
Ag00001aa148452_T001	CC	0016020	membrane	0.00936404676298	0.318750714304	15	1
Ag00001aa151368_T001	BP	0042744	hydrogen peroxide catabolic process	9.62111807661	0.755080302915	1	100
Ag00001aa151368_T001	MF	0140825	lactoperoxidase activity	8.39718790104	0.725459133478	1	68
Ag00001aa151368_T001	CC	0005576	extracellular region	5.17552136638	0.635026692818	1	95
Ag00001aa151368_T001	CC	0016020	membrane	0.0255964349581	0.327930382306	2	2
Ag00001aa151368_T001	BP	0006979	response to oxidative stress	7.33294008352	0.69789291588	4	100
Ag00001aa151368_T001	BP	0098869	cellular oxidant detoxification	6.99551137247	0.688739901685	5	100
Ag00001aa151368_T001	MF	0020037	heme binding	5.44550593065	0.643533025775	5	100
Ag00001aa151368_T001	MF	0046872	metal ion binding	2.47635658844	0.533193161841	8	100
Ag00001aa153066_T001	MF	0008696	4-amino-4-deoxychorismate lyase activity	13.3475635127	0.835178289322	1	95
Ag00001aa153066_T001	BP	0046656	folic acid biosynthetic process	9.27244171823	0.746843935436	1	95
Ag00001aa153066_T001	CC	0016020	membrane	0.0100132669023	0.319229628579	1	1
Ag00001aa153066_T001	MF	0030170	pyridoxal phosphate binding	6.23151580194	0.667162821422	3	95
Ag00001aa153066_T001	MF	0008483	transaminase activity	0.801390594096	0.43468365263	13	12
Ag00001aa153066_T001	MF	0003964	RNA-directed DNA polymerase activity	0.164258911291	0.363547915826	18	2
Ag00001aa153066_T001	MF	0004519	endonuclease activity	0.120885806121	0.355184059721	20	2
Ag00001aa153066_T001	BP	0006278	RNA-templated DNA biosynthetic process	0.15626747851	0.362098549634	27	2
Ag00001aa153066_T001	MF	0003676	nucleic acid binding	0.0403820783873	0.333878364826	29	2
Ag00001aa154978_T001	BP	0009699	phenylpropanoid biosynthetic process	11.7788374866	0.803030916043	1	25
Ag00001aa154978_T001	CC	0048046	apoplast	11.0162715932	0.786629968616	1	26
Ag00001aa154978_T001	CC	0016020	membrane	0.142660647849	0.359542685429	3	3
Ag00001aa154978_T001	BP	0009987	cellular process	0.407304296259	0.397367215185	7	25
Ag00001aa155706_T001	BP	0042744	hydrogen peroxide catabolic process	9.53324278081	0.753018791573	1	99
Ag00001aa155706_T001	MF	0140825	lactoperoxidase activity	8.63589122466	0.731397597984	1	67
Ag00001aa155706_T001	CC	0005576	extracellular region	5.15369600779	0.634329457239	1	95
Ag00001aa155706_T001	CC	0005840	ribosome	0.0295081220605	0.329642351888	2	1
Ag00001aa155706_T001	BP	0006979	response to oxidative stress	7.26596405497	0.696093166534	4	99
Ag00001aa155706_T001	BP	0098869	cellular oxidant detoxification	6.99551124974	0.688739898316	5	100
Ag00001aa155706_T001	MF	0020037	heme binding	5.3957689416	0.641982096214	5	99
Ag00001aa155706_T001	MF	0046872	metal ion binding	2.45373857606	0.532147287407	8	99
Ag00001aa155706_T001	CC	0016020	membrane	0.00791251947029	0.317615880322	9	1
Ag00001aa156538_T001	MF	0140662	ATP-dependent protein folding chaperone	8.53761576642	0.728962766111	1	85
Ag00001aa156538_T001	BP	0006457	protein folding	6.5492201808	0.676287770305	1	85
Ag00001aa156538_T001	CC	0048471	perinuclear region of cytoplasm	1.32424235383	0.47178995935	1	11
Ag00001aa156538_T001	MF	0051082	unfolded protein binding	7.75175453344	0.708965446085	3	85
Ag00001aa156538_T001	MF	0016887	ATP hydrolysis activity	4.60074430444	0.61614449939	4	85
Ag00001aa156538_T001	CC	0005829	cytosol	0.486457465609	0.4059719221	4	11
Ag00001aa156538_T001	CC	0032991	protein-containing complex	0.363563642333	0.392250138857	5	11
Ag00001aa156538_T001	CC	0005886	plasma membrane	0.343010411991	0.389739415781	6	11
Ag00001aa156538_T001	BP	0050821	protein stabilization	1.42863262558	0.478250911235	8	11
Ag00001aa156538_T001	BP	0034605	cellular response to heat	1.31258819529	0.47105308661	10	11
Ag00001aa156538_T001	MF	0005524	ATP binding	3.05185112707	0.558357839197	11	85
Ag00001aa156538_T001	BP	0042742	defense response to bacterium	0.242998433865	0.376276153159	23	2
Ag00001aa156538_T001	BP	0045087	innate immune response	0.116178295672	0.354191329087	33	1
