qpid	cluster_GSZ	cluster_RM1sum	cluster_size	cluster_desccount	RM2	val_avg	jac_avg	desc	genename
Misin01G018500.1.v7.1	816.450640395	53.9115700418	85	25648	1.10709250001	0.359421054259	0.000954254984505	Galactokinase	
Misin01G018500.1.v7.1	927.132604946	1.20875681916	2	10	0.976507241558	0.0295362227818	7.52481691734e-08	Galactokinase-like isoform X1	
Misin01G018500.1.v7.1	561.355510577	0.731872953328	1	3	0.82072632109	0.0116681429135	5.57627037698e-08	Galactose kinase	
Misin01G018500.1.v7.1	469.026458094	0.611498451603	1	9	0.777610583238	0.0	0.0	Galactokinase, putative	
Misin01G018500.1.v7.1	0	0.731872953328	1	1	0.596184120208	0.0116681429135	2.23211212333e-07	Galactokinase, putative, expressed	
Misin01G032900.1.v7.1	1256.97885845	60.5473293762	91	12076	1.33363535667	0.454421994784	7.80287543836e-06	ADP-ribosylation factor	
Misin01G032900.1.v7.1	466.135024366	0.646109881654	1	2	1.03063518781	0.479584984132	5.6823502143e-05	ADP-ribosylation factor homolog1	
Misin01G032900.1.v7.1	322.716061073	0.616586398134	1	19	0.973248173834	0.479546090979	0.000116059310564	ADP-ribosylation factor A1F	
Misin01G050700.1.v7.1	2194.0848919	0.590255363641	1	3	1.49038479063	0.0429260706595	8.21174401415e-07	Stem-specific protein TSJT1, putative, expressed	
Misin01G050700.1.v7.1	2007.77227496	1.64718576757	3	93	1.40067535751	0.014275460563	2.26714566909e-05	DUF3700 domain-containing protein (Fragment)	
Misin01G050700.1.v7.1	69.2540364102	0.545540764344	1	8571	0.708366748492	0.171066273228	4.55878318845e-07	Glutamine amidotransferase type-2 domain-containing protein	
Misin01G106600.1.v7.1	2528.28464874	11.423452976	18	224	1.6013138595	0.0	0.0	Luminal-binding protein	
Misin01G106600.1.v7.1	1836.59228247	10.5636567581	17	363	1.37509041507	0.0951952674817	5.15952816915e-07	Luminal-binding protein 5	
Misin01G106600.1.v7.1	1275.14852444	1.21732822089	2	8	1.12203632582	0.0414658758189	9.30877991597e-08	Luminal-binding protein 5-like isoform X1	
Misin01G106600.1.v7.1	1249.98185454	1.1933027366	2	2	1.09802288973	0.0151512208716	4.23602415572e-08	Mediator of RNA polymerase II transcription subunit 37a-like isoform X1	
Misin01G106600.1.v7.1	715.897943258	1.26019761519	2	34	0.884786380958	0.0159003839029	9.30650854735e-09	Luminal-binding protein 4	
Misin01G106600.1.v7.1	601.527399249	0.602281202404	1	11	0.837897724556	0.0137484622036	3.99442700464e-06	Molecular chaperones GRP78/BiP/KAR2, HSP70 superfamily	
Misin01G106600.1.v7.1	350.476520741	3.79737439778	6	1288	0.745680409208	0.0292256458745	1.04298920523e-05	Luminal binding heat shock protein 70	
Misin01G106600.1.v7.1	21.6525516084	0.548141483909	1	7006	0.606065618	0.0139709378009	1.60855803671e-08	HTH La-type RNA-binding domain-containing protein	
Misin01G106600.1.v7.1	0	0.603455633614	1	1	0.597434079603	0.0140265567002	2.27613052679e-07	HSP70-type chaperone 29	
Misin01G114400.1.v7.1	1743.25736751	56.7278747576	93	6454	1.52474606711	0.447922582563	0.00220756757702	Lipoxygenase	
Misin01G114400.1.v7.1	539.142596157	0.690588186111	1	2	0.808607708268	0.0055672542151	1.25357210383e-06	Probable linoleate 9S-lipoxygenase 4	
Misin01G120000.1.v7.1	552.005665582	1.86899768352	3	2105	0.92425589551	0.214056923218	0.000172998590963	DUF538 domain-containing protein	
Misin01G122900.1.v7.1	371.676793933	5.15910102592	8	3130	0.760035559962	0.0403109992919	6.38214663735e-07	Nitrate transporter	
Misin01G122900.1.v7.1	161.845901906	3.72719183842	6	8613	0.694119358103	0.0743029853107	2.07562847296e-05	Peptide transporter PTR2	
Misin01G122900.1.v7.1	77.5795787699	11.9437137075	19	383371	0.659221201842	0.0720553502183	1.7359368868e-06	Major facilitator superfamily (MFS) profile domain-containing protein	
Misin01G130700.1.v7.1	992.600954159	29.8152479378	48	8404	1.35499686597	0.694223398404	0.000904157458237	X8 domain-containing protein	
Misin01G130700.1.v7.1	122.980942701	6.25137692355	10	24040	0.700012169182	0.114754126057	5.26458232767e-06	Glucan endo-1,3-beta-glucosidase 7	
Misin01G130700.1.v7.1	72.6818966568	0.716559086421	1	905	0.627276565545	0.0154788807779	3.50149350805e-09	Beta 1,3-glucanase	
Misin01G131700.1.v7.1	1852.66203311	0.750541202336	1	2	1.33775859766	0.0126297564774	6.73908512362e-07	Small GTP binding protein Rab5	
Misin01G131700.1.v7.1	1693.35706543	3.27562885373	5	228	1.2912697097	0.0451314386809	0.000361051509447	Ras-related protein RHN1	
Misin01G131700.1.v7.1	1529.14333088	0.619478962465	1	2	1.22651996951	0.0468937830298	0.000446607457427	GTP-binding protein homolog1	
Misin01G131700.1.v7.1	108.716215685	0.650778499469	1	2183	0.665414632748	0.060241783665	5.6601061863e-08	Small GTP-binding protein	
Misin01G210000.1.v7.1	316.88464391	0.6057988174	1	98	0.805058200295	0.166611955487	3.16149541274e-07	Calcium ion binding	
Misin01G210000.1.v7.1	489.510253261	12.9426602552	22	18744	0.785804101304	0.0	0.0	O-fucosyltransferase family protein	
Misin01G274000.1.v7.1	1066.12697767	33.3176616348	53	9949	1.40123696239	0.726007224845	0.000117107918255	AT-hook motif nuclear-localized protein	
Misin01G316300.1.v7.1	930.589440654	43.2579791137	67	11995	1.06117843618	0.186681674476	6.86222112317e-05	Clp R domain-containing protein	
Misin01G316300.1.v7.1	214.279585002	16.2683514957	25	31970	0.696483987528	0.0391926465633	2.54242591489e-06	Chaperone protein ClpB3, chloroplastic	
Misin01G380100.1.v7.1	635.834360872	0.737051844238	1	3	0.850472264809	0.0115821057144	2.2156532338e-07	Enoyl-CoA hydratase/isomerase family protein, expressed	
Misin01G380100.1.v7.1	299.773851398	41.0008112961	66	139104	0.830638720223	0.227789764483	3.02243840464e-05	Enoyl-CoA hydratase	
Misin01G380100.1.v7.1	323.643565865	1.20405483058	2	103	0.722207789515	0.00518935572966	2.31629495967e-07	Crotonase superfamily	
Misin01G380100.1.v7.1	196.171804613	0.61860914402	1	74	0.668468721845	0.0	0.0	Enoyl-CoA hydratase/isomerase family	
Misin01G380100.1.v7.1	127.618151857	2.54102001623	4	2949	0.647410083312	0.0120053240689	4.06247483443e-08	3-hydroxybutyryl-CoA dehydratase	
Misin01G418600.1.v7.1	1419.81624922	27.6161814874	44	4347	1.58966310733	0.814503743466	0.00248118005487	Senescence domain-containing protein	
Misin01G418600.1.v7.1	1026.38344698	1.28463086839	2	18	1.00055337879	0.0	0.0	Senescence/dehydration-associated protein-related	
Misin01G418600.1.v7.1	345.080233955	0.659751127076	1	42	0.741176456051	0.0248006266935	1.5160484124e-06	Protein EARLY-RESPONSIVE TO DEHYDRATION 7, chloroplastic	
Misin01G421800.1.v7.1	1104.9111267	65.0130576386	99	17346	1.0926938306	0.11458309291	1.70336713361e-05	Transmembrane 9 superfamily member	
Misin01G469600.1.v7.1	2942.00694567	2.31901034436	4	98	2.19054645429	0.799499060739	0.000458691371623	Embryonic protein DC-8	
Misin01G486600.1.v7.1	1834.5891261	60.1637744123	97	6152	1.33364537601	0.0185089129796	8.42979110087e-08	Beta-amylase	
Misin01G496800.1.v7.1	3312.1608198	36.0409900516	60	992	2.03187252899	0.220768063069	5.63821106531e-05	Calcium-binding EF hand family protein	
Misin01G496800.1.v7.1	206.304902667	0.592068844856	1	69	0.676743456493	0.0079650835698	5.6689825488e-08	Epidermal growth factor receptor substrate 15 isoform X1	
Misin01G496800.1.v7.1	150.676948727	0.593561100645	1	130	0.651476799469	0.00227550918458	5.528363505e-09	Actin cytoskeleton-regulatory complex protein PAN1-like	
Misin01G496800.1.v7.1	111.627033628	0.520311354009	1	182	0.635136096581	0.00091562664125	5.0507776858e-08	Putative EF-hand domain pair protein	
Misin01G496800.1.v7.1	32.4680394696	5.03353008432	9	198389	0.602987215788	0.0	0.0	EF-hand domain-containing protein	
Misin01G502300.1.v7.1	2033.26500937	2.5595807465	4	4	1.41372680603	0.0195145604288	0.0039042626211	Blue fluorescent1	
Misin01G502300.1.v7.1	1745.71825288	26.4263535112	42	1446	1.37613333943	0.165747043009	5.27422092088e-06	Glycosyl transferase family 3 domain-containing protein	
Misin01G502300.1.v7.1	910.191066982	2.80662829305	4	60	0.995749472265	0.0786282995487	2.33557744067e-06	Phosphoribosylanthranilate transferase	
Misin01G502300.1.v7.1	280.531199424	22.085295708	36	39083	0.754090990458	0.097883217762	2.02637107288e-05	Anthranilate phosphoribosyltransferase	
Misin02G051900.1.v7.1	3313.33062774	26.3351010435	43	645	1.96213967634	0.0883154676149	1.13703955088e-05	Alpha tubulin (Fragment)	ATUB
Misin02G051900.1.v7.1	449.230498919	7.25685502007	12	2664	0.838043867778	0.128963967525	3.82710787227e-05	Tubulin/FtsZ 2-layer sandwich domain-containing protein	ATUB
Misin02G051900.1.v7.1	0	0.671033683428	1	1	0.702962663733	0.213110392973	0.000707772852742	Alpha tubulin3	ATUB
Misin02G078400.1.v7.1	926.932890975	61.3790547014	94	22679	1.2254046504	0.499247075352	0.00152720361826	Endoglucanase	
Misin02G078400.1.v7.1	248.585392701	1.9613711841	3	322	0.696054741654	0.0124916660514	7.83085755849e-08	Glycoside hydrolase family 9 domain-containing protein	
Misin02G094400.1.v7.1	2185.26132116	2.6529866215	4	7	1.60594423868	0.267614284777	0.000206964033866	Atypical receptor-like kinase MARK	
Misin02G094400.1.v7.1	168.872736452	45.1958115366	78	484457	0.918243628126	0.491876219617	6.85742962184e-06	Protein kinase domain-containing protein	
Misin02G094400.1.v7.1	408.675545942	5.99119936759	11	1458	0.806236384266	0.0995584783822	8.61732051836e-06	Inactive receptor kinase	
Misin02G103400.1.v7.1	1726.0892278	57.7890591018	92	6454	1.48436989238	0.384710732818	0.00187564321246	Lipoxygenase	
Misin02G103400.1.v7.1	979.312182666	1.29057468807	2	4	0.986788654399	0.00955408803187	5.73378338278e-06	Probable linoleate 9S-lipoxygenase 4	
Misin02G112800.1.v7.1	3014.1718133	11.1874899975	17	196	1.80709865523	0.0215658512228	1.4382040026e-06	Chaperone protein dnaJ 3	
Misin02G112800.1.v7.1	464.781954667	0.652028000841	1	28	0.820886369783	0.0848558032471	6.09781149509e-07	Chaperone DnaJ, C-terminal	
Misin02G112800.1.v7.1	127.064725036	11.1097610959	17	108592	0.7365123071	0.180540023933	1.02200746793e-05	J domain-containing protein	
Misin02G199600.1.v7.1	742.550009415	60.4035939625	95	35220	0.887020003766	0.0	0.0	acetyl-CoA C-acyltransferase	
Misin02G199600.1.v7.1	152.65381626	2.66509565246	4	1622	0.745715245573	0.17859156659	9.43882318745e-06	Thiolase N-terminal domain-containing protein	
Misin02G359400.1.v7.1	450.040901611	4.28953723824	7	4784	1.06131430816	0.549618512513	6.79422105832e-06	Hydroxyproline-rich glycoprotein family protein	
Misin02G359400.1.v7.1	26.635337665	1.23302719424	2	112274	0.682708662502	0.154819814724	1.28158915527e-06	PH domain-containing protein	
Misin02G359400.1.v7.1	58.2290662797	1.16571613103	2	21084	0.655196413741	0.0790656035573	8.6719787549e-07	Ricin B lectin domain-containing protein	
Misin02G374500.1.v7.1	1116.40014131	42.1546754685	67	8594	1.1089180142	0.136502652658	0.000577588220851	Bet v I/Major latex protein domain-containing protein	
Misin02G374500.1.v7.1	1008.65625961	3.2608383541	5	63	0.998482090735	0.00947091142737	1.91749146747e-07	Pathogenesis-related protein 10	
Misin02G374500.1.v7.1	762.981686218	3.80607859567	6	150	0.895192674487	0.0	0.0	Pathogenesis-related protein 1-like	
Misin02G374500.1.v7.1	561.882390796	4.44953153623	7	378	0.819754280062	0.00943645964497	6.58100094199e-09	Pathogenesis-related protein 1	
Misin02G374500.1.v7.1	496.648248122	0.639682322389	1	7	0.791156798849	0.00471221340504	1.32477183161e-06	Pathogenesis-related protein 10a	
Misin02G374500.1.v7.1	496.648248122	0.639682322389	1	2	0.79113985301	0.00467960830405	1.80679857299e-05	Pathogenesis-related protein 10d	
Misin02G374500.1.v7.1	496.648248122	0.639682322389	1	2	0.791125523943	0.00465321369849	1.07167519541e-06	Pathogenesis-related protein 10b	
Misin02G374500.1.v7.1	492.201200644	0.633954554294	1	2	0.78928093575	0.00452900378995	4.17419704143e-06	Pathogenesis-related protein 10c	
Misin02G401700.1.v7.1	1289.08063867	53.8538861205	99	12579	1.21467740934	0.205742616566	7.83543894197e-05	anthranilate synthase	
Misin02G401700.1.v7.1	32.6699960105	0.570024852722	1	2190	0.603291082349	0.000420913089086	3.7127771405e-10	Chorismate-utilising enzyme C-terminal domain-containing protein	
Misin02G454400.1.v7.1	1410.63243884	62.2823014855	96	10177	1.385259829	0.435861722235	7.03404942589e-06	3-ketoacyl-CoA synthase	
Misin02G454400.1.v7.1	65.4006745883	0.710580034861	1	616	0.616598371472	0.000826604056657	7.43215299998e-08	FAE domain-containing protein	
Misin03G005300.1.v7.1	543.564152731	42.5487195621	66	39716	0.953016243166	0.274696782707	6.4361945339e-05	t-SNARE coiled-coil homology domain-containing protein	
Misin03G005300.1.v7.1	362.248912436	7.59292757135	12	2848	0.74889017762	0.0263968849044	1.31823197621e-05	Syntaxin N-terminal domain-containing protein	
Misin03G005300.1.v7.1	223.680986827	0.608630714723	1	48	0.688310248234	0.0166751788463	4.35725332462e-07	Target SNARE coiled-coil domain	
Misin03G005300.1.v7.1	32.9471013008	0.607986991758	1	2204	0.608483160029	0.0100081499593	1.50099164137e-09	Receptor-like protein kinase	
Misin03G046400.1.v7.1	1101.85673351	60.1742239809	98	17233	1.14565391777	0.216811977721	4.38086407882e-05	tryptophan synthase	
Misin03G085700.1.v7.1	1970.48129295	63.1022774804	99	5446	1.49792976774	0.225918451209	2.35710681953e-05	V-type proton ATPase subunit G	
Misin03G107200.1.v7.1	677.225824761	7.70277750984	12	1576	0.900463049513	0.0746634923654	5.34327245177e-05	Plasma membrane intrinsic protein 2	
Misin03G107200.1.v7.1	648.693723465	0.743407904913	1	16	0.857608373687	0.0153412814171	2.57517562811e-07	Water channel protein	
Misin03G107200.1.v7.1	440.578739496	18.0445234076	27	20432	0.837569786804	0.134598119488	6.4383823883e-05	Aquaporin	
Misin03G213900.1.v7.1	590.021611814	55.8783450741	89	50375	1.07548191315	0.470681934647	0.000592153176762	chitinase	
Misin03G213900.1.v7.1	275.7987144	1.27468387016	2	120	0.700864938638	0.00102915636567	2.05067192773e-10	Chitinase-like protein 1	
Misin03G213900.1.v7.1	146.54889921	3.57738301998	6	3346	0.650473888936	0.00349873130538	8.30049771885e-08	Glycoside hydrolase family 19 catalytic domain-containing protein	
Misin03G236400.1.v7.1	892.96730113	57.6629393286	90	22680	1.14466041068	0.372550316106	0.00109113456495	Endoglucanase	
Misin03G236400.1.v7.1	410.072974621	3.15511490571	5	322	0.771334179899	0.0326509117509	3.41140295759e-07	Glycoside hydrolase family 9 domain-containing protein	
Misin03G236400.1.v7.1	10.8195368207	0.597965305024	1	16357	0.594917182026	0.00111201246912	3.44553655923e-08	cellulase	
Misin03G281400.1.v7.1	2090.56395771	12.0707818661	19	185	1.43512514498	0.0167914731629	4.05578175905e-06	Glucose-6-phosphate/phosphate translocator 2	
Misin03G281400.1.v7.1	724.035180496	48.7347636073	77	25137	0.969603993094	0.169792080578	5.90947128088e-06	Sugar phosphate transporter domain-containing protein	
Misin04G083200.1.v7.1	340.763498449	63.6237662134	98	177943	0.918933909765	0.363449621035	1.05618160592e-05	Methyltransferase	
Misin04G083200.1.v7.1	391.729260232	0.755452640272	1	19	0.749554493472	0.00540148937375	5.3814381353e-10	Cycloartenol-C-24-methyltransferase 1	
Misin04G126800.1.v7.1	1136.23369131	51.0930878176	82	11882	1.11629568049	0.135475346444	1.35176885677e-05	Inosine/uridine-preferring nucleoside hydrolase domain-containing protein	
Misin04G126800.1.v7.1	1018.62035663	6.49605545046	10	239	1.00217343359	0.00891560508618	1.01235422902e-06	Probable uridine nucleosidase 1	
Misin04G126800.1.v7.1	29.3865243418	0.605935921154	1	2493	0.608178230913	0.0121200293149	2.81945707592e-07	Pyrimidine-specific ribonucleoside hydrolase rihA	
Misin04G357300.1.v7.1	268.516049326	1.85484319666	3	499	0.849336935937	0.28663056505	0.000815836522913	Caltractin	
Misin04G357300.1.v7.1	381.789167816	0.566186284483	1	23	0.769640482985	0.050778995961	0.00059739995248	Putative calcium-binding protein CML20	
Misin04G357300.1.v7.1	264.683315256	0.995718037296	2	148	0.755990562629	0.113409383461	0.000513164631047	CALM	
Misin04G357300.1.v7.1	40.2286770636	1.64128925668	3	17353	0.742632080557	0.257623507479	7.53836159413e-06	Calmodulin	
Misin04G357300.1.v7.1	316.644602583	0.739237104364	1	57	0.735846978737	0.0361977895157	0.000215463032832	Probable calcium-binding protein CML13	
Misin04G357300.1.v7.1	200.69649361	27.3353892943	44	193764	0.670278597444	0.0	0.0	EF-hand domain-containing protein	
Misin05G014300.1.v7.1	2558.67900292	41.7241652813	63	1837	1.85062880218	0.44710364374	0.0096134913159	Ras-related protein Rab7	
Misin05G014300.1.v7.1	262.703321104	3.27728970017	5	1075	0.706556887895	0.0216519942497	1.25045989857e-07	Small GTPase	
Misin05G014300.1.v7.1	166.811575377	1.89249945243	3	889	0.656724630151	0.0	0.0	Ras-related protein Rab-7A	
Misin05G021700.1.v7.1	763.442472757	0.642412990374	1	3	1.16022071504	0.499705084346	1.56172140759e-06	4-methyl-5-thiazole monophosphate biosynthesis protein	
Misin05G021700.1.v7.1	885.303106131	23.6744121269	38	10099	0.944121242452	0.0	0.0	DJ-1/PfpI domain-containing protein	
Misin05G140500.1.v7.1	6047.64338692	29.2998767372	49	262	3.05472281098	0.0861602267005	2.68032283554e-05	Outer envelope pore protein 16-2, chloroplastic	
Misin05G140500.1.v7.1	140.231600916	2.82911258151	5	4541	0.651496691454	0.0101963159514	1.81649183308e-07	Mitochondrial import inner membrane translocase, subunit TIM22	
Misin05G145900.1.v7.1	682.305231469	65.0300042595	98	45040	1.05680643659	0.365819289624	6.02532289963e-06	S-adenosylmethionine synthase	
Misin05G173500.1.v7.1	5242.67144956	62.3071937224	97	755	2.73471129869	0.089888272271	9.6728033691e-05	Thiamine thiazole synthase, chloroplastic	THI1
Misin05G263200.1.v7.1	2135.02917384	51.8183341844	85	3942	1.71078962266	0.502949801632	0.0107279129583	DUF642 domain-containing protein	
Misin05G263200.1.v7.1	279.057414202	0.580918324803	1	29	0.701622965681	0.0	0.0	Putative Galactose-binding domain-containing protein	
Misin05G317500.1.v7.1	1419.39218558	58.5276980771	91	9669	1.4382021692	0.529058390283	0.00221740574409	Expansin	
Misin05G381000.1.v7.1	580.270884395	53.518403722	91	57688	1.17444666633	0.664778743258	0.000278932261913	Peroxidase	
Misin05G400200.1.v7.1	1014.79002677	48.2685196432	77	12963	1.20352984082	0.391637762424	0.00229080125392	DUF255 domain-containing protein	
Misin05G400200.1.v7.1	801.029642366	9.21314668699	15	758	0.937422282636	0.050962735618	8.79060582351e-06	Spermatogenesis-associated protein 20	
Misin05G400200.1.v7.1	563.287979481	1.79210697375	3	58	0.815315191792	0.0	0.0	Spermatogenesis-associated protein	
Misin05G400200.1.v7.1	0	0.587032686594	1	1	0.594620541816	0.00871800339618	7.98027340543e-10	Spermatogenesis-associated protein like	
Misin06G081500.1.v7.1	490.467182655	13.0811636265	21	6255	0.801659140159	0.029178291365	0.000388633662331	Pectin methylesterase CGR2	
Misin06G081500.1.v7.1	230.327516857	25.7470374834	41	109782	0.724527232009	0.0799927859872	2.43464337301e-06	Methyltransferase type 11 domain-containing protein	
Misin06G101900.1.v7.1	5740.12831725	53.1221903048	82	482	2.95450842632	0.129164214028	3.29931057047e-06	Transcription factor Pur-alpha 1	
Misin06G101900.1.v7.1	2399.67261283	3.19876708012	5	6	1.55447979248	0.00869927081332	6.69071743832e-06	PUR ALPHA-1	
Misin06G101900.1.v7.1	928.015726989	1.2370479955	2	2	0.961206290796	0.0	0.0	PUR-alpha/beta/gamma, DNA/RNA-binding protein	
Misin06G101900.1.v7.1	329.108155446	1.24085632991	2	80	0.722513360843	0.00164149291004	5.37112435038e-06	PurA ssDNA and RNA-binding protein	
Misin06G106700.1.v7.1	1366.66180379	14.7448686393	23	2635	1.2991938743	0.306656778787	5.30014601068e-05	Cysteine proteinase inhibitor	
Misin06G110100.1.v7.1	4286.14867753	35.7694484493	57	553	2.3838352148	0.149753254416	0.000325947169928	Argonaute 4	
Misin06G110100.1.v7.1	211.453778616	7.36647821635	12	9632	0.696861391808	0.0420362435464	3.35641042356e-05	Piwi domain-containing protein	
Misin06G383600.1.v7.1	1284.38406103	11.1987127498	20	573	1.13054138149	0.0505392085885	9.88262426583e-05	E3 ubiquitin-protein ligase RGLG1	
Misin06G383600.1.v7.1	298.561864139	1.64931446837	3	230	0.713347244323	0.00740087214531	1.82152895528e-06	Copine	
Misin06G383600.1.v7.1	220.318017418	33.877807974	60	177926	0.678127206967	0.0	0.0	RING-type domain-containing protein	
Misin06G383600.1.v7.1	31.6338754002	3.47588014312	6	89938	0.613087644618	0.0196869268117	1.16239641081e-06	VWFA domain-containing protein	
Misin07G008200.1.v7.1	312.726658086	10.8759677866	17	15500	0.776292050365	0.115473961498	9.37683128888e-06	Kinesin light chain	
Misin07G008200.1.v7.1	232.664599222	7.65745758054	12	13880	0.756528761996	0.138608909413	1.00159206785e-05	MalT-like TPR region domain-containing protein	
Misin07G008200.1.v7.1	246.75490289	3.02954968888	5	1932	0.711018566234	0.0421067944027	2.02225581089e-07	Tetratricopeptide repeat (TPR)-like superfamily protein	
Misin07G008200.1.v7.1	239.002473563	4.86404355547	8	5308	0.685600989425	0.0	0.0	Nephrocystin-3	
Misin07G084900.1.v7.1	1354.49702108	1.30552190411	2	7	1.17464599096	0.0808437179695	6.00181446815e-07	Transcription initiation factor TFIID subunit 15b-like isoform X1	LOC606475
Misin07G084900.1.v7.1	616.943223825	1.77398101931	3	89	0.845413914306	0.016291201381	0.000114402225561	Zinc finger (Ran-binding) family protein	LOC606475
Misin07G084900.1.v7.1	637.978562887	26.7844804135	43	18971	0.845191425155	0.0	0.0	RanBP2-type domain-containing protein	LOC606475
Misin07G084900.1.v7.1	297.148688435	1.19814036291	2	175	0.74518300779	0.0685224146302	0.000332633080729	RNA-binding protein cabeza	LOC606475
Misin07G084900.1.v7.1	0	0.721615646609	1	1	0.64246916519	0.098951646257	0.0012396336969	Zinc finger protein SRZ1	LOC606475
Misin07G090700.1.v7.1	2034.01935217	4.98210594933	8	36	1.4523855427	0.092019961976	0.00036109916075	NSP (Nuclear shuttle protein)-interacting GTPase	
Misin07G090700.1.v7.1	1061.52006365	3.18443829981	5	54	1.03174776949	0.0323390839174	1.47749763873e-06	Putative ARF GTPase-activating domain family protein isoform 1	
Misin07G090700.1.v7.1	1039.62309945	47.2256357477	77	12381	1.00584923978	0.0	0.0	Arf-GAP domain-containing protein	
Misin07G090700.1.v7.1	485.789836572	1.89182294675	3	91	0.800015519685	0.0296194859847	6.28742001591e-05	Putative ADP-ribosylation factor GTPase-activating protein AGD14	
Misin07G090700.1.v7.1	36.8304383749	0.606529879309	1	1625	0.646014324407	0.0778908451046	5.75556764064e-08	ADP-ribosylation factor GTPase-activating protein	
Misin07G098400.1.v7.1	1007.20573641	5.76839226437	9	184	0.998566479805	0.0107248772926	1.37787946653e-08	Monosaccharide-sensing protein 2	
Misin07G098400.1.v7.1	886.372845639	4.49081777644	7	144	0.944549138256	0.0	0.0	Monosaccharide-sensing protein 2-like	
Misin07G098400.1.v7.1	480.926343993	1.25169354765	2	38	0.783122493556	0.00141835969412	1.12660324203e-05	Tonoplast monosaccharide transporter2	
Misin07G098400.1.v7.1	168.233429825	44.045118808	68	383371	0.710049095378	0.0995387769754	8.58252960617e-06	Major facilitator superfamily (MFS) profile domain-containing protein	
Misin07G098400.1.v7.1	50.1052092048	0.748572620033	1	1251	0.610805116277	0.00143968363553	1.34341940816e-08	Hexose transporter	
Misin07G098400.1.v7.1	44.5213890945	2.61515062913	4	19279	0.610156820449	0.00443068744547	2.32684025083e-08	Sugar transporter	
Misin07G119900.1.v7.1	3530.96102894	12.4412161961	20	326	2.24193757999	0.451983418006	9.78437672153e-05	Plasma membrane-associated cation-binding protein 1	
Misin07G119900.1.v7.1	72.7121861128	0.645863825229	1	2071	0.619084874445	0.0	0.0	Cation-binding protein	
Misin07G132100.1.v7.1	982.693059047	1.81867551999	3	94	0.989567678055	0.0122459794066	4.26754160135e-06	Polyphenol oxidase chloroplastic	
Misin07G132100.1.v7.1	766.06460185	0.60292418229	1	17	0.966043431883	0.131353911689	8.97367152551e-07	(+)-larreatricin hydroxylase, chloroplastic	
Misin07G132100.1.v7.1	544.421274878	10.3237542213	18	9868	0.874043332518	0.125043889054	7.80683987018e-05	Tyrosinase copper-binding domain-containing protein	
Misin07G132100.1.v7.1	6.62716721462	0.62233529474	1	231181	0.592650866886	0.0	0.0	Ig-like domain-containing protein	
Misin07G136300.1.v7.1	2551.51360003	51.4153303416	83	2659	1.66860073393	0.109407484502	0.000466356818434	Equilibrative nucleotide transporter 1	
Misin07G136300.1.v7.1	56.7415620046	1.24762008846	2	3162	0.642583875384	0.056390998591	1.06644877415e-06	Nucleoside transporter	
Misin07G150400.1.v7.1	1157.55943758	53.2743377821	80	12172	1.12525952985	0.136293816364	1.60701721623e-06	ADP-ribosylation factor 1	
Misin07G150400.1.v7.1	501.430448155	0.6614433169	1	9	0.79209040729	0.00286181213523	7.3379798339e-05	ADP-ribosylation factor-like protein A1D	
Misin07G150400.1.v7.1	448.592573433	1.32318796221	2	50	0.791351126785	0.0413472258555	3.38540345038e-06	GTP-binding ADP-ribosylation factor Arf1	
Misin07G150400.1.v7.1	173.004919986	0.6614433169	1	84	0.65979274895	0.00111468096345	2.24184183385e-09	Putative small GTPase superfamily, ARF/SAR type, P-loop containing nucleoside triphosphate hydrolase	
Misin07G156500.1.v7.1	1088.21673622	63.1257033422	96	17346	1.08207260179	0.10714263849	1.54449354641e-05	Transmembrane 9 superfamily member	
Misin07G241900.1.v7.1	1153.26866795	8.39971762422	15	332	1.07578236678	0.0461762773528	7.36301361179e-05	Serrate RNA effector molecule	
Misin07G241900.1.v7.1	1035.13463843	1.30845472761	2	8	1.01733837885	0.0250651154048	6.15882811185e-07	Calcium-transporting ATPase 9, plasma membrane-type-like	
Misin07G241900.1.v7.1	630.329153045	1.28474619564	2	26	0.851176486718	0.0170657023065	1.63884889711e-07	C2H2 zinc-finger protein (Fragment)	
Misin07G241900.1.v7.1	179.933479206	45.0054892232	73	390486	0.661973391682	0.0	0.0	C2H2-type domain-containing protein	
Misin07G267200.1.v7.1	1093.41860954	64.0277324048	97	17346	1.09573204255	0.128989099951	1.87878582333e-05	Transmembrane 9 superfamily member	
Misin07G346000.1.v7.1	318.647883104	4.37122088075	7	14766	0.92551902599	0.392564729314	2.83106048563e-05	Pectinesterase inhibitor domain-containing protein	
Misin07G366600.1.v7.1	1619.13908256	8.97732940194	14	263	1.27805085806	0.0762168049536	1.59207706332e-05	Calmodulin-binding protein 60 B	
Misin07G366600.1.v7.1	1199.46898344	22.5996644149	35	3037	1.06978759338	0.0	0.0	Calmodulin-binding protein	
Misin07G366600.1.v7.1	159.065724938	7.1693909473	11	17366	0.707107774066	0.100900625313	0.000207633756513	Calmodulin binding protein1	
Misin07G367300.1.v7.1	379.436165701	60.2844082475	97	143848	0.810241691149	0.129182839064	1.60082623172e-05	glutathione transferase	
Misin07G413400.1.v7.1	1369.29266213	1.31583704628	2	2	1.16276860829	0.0472658741112	3.1507964246e-05	Aquaporin plasma membrane intrinsic protein 2-2	
Misin07G413400.1.v7.1	651.16425647	28.5047664504	43	20749	1.0172827654	0.314740368727	0.000233369319057	Aquaporin	
Misin07G437200.1.v7.1	741.937493421	39.3096391484	58	20169	1.04067437371	0.290365337119	0.000287383229342	Aquaporin	
Misin07G437200.1.v7.1	850.799732135	4.01471741222	6	160	0.948099457105	0.0335455164378	2.20269718195e-05	Plasma membrane intrinsic protein 1	
Misin07G437200.1.v7.1	3.1817882572	0.659178262354	1	260692	0.597533418651	0.0118126473868	1.16386151741e-08	Transmembrane protein	
Misin07G467100.1.v7.1	998.6484851	63.5352098341	98	21008	1.03864517435	0.092802843743	1.36565150598e-05	Transmembrane 9 superfamily member	
Misin07G506600.1.v7.1	872.203873903	9.65300903008	15	749	0.943339923544	0.0084120207389	1.49544256012e-07	1-aminocyclopropane-1-carboxylate oxidase	
Misin07G506600.1.v7.1	402.747722351	45.2157900714	71	77037	0.840725972121	0.169104109612	8.52543153173e-05	Fe2OG dioxygenase domain-containing protein	
Misin07G513900.1.v7.1	1762.25123263	3.8629443043	6	129	1.35750357063	0.118118961134	1.40907708367e-06	Class II heat shock protein	
Misin07G513900.1.v7.1	248.930891971	8.45052766382	13	30930	0.844368150815	0.292063203777	0.000114801247214	SHSP domain-containing protein	
Misin07G519500.1.v7.1	1142.61858919	13.2719379426	22	3595	1.12276074913	0.142855105798	5.36929978179e-06	Eukaryotic translation initiation factor 3 subunit G	
Misin07G527200.1.v7.1	998.850641463	63.1285946819	98	21008	1.04297666063	0.100822843979	1.48367079245e-05	Transmembrane 9 superfamily member	
Misin07G542400.1.v7.1	539.974676192	2.87399093225	5	562	0.809112389508	0.0058915442992	2.76329768895e-08	Putative voltage-gated potassium channel subunit beta	
Misin07G542400.1.v7.1	288.018827025	15.687228348	27	58832	0.745644104019	0.0762954009692	5.34742810653e-07	NADP-dependent oxidoreductase domain-containing protein	
Misin07G547500.1.v7.1	620.909883566	40.5226914764	64	32324	1.02936350383	0.360373725685	7.37896336204e-05	K Homology domain-containing protein	
Misin07G547500.1.v7.1	33.7644916885	3.11734739196	5	64170	0.603505796675	0.0	0.0	RNA-binding protein Nova-1	
Misin07G547500.1.v7.1	0	0.74843175914	1	1	0.590527574554	0.000995422075107	4.27256449097e-08	KH domain-containing protein NOVA-like	
Misin07G548500.1.v7.1	696.670468447	33.924452466	51	20164	1.04040020689	0.324012192716	0.000277868686081	Aquaporin	
Misin07G548500.1.v7.1	908.470875096	3.9527451535	6	161	0.97744454067	0.0453882464547	2.10005454851e-05	Plasma membrane intrinsic protein 1	
Misin08G007700.1.v7.1	719.830909404	60.2474785132	96	39153	1.14451377778	0.50297946961	0.000114756012976	Carboxypeptidase	
Misin08G007700.1.v7.1	115.96846846	0.659930493865	1	181	0.646734020306	0.0195219476004	3.46904362489e-08	Serine carboxypeptidase-like	
Misin08G045800.1.v7.1	2788.26716473	10.1013842626	19	98	1.73044727922	0.0473670126399	0.00179483144747	SNF1-related protein kinase regulatory subunit gamma-like PV42a	
Misin08G045800.1.v7.1	304.397976161	39.8681697197	71	127967	0.862582048807	0.284566596933	0.000128098373259	CBS domain-containing protein	
Misin08G045800.1.v7.1	469.590252897	1.15282103882	2	45	0.782039582245	0.00793108782945	2.2683258246e-07	Cystathionine beta-synthase (CBS) protein	
Misin08G052900.1.v7.1	622.245572596	10.3626403921	17	5935	1.03012304478	0.360801160916	1.00229423189e-05	Tubulin/FtsZ GTPase domain-containing protein	
Misin08G052900.1.v7.1	893.32115672	0.610651388437	1	2	0.962484042526	0.0285954331323	1.39158855407e-08	Beta-tubulin 6	
Misin08G052900.1.v7.1	136.073414653	4.85272923434	8	27198	0.645838440262	0.00265862720489	9.91342367992e-08	Tubulin beta chain	
Misin08G052900.1.v7.1	11.3166314729	0.602974324998	1	59852	0.609523203951	0.0282953761215	1.00862914956e-07	Purine-nucleoside phosphorylase	
Misin08G161000.1.v7.1	210.594454604	38.6723251097	65	267874	0.885679408874	0.398944772568	4.48785510484e-05	Thioredoxin domain-containing protein	
Misin08G161000.1.v7.1	120.41382606	6.51786954563	11	23281	0.648207444602	0.018930578549	0.000435377375478	Disulfide isomerase	
Misin08G281600.1.v7.1	679.754311304	34.116974306	57	23799	1.00741353823	0.274547292942	8.74225988371e-05	Peptidase M48 domain-containing protein	
Misin08G281600.1.v7.1	674.92929657	3.5810839738	6	266	0.876155410654	0.0305338994903	3.62647998186e-05	Mitochondrial metalloendopeptidase OMA1	
Misin08G317700.1.v7.1	2185.38391941	10.1205886134	18	157	1.49018922361	0.0491214712906	6.38029170725e-05	Clathrin interactor EPSIN 2	
Misin08G317700.1.v7.1	936.981734255	40.1298809501	69	13427	1.12939142313	0.310515705844	0.00127026641983	ENTH domain-containing protein	
Misin09G018200.1.v7.1	623.012494474	62.625896784	97	53423	1.08056446128	0.455394933896	7.42610362984e-06	2-isopropylmalate synthase	
Misin09G057300.1.v7.1	1569.54468655	62.0695539808	95	8256	1.3121399587	0.177961631091	0.000120980084419	Coatomer subunit beta	
Misin09G141100.1.v7.1	641.34942756	1.20128847951	2	1041	0.952499455397	0.199921476247	6.50980877452e-05	NADH-ubiquinone reductase complex 1 MLRQ subunit	LOC100274774
Misin09G146400.1.v7.1	2290.87022415	49.7069387501	79	2770	1.58562008104	0.149512784329	0.00151078412316	GOST seven transmembrane domain-containing protein	
Misin09G146400.1.v7.1	483.759475142	4.21193659514	7	446	0.841183748111	0.108826967705	8.32585249662e-05	Transmembrane protein 87B	
Misin09G146400.1.v7.1	309.406994793	4.21544812913	7	1092	0.756441712447	0.0805259653351	7.6451029696e-06	Transmembrane receptor	
Misin10G048800.1.v7.1	988.688177759	63.7058349007	96	21008	1.04692474833	0.115941779171	1.67133582123e-05	Transmembrane 9 superfamily member	
Misin10G188700.1.v7.1	1297.6834293	41.686946719	68	8415	1.10907337172	0.0	0.0	14-3-3 domain-containing protein	
Misin10G188700.1.v7.1	505.297760151	0.559556818621	1	4	0.879692507358	0.165232820733	4.15453537122e-07	General regulatory factor 10	
Misin10G188700.1.v7.1	318.889619018	0.56941154734	1	26	0.735497992224	0.0338531024842	1.49950868663e-08	14-3-3 domain superfamily	
Misin11G003400.1.v7.1	644.388626591	1.78653825473	3	178	0.927736660457	0.150901816015	0.000162366650639	Glyoxylate/hydroxypyruvate reductase HPR3	
Misin11G003400.1.v7.1	606.50580785	2.4889906331	4	390	0.902863855173	0.132568695511	6.17058935152e-06	Hydroxyphenylpyruvate reductase	
Misin11G003400.1.v7.1	368.93496794	7.9231406654	13	10679	0.852324244008	0.216509882377	9.5859702622e-07	D-isomer specific 2-hydroxyacid dehydrogenase NAD-binding domain-containing protein	
Misin11G003400.1.v7.1	229.369920267	2.9966298992	5	3952	0.782281119282	0.189685128646	1.64964215495e-06	Glyoxylate reductase	
Misin11G171000.1.v7.1	830.133613332	62.3996457912	97	29823	1.14777419113	0.425887362664	2.21791001967e-05	Calcium-transporting ATPase	
Misin11G171000.1.v7.1	34.5162648498	0.637536269094	1	1798	0.605534800351	0.00326093283984	3.04873023973e-10	P-type Ca(2+) transporter (Fragment)	
Misin11G207200.1.v7.1	8.10652179616e-09	0.636565030308	1	19294	1.11930495452	0.998687836242	2.00652542844e-05	START domain-containing protein	
Misin11G222200.1.v7.1	2849.64484609	53.8420810359	96	2529	1.92646568382	0.370957583174	1.13148712323e-05	(S)-2-hydroxy-acid oxidase	
Misin12G003500.1.v7.1	3681.85596475	24.2299149228	39	344	2.18755355011	0.235488873482	0.000103063214034	Rhomboid-like protein 19	
Misin12G003500.1.v7.1	378.82716016	17.2160889701	27	16400	0.816937576366	0.142273948407	7.59823113493e-05	Peptidase S54 rhomboid domain-containing protein	
Misin12G003500.1.v7.1	469.784862078	0.527115329393	1	2	0.779110193193	0.00225698038393	2.43789300366e-06	PLACENTAL PROTEIN 6	
Misin12G003500.1.v7.1	394.537143329	1.06613343277	2	58	0.752741771546	0.00929606386511	1.83182154545e-08	Transmembrane protein 115-like	
Misin12G062800.1.v7.1	1082.08288688	52.591066507	81	13352	1.14214919888	0.225086800594	0.00100199080876	Exostosin GT47 domain-containing protein	
Misin12G062800.1.v7.1	640.468166177	1.94251381659	3	52	0.847911593243	0.00325150939571	5.13396220376e-05	Probable beta-1,4-xylosyltransferase IRX10L	
Misin12G062800.1.v7.1	547.500910454	2.6052973349	4	128	0.814612810506	0.0105894747353	1.23571675539e-06	Putative glucuronosyltransferase	
Misin12G062800.1.v7.1	463.087581985	0.674710753839	1	12	0.776345135436	0.00209453101839	6.0137137091e-08	Secondary cell wall-related glycosyltransferase family 47	
Misin12G062800.1.v7.1	32.519366199	0.557878164445	1	1661	0.605952194883	0.00555556296327	1.65991701055e-09	quinol--cytochrome-c reductase	
Misin12G096700.1.v7.1	133.224133802	2.74615062983	5	60225	0.673726688865	0.0574283657604	7.45382672161e-08	NADP-dependent oxidoreductase domain-containing protein	
Misin12G110200.1.v7.1	1019.65687189	26.4011898766	42	8225	1.12900707223	0.247417941206	0.000640731919517	Bet v I/Major latex protein domain-containing protein	
Misin12G110200.1.v7.1	570.448498949	1.26149936938	2	60	0.826266212026	0.0152560782937	5.45475213044e-05	Salt tolerant protein	
Misin12G126200.1.v7.1	1127.41527853	62.7307873514	99	16654	1.15141989254	0.208400889268	6.54908508193e-05	Malate synthase	
Misin12G201000.1.v7.1	2790.51948852	60.7677937797	94	2524	1.86819581	0.305637412714	9.2928794481e-06	(S)-2-hydroxy-acid oxidase	
Misin12G201000.1.v7.1	169.181447204	0.630847448584	1	74	0.781209495896	0.233088256689	7.0484520684e-06	Peroxisomal (S)-2-hydroxy-acid oxidase	
Misin12G201000.1.v7.1	0	0.715721775551	1	1	0.652994875017	0.118857785346	1.24391604205e-05	(S)-2-hydroxy-acid oxidase GLO1 isoform X1	
Misin12G270100.1.v7.1	1622.55420538	1.75771297974	3	6	1.24753129644	0.0160558753042	1.86023224167e-08	DJ-1 homolog D	
Misin12G270100.1.v7.1	1038.96745378	37.0851353967	64	10856	1.00558698151	0.0	0.0	DJ-1/PfpI domain-containing protein	
Misin12G270100.1.v7.1	823.16985564	2.84800565084	5	102	0.980547476131	0.115621741038	5.56242187403e-07	Class I glutamine amidotransferase-like superfamily protein	
Misin12G270100.1.v7.1	326.63524914	0.570560841423	1	26	0.724017013331	0.00634512010494	9.54757088372e-10	Putative transcriptional regulator DJ-1	
Misin12G270100.1.v7.1	263.118422941	1.14727961899	2	162	0.712266604982	0.0321117506083	3.99177919397e-07	Intracellular protease 1	
Misin13G027300.1.v7.1	840.709462993	10.9998900259	17	2967	0.963551930446	0.0703171883036	1.77237762036e-06	Nitrate transporter	
Misin13G027300.1.v7.1	53.61421775	8.24348194835	13	406889	0.635192516808	0.0448053128163	6.95760452191e-07	Major facilitator superfamily (MFS) profile domain-containing protein	
Misin13G081600.1.v7.1	795.636641382	1.08646287566	2	110	0.937466958278	0.05511744731	2.73256503669e-06	Late embryogenesis abundant protein D-34-like	
Misin13G081600.1.v7.1	395.864208358	4.91193843628	8	9082	0.866538759956	0.223004892469	2.41801973374e-05	SMP domain-containing protein	
Misin14G027400.1.v7.1	1933.12792771	2.66174555067	4	228	1.36704673303	0.00716142931431	2.20371044998e-07	Calcineurin B-like protein (Fragment)	CBL6
Misin14G060100.1.v7.1	457.411052769	9.94847504224	17	17346	0.79401542751	0.0397188417442	1.01390677395e-06	Transmembrane 9 superfamily member	
Misin14G086000.1.v7.1	1262.44971618	45.7057720155	78	9728	1.27935489482	0.34785614517	0.000562570585182	GRAM domain-containing protein	
Misin14G086000.1.v7.1	1485.34328956	2.4382408403	4	20	1.18413731582	0.0	0.0	ABA-responsive protein	
Misin14G086000.1.v7.1	0	0.684583233408	1	1	0.597619965193	0.014377282439	2.75036967499e-07	ABA-responsive protein, putative, expressed	
Misin14G099700.1.v7.1	693.687054943	65.1067921237	100	44421	1.04373392311	0.33256177047	6.81389918179e-05	Phospho-2-dehydro-3-deoxyheptonate aldolase	
Misin14G145400.1.v7.1	945.375338041	25.5740834262	41	4293	0.995496407405	0.0515945165397	5.89211164322e-05	Ureidoglycolate hydrolase	
Misin14G145400.1.v7.1	805.863328442	3.03112249747	5	83	0.922632748671	0.0194102128348	2.24593380401e-07	N-carbamyl-L-amino acid amidohydrolase	
Misin14G145400.1.v7.1	461.624899425	29.6339983707	47	24169	0.833015263451	0.110121963256	3.3157735211e-05	Peptidase M20 dimerisation domain-containing protein	
Misin16G013800.1.v7.1	1131.34324675	46.565863601	73	10940	1.23717757162	0.367242338156	9.16849886641e-05	Cupin type-1 domain-containing protein	
Misin16G013800.1.v7.1	620.613437236	2.59606688821	4	113	0.843533397507	0.00997585864375	4.0876592109e-05	Glutelin type-A 1	
Misin16G013800.1.v7.1	573.97888607	0.714246962797	1	8	0.822316791524	0.0051412538516	1.86277313463e-05	Legumin	
Misin16G013800.1.v7.1	531.751193068	1.940498408	3	86	0.804967843088	0.004277757821	7.71076489608e-06	11S globulin seed storage protein 2	
Misin16G044000.1.v7.1	434.431761495	61.1647078143	96	106292	1.03648548255	0.514551776263	1.68265240848e-05	Long-chain-fatty-acid--CoA ligase	
Misin16G044000.1.v7.1	856.682523204	1.33355033392	2	13	0.937203373548	0.0085478558717	3.27014272172e-08	Long chain acyl-CoA synthetase 1-like	
Misin16G125400.1.v7.1	1119.78330569	58.3732041735	92	15367	1.25954760977	0.418176008665	5.01452562803e-05	UDP-glucuronate decarboxylase	
Misin16G125400.1.v7.1	13.8033093955	1.24887020407	2	45373	0.595521323758	0.0	0.0	NAD(P)-binding domain-containing protein	
Misin16G210600.1.v7.1	806.278818952	1.29764172279	2	30	0.953122888827	0.076625149028	1.61307584764e-06	Receptor like protein 29	
Misin16G210600.1.v7.1	396.054612653	23.1865698933	39	39684	0.748421845061	0.0	0.0	Leucine-rich repeat-containing N-terminal plant-type domain-containing protein	
Misin16G210600.1.v7.1	22.030546842	4.96924210799	8	571551	0.707175034255	0.204458134185	2.2001805346e-07	non-specific serine/threonine protein kinase	
Misin16G210600.1.v7.1	176.594209161	0.637656830573	1	151	0.675003496614	0.027103696773	4.26829870442e-05	Piriformospora indica-insensitive protein 2-like	
Misin16G210600.1.v7.1	141.539061756	0.582280962954	1	196	0.667610815105	0.0396087565279	0.000127472147825	Protein TOO MANY MOUTHS	
Misin16G248000.1.v7.1	1207.56932946	27.2853796615	46	4406	1.14799742905	0.14144435535	0.000209446452279	Water stress and hypersensitive response domain-containing protein	
Misin16G248000.1.v7.1	574.323865565	0.648397112629	1	11	0.823519838336	0.00715070554782	2.09084957539e-05	Putative desiccation-related protein LEA14	
Misin16G248000.1.v7.1	487.459300725	12.1376242294	21	5350	0.815251730206	0.0571083890238	2.81866589547e-05	Late embryogenesis abundant protein Lea14-A	
Misin16G248000.1.v7.1	462.03716484	1.15575063061	2	54	0.777921225395	0.005860586325	1.24353605534e-05	Desiccation protectant protein Lea	
Misin16G248000.1.v7.1	26.8330482838	0.6588373086	1	5187	0.600733219314	0.0	0.0	Late-embryogenesis-abundant protein	
Misin17G023300.1.v7.1	726.577752094	21.1405281783	38	13427	1.13550883594	0.480860506225	0.00108334020493	ENTH domain-containing protein	
Misin17G023300.1.v7.1	531.164044801	2.91592942653	5	478	0.831461131061	0.0547083812227	3.5546145064e-06	Putative clathrin assembly protein	
Misin17G173700.1.v7.1	195.255536172	16.8093910937	26	145814	0.710941563956	0.0808288928457	1.81396728926e-06	Aminotransferase class-III	
Misin17G174300.1.v7.1	392.254462557	30.4559571079	56	53756	0.885779000886	0.262032339274	3.80237061615e-06	NADP-dependent oxidoreductase domain-containing protein	
Misin17G174300.1.v7.1	105.249712477	13.5749928913	25	147848	0.654001511654	0.0413235155763	8.1703885319e-06	Aldo/keto reductase	
Misin17G257700.1.v7.1	325.919089566	47.6187191584	77	132606	0.887051179907	0.314496762539	1.29967193338e-05	AAA+ ATPase domain-containing protein	
Misin17G257700.1.v7.1	279.002178736	4.14801798934	7	1374	0.717731172449	0.0304299447638	0.000121511473672	Spastin	
Misin17G257700.1.v7.1	181.268574427	3.34388209378	6	2115	0.677542366293	0.0283677832149	5.70908701901e-07	P-loop containing nucleoside triphosphate hydrolases superfamily protein	
Misin17G257700.1.v7.1	45.2049616815	0.552825238991	1	929	0.611453013922	0.00636027285786	4.23171846831e-06	Adenosinetriphosphatase	
Misin17G257700.1.v7.1	2.68643771455	0.557932618717	1	216549	0.592739592221	0.00314154174637	4.64565732176e-10	ATP binding protein	
Misin18G109800.1.v7.1	951.087195805	61.1160695209	96	22704	1.01112340506	0.0767703735231	1.14386576424e-05	Pyruvate dehydrogenase E1 component subunit alpha	
Misin18G127100.1.v7.1	4139.85513032	25.7875420688	40	236	2.52126020241	0.519468129953	2.07015910698e-06	65-kDa microtubule-associated protein 1	
Misin18G127100.1.v7.1	740.357590351	29.2030056545	46	9462	0.88614303614	0.0	0.0	Microtubule-associated protein MAP65-1a	
Misin18G151700.1.v7.1	1.16057537856e-11	0.671616683758	1	730	0.59	0.0	0.0	Reticulon-like protein (Fragment)	
Misin18G152900.1.v7.1	2463.63824642	13.5497290395	22	264	1.59606045553	0.0388767831217	2.3095417586e-05	Alpha-glucan water dikinase, chloroplastic	
Misin18G152900.1.v7.1	1294.97832648	21.6483818829	35	2439	1.17997925388	0.135824819072	3.84590138459e-05	Pyruvate phosphate dikinase AMP/ATP-binding domain-containing protein	
Misin18G152900.1.v7.1	546.98181791	0.585496984587	1	3	0.811427993314	0.00497218467965	4.13487291447e-07	Starch-granule-bound R1 protein	
Misin18G152900.1.v7.1	36.7163521472	4.11469950277	7	108592	0.612113788144	0.0140136617973	3.26648993473e-07	J domain-containing protein	
Misin18G170000.1.v7.1	339.417692241	47.1706542804	80	147996	1.14339459421	0.787969669046	0.000179635985914	Glutathione S-transferase	
Misin18G197900.1.v7.1	995.925842351	61.4499572457	95	20475	1.12500073946	0.257791307712	5.04717820956e-05	tryptophan synthase	
Misin19G055000.1.v7.1	2414.27236405	9.40947333493	17	122	1.59464874514	0.073469158276	5.72816940434e-05	Pre-mRNA-processing-splicing factor 8A	
Misin19G055000.1.v7.1	667.345609658	36.7876980482	68	24402	1.03108893802	0.328561517081	0.000654505014107	MPN domain-containing protein	
Misin19G055000.1.v7.1	465.845385447	0.636630916131	1	15	0.795561526589	0.0362704501515	1.69147468685e-06	Splicing factor Prp8	
Misin19G055000.1.v7.1	183.602214284	2.14403829588	4	1095	0.683043249766	0.0369855869022	1.49692975091e-07	Pre-mRNA-processing-splicing factor	
Misin19G056400.1.v7.1	1536.67227891	4.57358684015	7	51	1.24990950881	0.0853596143015	8.35024832866e-08	Caffeoyl-CoA O-methyltransferase 2	
Misin19G056400.1.v7.1	1451.12128549	37.7397520602	58	3894	1.18481144311	0.0270998642387	4.31988239638e-08	Caffeoyl-CoA O-methyltransferase	
Misin19G056400.1.v7.1	793.399780939	1.87050278755	3	32	0.932915999356	0.0482190274388	1.21912377665e-07	Class I-like SAM-dependent O-methyltransferase	
Misin19G056400.1.v7.1	317.620936638	7.85002879713	12	3516	0.812862972648	0.180773297034	0.000237528223277	Caffeoyl CoA 3-O-methyltransferase	
Misin19G056400.1.v7.1	205.962103144	0.642363303069	1	56	0.675242898037	0.00539007948217	6.57326766117e-05	norbelladine O-methyltransferase	
Misin19G056400.1.v7.1	0	1.99571443774	3	1	0.618711948	0.0541734838935	7.6843492426e-08	Caffeoyl-CoA-3-O-methyl transferase	
Misin19G056400.1.v7.1	42.1480591725	0.610335214898	1	1206	0.609698811938	0.00535766971543	1.16601384577e-06	S-adenosyl-L-methionine-dependent methyltransferases superfamily protein	
Misin19G056400.1.v7.1	0	0.668255139959	1	1	0.599688812596	0.018212053751	0.0018212053751	CCoAOMT	
Misin19G056400.1.v7.1	0	0.667238318944	1	1	0.59955643701	0.0180310060886	1.89172806888e-07	Caffeoyl-coenzymeA O-methyltransferase 1b	
Misin19G056400.1.v7.1	3.0418613391	0.566794714721	1	169409	0.591216744536	0.0	0.0	EF-hand domain-containing protein	
Misin19G162800.1.v7.1	1009.26461926	65.1835435872	100	21008	1.05156632242	0.109170088409	1.63929151076e-05	Transmembrane 9 superfamily member	
Misin19G206700.1.v7.1	2623.51325276	62.0849807672	96	2986	1.8991055355	0.49000014388	7.90718837063e-06	Sucrose-phosphate synthase	
Misin19G275200.1.v7.1	1505.34671468	2.00768815968	3	4	1.24400772015	0.097866074685	7.34713408839e-07	Cell elongation protein diminuto, putative	
Misin19G275200.1.v7.1	1453.92225005	2.03374872554	3	11	1.18672621324	0.0285860174382	0.000336198680569	Cell elongation protein DIMINUTO	
Misin19G275200.1.v7.1	998.905101965	1.33224546175	2	2	1.01921476346	0.0559440559441	0.000118651232119	Brassinosteroid biosynthesis-like protein	
Misin19G275200.1.v7.1	951.807449108	1.26943118087	2	7	0.981363122017	0.0200757388137	4.01174687056e-08	Delta(24)-sterol reductase-like isoform X1	
Misin19G275200.1.v7.1	655.570996592	6.45485636995	10	545	0.890640756873	0.0724761394434	2.16547589355e-07	Delta(24)-sterol reductase	
Misin19G275200.1.v7.1	504.018131703	44.7854823812	69	44373	0.791607252681	0.0	0.0	FAD-binding PCMH-type domain-containing protein	
Misin19G275200.1.v7.1	83.3758189771	0.638876857193	1	330	0.62994015608	0.01243363848	4.71968043643e-09	FAD binding domain	
MisinT036500.1.v7.1	1096.83271101	62.1738334225	97	17242	1.11334365872	0.159641388491	3.19207736202e-05	Tryptophan synthase	
MisinT054100.1.v7.1	1386.0186043	1.21614158632	2	5	1.15385824172	0.0178306535491	2.7680864127e-05	LIS1 motif containing protein	
MisinT054100.1.v7.1	871.028742477	22.1393798683	35	8391	1.10744306155	0.318898330437	0.000772471559645	LisH domain-containing protein	
MisinT054100.1.v7.1	356.628545868	1.21194455706	2	150	0.738000642635	0.0100927308467	3.84694241846e-06	FGFR1 oncogene partner	
MisinT054100.1.v7.1	66.3864727359	0.664305174796	1	1300	0.619442415421	0.00544872887857	1.03118802933e-09	RNA binding (RRM/RBD/RNP motifs) family protein	
MisinT054100.1.v7.1	0	0.741014920837	1	1	0.590147825797	0.000278890802344	6.83569780873e-07	Tonneau 1	
MisinT206400.1.v7.1	2486.20663055	59.3121593736	96	3318	1.86561169787	0.530382622189	0.00131279442388	galactinol--sucrose galactosyltransferase	
MisinT386500.1.v7.1	685.489607175	65.7324838331	99	45058	1.01619832684	0.286796959464	4.77247893181e-06	S-adenosylmethionine synthase	
MisinT394200.1.v7.1	523.375204123	59.989646144	95	73048	0.800768977705	0.00267716236001	2.66722428234e-10	UDP-glucose 4-epimerase	
MisinT394200.1.v7.1	11.8775803411	1.0855946367	2	45373	0.594751032136	0.0	0.0	NAD(P)-binding domain-containing protein	
MisinT397300.1.v7.1	1146.19665409	67.9034193334	100	16297	1.13911466918	0.171009918586	3.75347929155e-05	Tubulin alpha chain	
MisinT437000.1.v7.1	654.248906855	3.67072207334	6	183	0.919814291068	0.128512898889	0.000144595730453	Probable leucine-rich repeat receptor-like protein kinase At5g49770	
MisinT437000.1.v7.1	130.489152777	54.8084228492	87	1020095	0.828225387787	0.350999300109	4.88093702513e-06	non-specific serine/threonine protein kinase	
