qpid	ontology	goid	desc	ARGOT_score	ARGOT_PPV	ARGOT_rank	goclasscount
Misin01G018500.1.v7.1	MF	0004335	galactokinase activity	12.2943469369	0.813819051152	1	100
Misin01G018500.1.v7.1	BP	0006012	galactose metabolic process	9.65819179675	0.755947209386	1	100
Misin01G018500.1.v7.1	CC	0005829	cytosol	3.41890238383	0.573178780753	1	95
Misin01G018500.1.v7.1	BP	0046835	carbohydrate phosphorylation	8.8314333449	0.736201404943	2	100
Misin01G018500.1.v7.1	CC	0016020	membrane	0.00843081856321	0.318032189805	5	1
Misin01G018500.1.v7.1	MF	0005524	ATP binding	3.05184381095	0.558357535153	6	100
Misin01G018500.1.v7.1	MF	0033858	N-acetylgalactosamine kinase activity	0.401888884732	0.39674911424	24	2
Misin01G032900.1.v7.1	MF	0003924	GTPase activity	6.63034496823	0.678582104652	1	100
Misin01G032900.1.v7.1	CC	0005794	Golgi apparatus	6.47755660287	0.67424916447	1	100
Misin01G032900.1.v7.1	BP	0016192	vesicle-mediated transport	6.05521885823	0.661998784488	1	100
Misin01G032900.1.v7.1	MF	0005525	GTP binding	5.98802684939	0.660010863311	2	100
Misin01G032900.1.v7.1	BP	0015031	protein transport	5.44822983635	0.6436177593	2	100
Misin01G032900.1.v7.1	CC	0016020	membrane	0.00923945278717	0.318656924901	10	1
Misin01G032900.1.v7.1	BP	0046907	intracellular transport	0.906347075848	0.442933684947	13	15
Misin01G106600.1.v7.1	MF	0140662	ATP-dependent protein folding chaperone	8.53760899217	0.728962597793	1	100
Misin01G106600.1.v7.1	BP	0006457	protein folding	6.54921498426	0.676287622886	1	100
Misin01G106600.1.v7.1	CC	0005783	endoplasmic reticulum	5.81106830058	0.654721407094	1	96
Misin01G106600.1.v7.1	MF	0005524	ATP binding	3.05184870555	0.558357738563	4	100
Misin01G106600.1.v7.1	BP	0036503	ERAD pathway	2.10201483853	0.515215707066	6	19
Misin01G106600.1.v7.1	BP	0030968	endoplasmic reticulum unfolded protein response	2.07943485522	0.514081967299	7	19
Misin01G106600.1.v7.1	CC	0070013	intracellular organelle lumen	1.13900458576	0.459663477122	11	21
Misin01G106600.1.v7.1	CC	0005634	nucleus	0.683414145756	0.424735193887	15	20
Misin01G106600.1.v7.1	MF	0031072	heat shock protein binding	1.89795028454	0.504736401105	16	19
Misin01G106600.1.v7.1	CC	0032991	protein-containing complex	0.53164697283	0.410571310533	16	20
Misin01G106600.1.v7.1	CC	0016020	membrane	0.219751611412	0.372766379465	17	24
Misin01G106600.1.v7.1	MF	0016887	ATP hydrolysis activity	0.859438518211	0.439308976881	20	19
Misin01G106600.1.v7.1	BP	0000304	response to singlet oxygen	0.161097879338	0.362978924441	42	1
Misin01G106600.1.v7.1	BP	0009860	pollen tube growth	0.153594075908	0.361605448299	43	1
Misin01G114400.1.v7.1	BP	0031408	oxylipin biosynthetic process	13.5693516144	0.839567444196	1	99
Misin01G114400.1.v7.1	MF	0016702	oxidoreductase activity, acting on single donors with incorporation of molecular oxygen, incorporation of two atoms of oxygen	9.30496550001	0.747618683096	1	100
Misin01G114400.1.v7.1	CC	0005737	cytoplasm	0.0475429286951	0.336359903149	1	4
Misin01G114400.1.v7.1	BP	0034440	lipid oxidation	8.50188166233	0.728073961365	3	100
Misin01G114400.1.v7.1	BP	0006633	fatty acid biosynthetic process	6.91492144554	0.686521378963	5	99
Misin01G114400.1.v7.1	MF	0046872	metal ion binding	2.47639412059	0.533194893379	5	100
Misin01G114400.1.v7.1	MF	0016747	acyltransferase activity, transferring groups other than amino-acyl groups	0.0627874234755	0.341083372035	12	1
Misin01G122900.1.v7.1	MF	0022857	transmembrane transporter activity	3.25900230858	0.566825305974	1	18
Misin01G122900.1.v7.1	BP	0055085	transmembrane transport	2.72899660039	0.544565680092	1	18
Misin01G122900.1.v7.1	CC	0016020	membrane	0.921489895526	0.4440836731	1	18
Misin01G123100.1.v7.1	CC	0045271	respiratory chain complex I	9.98023131656	0.763408639614	1	5
Misin01G130700.1.v7.1	MF	0042973	glucan endo-1,3-beta-D-glucosidase activity	7.51476231291	0.702737729912	1	28
Misin01G130700.1.v7.1	BP	0005975	carbohydrate metabolic process	4.1547598837	0.600664472223	1	48
Misin01G130700.1.v7.1	CC	0005886	plasma membrane	0.270956302942	0.380281628543	1	5
Misin01G130700.1.v7.1	BP	0009987	cellular process	0.410469464783	0.397726577626	4	48
Misin01G130700.1.v7.1	MF	0016887	ATP hydrolysis activity	0.113824522379	0.353687416326	8	1
Misin01G130700.1.v7.1	MF	0005524	ATP binding	0.0755041953922	0.344598094837	14	1
Misin01G131700.1.v7.1	MF	0003924	GTPase activity	6.6282735684	0.678523697448	1	9
Misin01G131700.1.v7.1	BP	0015031	protein transport	5.44652774356	0.643564814164	1	9
Misin01G131700.1.v7.1	CC	0012505	endomembrane system	4.87937656067	0.625436794278	1	9
Misin01G131700.1.v7.1	MF	0005525	GTP binding	5.9861561175	0.659955357273	2	9
Misin01G131700.1.v7.1	CC	0030139	endocytic vesicle	1.08576517013	0.455998481527	2	1
Misin01G131700.1.v7.1	BP	0046907	intracellular transport	0.660615002652	0.422715984195	12	1
Misin01G210000.1.v7.1	CC	0005794	Golgi apparatus	1.70987443817	0.494566666834	1	1
Misin01G210000.1.v7.1	CC	0016020	membrane	0.920884659291	0.444037891857	3	2
Misin01G274000.1.v7.1	MF	0003680	minor groove of adenine-thymine-rich DNA binding	13.3017439433	0.834266992577	1	69
Misin01G274000.1.v7.1	CC	0005634	nucleus	3.47390915766	0.575329942407	1	69
Misin01G316300.1.v7.1	BP	0034605	cellular response to heat	9.35331701747	0.748767964181	1	96
Misin01G316300.1.v7.1	MF	0016887	ATP hydrolysis activity	4.60075835191	0.616144974857	1	100
Misin01G316300.1.v7.1	CC	0005737	cytoplasm	1.53841217191	0.484795545078	1	100
Misin01G316300.1.v7.1	BP	0042026	protein refolding	9.03604083409	0.741171316751	2	100
Misin01G316300.1.v7.1	CC	0043231	intracellular membrane-bounded organelle	0.48287149846	0.405597963889	5	19
Misin01G316300.1.v7.1	MF	0005524	ATP binding	3.0518604453	0.558358226444	7	100
Misin01G316300.1.v7.1	BP	0009658	chloroplast organization	0.225345499072	0.373627267251	20	2
Misin01G380100.1.v7.1	MF	0016853	isomerase activity	5.25589590949	0.637581756327	1	1
Misin01G418600.1.v7.1	CC	0005886	plasma membrane	2.54965811474	0.536550262065	1	43
Misin01G421800.1.v7.1	CC	0010008	endosome membrane	8.42724152978	0.726211411781	1	100
Misin01G421800.1.v7.1	BP	0072657	protein localization to membrane	6.59224410557	0.677506311866	1	90
Misin01G421800.1.v7.1	CC	0000139	Golgi membrane	7.85325326373	0.711603493091	2	100
Misin01G469600.1.v7.1	BP	0009414	response to water deprivation	12.8657279285	0.825515376641	1	1
Misin01G486600.1.v7.1	MF	0016161	beta-amylase activity	14.6711177447	0.84886859149	1	100
Misin01G486600.1.v7.1	BP	0000272	polysaccharide catabolic process	7.61065527696	0.705269281936	1	100
Misin01G486600.1.v7.1	CC	0009507	chloroplast	0.124505091338	0.355934225093	1	2
Misin01G486600.1.v7.1	BP	0009987	cellular process	0.410475498674	0.397727261368	10	100
Misin01G486600.1.v7.1	BP	0009414	response to water deprivation	0.112724650049	0.353450162112	12	1
Misin01G486600.1.v7.1	BP	0005982	starch metabolic process	0.111598901619	0.353206124425	14	1
Misin01G496800.1.v7.1	MF	0005509	calcium ion binding	6.92307407494	0.686746394624	1	100
Misin01G496800.1.v7.1	BP	0016197	endosomal transport	4.71461617433	0.619975183591	1	61
Misin01G496800.1.v7.1	CC	0005886	plasma membrane	1.34784537087	0.47327247067	1	61
Misin01G496800.1.v7.1	BP	0006897	endocytosis	4.00163192082	0.595159232685	2	61
Misin01G496800.1.v7.1	CC	0005737	cytoplasm	0.813242504655	0.435641300801	3	61
Misin01G502300.1.v7.1	MF	0004048	anthranilate phosphoribosyltransferase activity	11.6453707717	0.800199563869	1	4
Misin01G502300.1.v7.1	BP	0000162	tryptophan biosynthetic process	8.61443796215	0.730867267788	1	4
Misin01G502300.1.v7.1	CC	0005829	cytosol	1.05493495749	0.453834958699	1	1
Misin02G051900.1.v7.1	MF	0005200	structural constituent of cytoskeleton	10.1129545256	0.766448659752	1	99
Misin02G051900.1.v7.1	CC	0005874	microtubule	7.77501880936	0.709571624788	1	100
Misin02G051900.1.v7.1	BP	0007017	microtubule-based process	7.16222888028	0.693289189211	1	100
Misin02G051900.1.v7.1	BP	0007010	cytoskeleton organization	6.72485321834	0.681237314746	2	99
Misin02G051900.1.v7.1	MF	0005525	GTP binding	5.98801376229	0.660010475037	2	100
Misin02G051900.1.v7.1	BP	0000278	mitotic cell cycle	0.797527115278	0.434369950538	7	10
Misin02G051900.1.v7.1	CC	0005737	cytoplasm	0.401224141529	0.396672955943	13	25
Misin02G051900.1.v7.1	MF	0016787	hydrolase activity	2.23119433954	0.521587896177	15	99
Misin02G051900.1.v7.1	MF	0046872	metal ion binding	0.0518787564274	0.337772071252	21	2
Misin02G078400.1.v7.1	BP	0030245	cellulose catabolic process	10.2854935638	0.770370991394	1	100
Misin02G078400.1.v7.1	MF	0008810	cellulase activity	7.52202340482	0.702929984211	1	64
Misin02G078400.1.v7.1	CC	0016020	membrane	0.871577266149	0.440256255353	1	94
Misin02G078400.1.v7.1	BP	0009987	cellular process	0.410476648248	0.397727391633	16	100
Misin02G094400.1.v7.1	MF	0004672	protein kinase activity	5.25385317482	0.637517061821	1	4
Misin02G094400.1.v7.1	CC	0016020	membrane	0.921370915166	0.444074674383	1	4
Misin02G094400.1.v7.1	MF	0005524	ATP binding	3.05127763737	0.558334004975	6	4
Misin02G103400.1.v7.1	BP	0031408	oxylipin biosynthetic process	13.194421752	0.832126318622	1	96
Misin02G103400.1.v7.1	MF	0016702	oxidoreductase activity, acting on single donors with incorporation of molecular oxygen, incorporation of two atoms of oxygen	9.30497139908	0.747618823494	1	100
Misin02G103400.1.v7.1	CC	0005737	cytoplasm	0.0128652651653	0.321169332108	1	1
Misin02G103400.1.v7.1	BP	0034440	lipid oxidation	8.50188705227	0.728074095569	3	100
Misin02G103400.1.v7.1	BP	0006633	fatty acid biosynthetic process	6.72385774407	0.681209444466	5	96
Misin02G103400.1.v7.1	MF	0046872	metal ion binding	2.47639569055	0.533194965808	5	100
Misin02G103400.1.v7.1	MF	0016747	acyltransferase activity, transferring groups other than amino-acyl groups	0.0611691696435	0.340611447344	12	1
Misin02G103400.1.v7.1	BP	0002215	defense response to nematode	0.165323095983	0.363738237148	22	1
Misin02G103400.1.v7.1	BP	0009845	seed germination	0.137311148853	0.358504613591	23	1
Misin02G103400.1.v7.1	BP	0050832	defense response to fungus	0.0970200187283	0.349926949219	25	1
Misin02G112800.1.v7.1	MF	0030544	Hsp70 protein binding	11.7672574578	0.802785895878	1	100
Misin02G112800.1.v7.1	BP	0009408	response to heat	8.25664857146	0.72192326409	1	98
Misin02G112800.1.v7.1	CC	0005783	endoplasmic reticulum	1.41946739598	0.477693317466	1	23
Misin02G112800.1.v7.1	MF	0051082	unfolded protein binding	7.75172777351	0.7089647483	4	100
Misin02G112800.1.v7.1	BP	0006457	protein folding	6.54919757215	0.676287128924	4	100
Misin02G112800.1.v7.1	MF	0005524	ATP binding	2.99119889977	0.555824602641	6	98
Misin02G112800.1.v7.1	CC	0005829	cytosol	0.473814831703	0.404647271345	6	13
Misin02G112800.1.v7.1	CC	0016020	membrane	0.00916196988879	0.318598279665	11	1
Misin02G112800.1.v7.1	MF	0046872	metal ion binding	2.47638171727	0.533194321156	14	100
Misin02G112800.1.v7.1	BP	0051259	protein complex oligomerization	0.444015632338	0.401453291092	16	5
Misin02G112800.1.v7.1	BP	0044571	[2Fe-2S] cluster assembly	0.367694003777	0.392746052662	18	3
Misin02G112800.1.v7.1	MF	0001671	ATPase activator activity	0.368563759786	0.392850124731	24	3
Misin02G173100.1.v7.1	BP	0009737	response to abscisic acid	11.9402249745	0.806433236637	1	3
Misin02G173100.1.v7.1	BP	0006950	response to stress	1.42067622266	0.477766962848	9	1
Misin02G199600.1.v7.1	BP	0010124	phenylacetate catabolic process	9.94403362799	0.762576029882	1	94
Misin02G199600.1.v7.1	MF	0003988	acetyl-CoA C-acyltransferase activity	9.65355238559	0.755838815762	1	94
Misin02G199600.1.v7.1	CC	0005777	peroxisome	7.91800615022	0.713277581844	1	94
Misin02G199600.1.v7.1	BP	0006635	fatty acid beta-oxidation	8.07228816916	0.717238936783	7	94
Misin02G199600.1.v7.1	MF	0004674	protein serine/threonine kinase activity	0.0622311266591	0.340921835025	7	1
Misin02G199600.1.v7.1	MF	0005524	ATP binding	0.0287008708889	0.329298813162	13	1
Misin02G374500.1.v7.1	MF	0010427	abscisic acid binding	13.9310153213	0.844375748238	1	100
Misin02G374500.1.v7.1	BP	0009738	abscisic acid-activated signaling pathway	12.726038811	0.822680294311	1	100
Misin02G374500.1.v7.1	CC	0005634	nucleus	3.47387307426	0.57532853689	1	100
Misin02G374500.1.v7.1	MF	0004864	protein phosphatase inhibitor activity	11.5418123368	0.797991487023	4	100
Misin02G374500.1.v7.1	CC	0005737	cytoplasm	1.3214302384	0.471612451822	6	86
Misin02G374500.1.v7.1	BP	0006952	defense response	6.87305407314	0.685363728172	15	99
Misin02G374500.1.v7.1	MF	0038023	signaling receptor activity	6.48678227674	0.674512236428	15	100
Misin02G401700.1.v7.1	MF	0004049	anthranilate synthase activity	11.2862805775	0.792500271491	1	100
Misin02G401700.1.v7.1	BP	0000162	tryptophan biosynthetic process	8.61751556188	0.730943387388	1	100
Misin02G401700.1.v7.1	MF	0016887	ATP hydrolysis activity	0.270575912263	0.380228556065	6	6
Misin02G401700.1.v7.1	BP	0006260	DNA replication	0.352555854186	0.390914553157	27	6
Misin02G454400.1.v7.1	BP	0006633	fatty acid biosynthetic process	6.96755992129	0.68797189373	1	100
Misin02G454400.1.v7.1	MF	0016747	acyltransferase activity, transferring groups other than amino-acyl groups	5.6314794089	0.649270320308	1	100
Misin02G454400.1.v7.1	CC	0005783	endoplasmic reticulum	1.33651072132	0.472562172624	1	20
Misin02G454400.1.v7.1	CC	0016020	membrane	0.921543048213	0.444087692955	3	100
Misin02G454400.1.v7.1	BP	0009409	response to cold	2.5430126961	0.536247918134	14	20
Misin02G454400.1.v7.1	BP	0009416	response to light stimulus	2.06977691934	0.513595164093	15	20
Misin02G454400.1.v7.1	BP	0090377	seed trichome initiation	0.191932797747	0.368312316828	25	1
Misin03G005300.1.v7.1	MF	0005484	SNAP receptor activity	10.8180080506	0.782273550829	1	99
Misin03G005300.1.v7.1	BP	0048278	vesicle docking	10.0042569334	0.763960437113	1	92
Misin03G005300.1.v7.1	CC	0031201	SNARE complex	9.67953408873	0.756445508416	1	92
Misin03G005300.1.v7.1	MF	0000149	SNARE binding	9.32006327157	0.747977866306	2	92
Misin03G005300.1.v7.1	CC	0012505	endomembrane system	4.46943307268	0.611667809792	2	92
Misin03G005300.1.v7.1	BP	0006906	vesicle fusion	9.38915377158	0.749617862681	4	92
Misin03G005300.1.v7.1	CC	0005886	plasma membrane	2.3546480808	0.527507404889	5	93
Misin03G005300.1.v7.1	BP	0006887	exocytosis	8.45012008657	0.726783190603	7	92
Misin03G005300.1.v7.1	MF	0008168	methyltransferase activity	0.0476360085608	0.33639087998	7	1
Misin03G005300.1.v7.1	BP	0006886	intracellular protein transport	6.78018259602	0.682783140168	12	99
Misin03G005300.1.v7.1	BP	0032259	methylation	0.0454687453971	0.335661579061	33	1
Misin03G046400.1.v7.1	MF	0004834	tryptophan synthase activity	10.633174407	0.778176125428	1	100
Misin03G046400.1.v7.1	BP	0006568	tryptophan metabolic process	10.1658971747	0.767655739538	1	100
Misin03G046400.1.v7.1	CC	0009507	chloroplast	5.00814590454	0.629641441542	1	84
Misin03G046400.1.v7.1	BP	0000162	tryptophan biosynthetic process	8.61747107701	0.730942287221	3	100
Misin03G046400.1.v7.1	CC	0005829	cytosol	3.02121583778	0.557081485764	3	84
Misin03G046400.1.v7.1	BP	0052544	defense response by callose deposition in cell wall	0.519909564203	0.409396103741	30	3
Misin03G046400.1.v7.1	BP	0009630	gravitropism	0.367890489703	0.392769574258	37	3
Misin03G046400.1.v7.1	BP	0042742	defense response to bacterium	0.267466902577	0.379793377908	42	3
Misin03G085700.1.v7.1	CC	0000221	vacuolar proton-transporting V-type ATPase, V1 domain	12.106359245	0.809911694457	1	90
Misin03G085700.1.v7.1	MF	0046961	proton-transporting ATPase activity, rotational mechanism	9.15116946108	0.743943066872	1	100
Misin03G085700.1.v7.1	BP	1902600	proton transmembrane transport	4.76644544118	0.621703406755	1	100
Misin03G085700.1.v7.1	MF	0016887	ATP hydrolysis activity	4.11303646512	0.599174637814	14	90
Misin03G107200.1.v7.1	MF	0015267	channel activity	6.15391477436	0.664898877489	1	24
Misin03G107200.1.v7.1	BP	0055085	transmembrane transport	2.72896435074	0.544564262793	1	24
Misin03G107200.1.v7.1	CC	0005886	plasma membrane	1.35094081326	0.473465930222	1	13
Misin03G107200.1.v7.1	BP	0006833	water transport	0.497302865226	0.407094610208	5	1
Misin03G107200.1.v7.1	MF	0005372	water transmembrane transporter activity	0.513208437057	0.408719200184	6	1
Misin03G213900.1.v7.1	MF	0004568	chitinase activity	11.3674273334	0.794250738092	1	100
Misin03G213900.1.v7.1	BP	0006032	chitin catabolic process	11.0535810834	0.787445369864	1	100
Misin03G213900.1.v7.1	CC	0016020	membrane	0.0256631949442	0.327960657031	1	3
Misin03G213900.1.v7.1	BP	0016998	cell wall macromolecule catabolic process	9.59725054073	0.754521316792	6	100
Misin03G213900.1.v7.1	MF	0008061	chitin binding	0.0874869877971	0.347647545485	7	1
Misin03G213900.1.v7.1	BP	0000272	polysaccharide catabolic process	7.48118106712	0.70184737779	10	98
Misin03G213900.1.v7.1	BP	0006952	defense response	0.118008862142	0.354579710914	24	2
Misin03G236400.1.v7.1	BP	0030245	cellulose catabolic process	10.2854683041	0.770370419582	1	100
Misin03G236400.1.v7.1	MF	0008810	cellulase activity	6.69679798275	0.680451060866	1	57
Misin03G236400.1.v7.1	CC	0016020	membrane	0.521241038012	0.409530079911	1	58
Misin03G236400.1.v7.1	CC	0098827	endoplasmic reticulum subcompartment	0.222300520184	0.373159993858	3	3
Misin03G236400.1.v7.1	CC	0005576	extracellular region	0.0599050710822	0.340238444111	11	1
Misin03G236400.1.v7.1	BP	0140042	lipid droplet formation	0.464391257271	0.40364836761	16	3
Misin03G236400.1.v7.1	BP	0006629	lipid metabolic process	0.142254042171	0.359464474445	29	3
Misin03G236400.1.v7.1	BP	0071555	cell wall organization	0.0728563690356	0.343892266363	32	1
Misin03G281400.1.v7.1	CC	0031969	chloroplast membrane	10.3007072983	0.770715261551	1	56
Misin03G281400.1.v7.1	MF	0015605	organophosphate ester transmembrane transporter activity	9.82853617222	0.759909206036	1	56
Misin03G281400.1.v7.1	BP	0015718	monocarboxylic acid transport	8.53743905213	0.728958375325	1	56
Misin03G281400.1.v7.1	BP	0015748	organophosphate ester transport	8.33389478695	0.723870415403	2	56
Misin03G281400.1.v7.1	MF	0046943	carboxylic acid transmembrane transporter activity	7.41674754681	0.700133414369	2	56
Misin03G281400.1.v7.1	BP	1905039	carboxylic acid transmembrane transport	7.85064858026	0.711536008784	3	56
Misin03G281400.1.v7.1	MF	1901505	carbohydrate derivative transmembrane transporter activity	1.1617720245	0.461204587995	10	7
Misin03G281400.1.v7.1	MF	0015297	antiporter activity	0.988602372493	0.449070160918	11	7
Misin03G281400.1.v7.1	BP	1901264	carbohydrate derivative transport	1.05418696213	0.453782077696	16	7
Misin03G281400.1.v7.1	CC	0005794	Golgi apparatus	0.824073160155	0.436510346326	16	7
Misin04G083200.1.v7.1	MF	0003838	sterol 24-C-methyltransferase activity	11.8812840335	0.805193343142	1	84
Misin04G083200.1.v7.1	BP	0016126	sterol biosynthetic process	10.5420493647	0.776142942929	1	100
Misin04G083200.1.v7.1	CC	0005783	endoplasmic reticulum	5.03928021443	0.63064991384	1	84
Misin04G083200.1.v7.1	BP	0032259	methylation	5.07404987504	0.631772463649	7	100
Misin04G083200.1.v7.1	CC	0016020	membrane	0.044672307801	0.335389217199	9	5
Misin04G083200.1.v7.1	BP	0009793	embryo development ending in seed dormancy	0.826678637835	0.436718554713	12	6
Misin04G083200.1.v7.1	BP	0009987	cellular process	0.410474062471	0.397727098622	23	100
Misin04G083200.1.v7.1	BP	0009733	response to auxin	0.109767227726	0.352806411764	30	1
Misin04G083200.1.v7.1	BP	0071495	cellular response to endogenous stimulus	0.0869211884742	0.347508444184	34	1
Misin04G083200.1.v7.1	BP	0023052	signaling	0.0405798235408	0.333949718681	39	1
Misin04G083200.1.v7.1	BP	0050794	regulation of cellular process	0.0260469366281	0.328133920005	44	1
Misin04G083200.1.v7.1	BP	0006810	transport	0.0244224146678	0.327391380419	46	1
Misin04G126800.1.v7.1	MF	0008477	purine nucleosidase activity	10.261949509	0.769837712915	1	87
Misin04G126800.1.v7.1	BP	0006152	purine nucleoside catabolic process	9.71193512758	0.757200957758	1	87
Misin04G126800.1.v7.1	CC	0005829	cytosol	3.12935531416	0.561558566652	1	87
Misin04G126800.1.v7.1	MF	0045437	uridine nucleosidase activity	0.265046036162	0.379452767054	9	2
Misin04G126800.1.v7.1	MF	0042803	protein homodimerization activity	0.181567126602	0.366570728078	11	2
Misin04G126800.1.v7.1	MF	0046982	protein heterodimerization activity	0.174389791131	0.365335525412	12	2
Misin04G126800.1.v7.1	MF	0046872	metal ion binding	0.0281385205256	0.329056632645	16	1
Misin04G126800.1.v7.1	BP	0009987	cellular process	0.410472698974	0.397726944115	20	100
Misin04G126800.1.v7.1	BP	0006218	uridine catabolic process	0.29523227687	0.38359482811	21	2
Misin04G357300.1.v7.1	MF	0005509	calcium ion binding	6.91703226211	0.68657965102	1	4
Misin04G357300.1.v7.1	CC	0016460	myosin II complex	2.60435040728	0.539023758528	1	1
Misin04G357300.1.v7.1	BP	0000226	microtubule cytoskeleton organization	1.68784043496	0.493339358045	1	1
Misin04G357300.1.v7.1	CC	0005814	centriole	2.24439265085	0.522228435	3	1
Misin04G357300.1.v7.1	CC	0005634	nucleus	0.734836026493	0.42916918229	11	1
Misin05G014300.1.v7.1	CC	0005774	vacuolar membrane	7.67448789467	0.706945615592	1	93
Misin05G014300.1.v7.1	MF	0003924	GTPase activity	6.63035621595	0.678582421779	1	100
Misin05G014300.1.v7.1	BP	0015031	protein transport	2.49782466396	0.53418145307	1	47
Misin05G014300.1.v7.1	MF	0005525	GTP binding	5.98803700749	0.660011164686	2	100
Misin05G014300.1.v7.1	CC	0012505	endomembrane system	2.90523194018	0.552189638579	5	59
Misin05G014300.1.v7.1	CC	0005886	plasma membrane	1.00664084767	0.450381327757	11	40
Misin05G014300.1.v7.1	BP	0016101	diterpenoid metabolic process	0.114511268666	0.353834973875	12	1
Misin05G014300.1.v7.1	CC	0009536	plastid	0.112784724854	0.353463150693	15	2
Misin05G014300.1.v7.1	CC	1990904	ribonucleoprotein complex	0.0438061064898	0.335090226971	16	1
Misin05G014300.1.v7.1	BP	0006412	translation	0.0323141274001	0.330801341738	16	1
Misin05G014300.1.v7.1	CC	0005840	ribosome	0.0328293322429	0.331008594125	17	1
Misin05G014300.1.v7.1	MF	0016705	oxidoreductase activity, acting on paired donors, with incorporation or reduction of molecular oxygen	0.128748790529	0.356800056628	24	2
Misin05G014300.1.v7.1	MF	0004497	monooxygenase activity	0.127516361679	0.356550096952	25	2
Misin05G014300.1.v7.1	MF	0005506	iron ion binding	0.123181269721	0.355661118873	26	2
Misin05G014300.1.v7.1	MF	0020037	heme binding	0.105764445062	0.351921139607	27	2
Misin05G014300.1.v7.1	MF	0019843	rRNA binding	0.0607055602726	0.340475099657	32	1
Misin05G014300.1.v7.1	MF	0003735	structural constituent of ribosome	0.037460865814	0.33280318367	34	1
Misin05G021700.1.v7.1	BP	1903189	glyoxal metabolic process	14.9910868746	0.850775829877	1	1
Misin05G021700.1.v7.1	CC	0005737	cytoplasm	1.53660728446	0.484689868722	1	1
Misin05G140500.1.v7.1	CC	0009707	chloroplast outer membrane	11.9313648455	0.806247048932	1	78
Misin05G140500.1.v7.1	MF	0015171	amino acid transmembrane transporter activity	7.28215685064	0.696529049674	1	78
Misin05G140500.1.v7.1	BP	0003333	amino acid transmembrane transport	6.9467079646	0.687397951243	1	78
Misin05G145900.1.v7.1	MF	0004478	methionine adenosyltransferase activity	11.349903643	0.793873254075	1	100
Misin05G145900.1.v7.1	BP	0006556	S-adenosylmethionine biosynthetic process	10.8806855254	0.783655037723	1	100
Misin05G145900.1.v7.1	CC	0005737	cytoplasm	1.53840261119	0.48479498546	1	100
Misin05G145900.1.v7.1	BP	0006730	one-carbon metabolic process	8.03509877244	0.716287546973	3	100
Misin05G145900.1.v7.1	MF	0005524	ATP binding	3.051841479	0.558357438242	3	100
Misin05G145900.1.v7.1	CC	0016020	membrane	0.0272901207205	0.328686636003	4	3
Misin05G145900.1.v7.1	MF	0046872	metal ion binding	2.47638243723	0.533194354371	14	100
Misin05G173500.1.v7.1	MF	0160205	cysteine-dependent adenosine diphosphate thiazole synthase activity	16.1886247836	0.857739298821	1	59
Misin05G173500.1.v7.1	BP	0052837	thiazole biosynthetic process	12.1061026204	0.809906339815	1	95
Misin05G173500.1.v7.1	CC	0009570	chloroplast stroma	10.0306775073	0.764566475308	1	95
Misin05G173500.1.v7.1	MF	0005506	iron ion binding	6.03723495314	0.66146780405	3	95
Misin05G173500.1.v7.1	BP	0009228	thiamine biosynthetic process	8.67359702654	0.732328101339	5	100
Misin05G173500.1.v7.1	CC	0010319	stromule	3.67302221525	0.582977692755	5	20
Misin05G173500.1.v7.1	CC	0005829	cytosol	3.44205581234	0.574086340362	6	95
Misin05G173500.1.v7.1	MF	0019904	protein domain specific binding	2.09407726813	0.514817859324	9	20
Misin05G173500.1.v7.1	MF	0042803	protein homodimerization activity	2.02209154638	0.511174785279	10	20
Misin05G173500.1.v7.1	CC	0005739	mitochondrion	0.942094324465	0.445633361297	14	20
Misin05G173500.1.v7.1	CC	0048046	apoplast	0.0998689281719	0.35058617011	16	1
Misin05G173500.1.v7.1	BP	0009409	response to cold	2.39165447986	0.529251435233	25	20
Misin05G173500.1.v7.1	BP	0006974	DNA damage response	1.07688158099	0.455378258044	29	20
Misin05G173500.1.v7.1	BP	0006952	defense response	0.0706785426508	0.343302053596	36	1
Misin05G263200.1.v7.1	CC	0005576	extracellular region	5.39852793963	0.64206831578	1	100
Misin05G263200.1.v7.1	MF	0030234	enzyme regulator activity	0.619379081177	0.418973329975	1	9
Misin05G263200.1.v7.1	CC	0071944	cell periphery	2.11294238217	0.51576219169	2	88
Misin05G263200.1.v7.1	CC	0016020	membrane	0.783403632587	0.433216653092	6	86
Misin05G317500.1.v7.1	BP	0009664	plant-type cell wall organization	12.6162912836	0.820441964343	1	100
Misin05G317500.1.v7.1	CC	0005576	extracellular region	5.39850433979	0.642067578371	1	100
Misin05G317500.1.v7.1	CC	0016020	membrane	0.921534043595	0.444087011958	2	100
Misin05G317500.1.v7.1	BP	0042545	cell wall modification	1.03905552746	0.452708274254	10	9
Misin05G317500.1.v7.1	BP	0009653	anatomical structure morphogenesis	0.0635276236873	0.341297205239	12	1
Misin05G381000.1.v7.1	BP	0042744	hydrogen peroxide catabolic process	8.87922659846	0.737367412159	1	89
Misin05G381000.1.v7.1	MF	0004601	peroxidase activity	7.99450868459	0.715246643364	1	98
Misin05G381000.1.v7.1	CC	0005576	extracellular region	4.54309991393	0.614187248864	1	81
Misin05G381000.1.v7.1	CC	0009505	plant-type cell wall	1.99697960446	0.50988869579	2	14
Misin05G381000.1.v7.1	BP	0098869	cellular oxidant detoxification	6.99552082505	0.688740161149	4	98
Misin05G381000.1.v7.1	MF	0020037	heme binding	5.04822729793	0.630939142427	5	90
Misin05G381000.1.v7.1	BP	0006979	response to oxidative stress	6.79796308647	0.683278562085	7	90
Misin05G381000.1.v7.1	MF	0046872	metal ion binding	2.28540291391	0.52420681322	8	89
Misin05G400200.1.v7.1	CC	0009507	chloroplast	4.38656063407	0.608808588025	1	74
Misin05G400200.1.v7.1	BP	0005975	carbohydrate metabolic process	4.04090181778	0.596580959743	1	97
Misin05G400200.1.v7.1	BP	0009987	cellular process	0.3992208582	0.396443061439	4	97
Misin06G081500.1.v7.1	BP	0045488	pectin metabolic process	10.6810551781	0.779240950353	1	53
Misin06G081500.1.v7.1	MF	0008168	methyltransferase activity	5.31570866804	0.63947051614	1	53
Misin06G081500.1.v7.1	CC	0016020	membrane	0.761661417427	0.43142070916	1	42
Misin06G081500.1.v7.1	BP	0009987	cellular process	0.410458983488	0.397725389906	8	53
Misin06G101900.1.v7.1	MF	0032422	purine-rich negative regulatory element binding	14.3612380766	0.847001565244	1	100
Misin06G101900.1.v7.1	BP	0006357	regulation of transcription by RNA polymerase II	5.42753454891	0.642973451509	1	95
Misin06G101900.1.v7.1	CC	0005634	nucleus	3.27835334827	0.567602367383	1	95
Misin06G101900.1.v7.1	MF	0000977	RNA polymerase II transcription regulatory region sequence-specific DNA binding	7.28351062639	0.696565469105	2	100
Misin06G101900.1.v7.1	MF	0000981	DNA-binding transcription factor activity, RNA polymerase II-specific	6.41642961735	0.672501362531	3	95
Misin06G106700.1.v7.1	MF	0004869	cysteine-type endopeptidase inhibitor activity	12.3407781012	0.814779521584	1	24
Misin06G106700.1.v7.1	CC	0016020	membrane	0.0412377823491	0.334185891792	1	1
Misin06G110100.1.v7.1	BP	0031047	regulatory ncRNA-mediated gene silencing	9.14839620042	0.743876505552	1	100
Misin06G110100.1.v7.1	MF	0003723	RNA binding	3.38276950775	0.571756295269	1	100
Misin06G110100.1.v7.1	CC	0005634	nucleus	0.452763355991	0.402401729488	1	13
Misin06G110100.1.v7.1	MF	0004521	RNA endonuclease activity	0.964433270099	0.447294478192	4	13
Misin06G110100.1.v7.1	CC	0005737	cytoplasm	0.200501445102	0.369716766969	6	13
Misin06G383600.1.v7.1	MF	0004842	ubiquitin-protein transferase activity	7.36780414197	0.698826514507	1	51
Misin06G383600.1.v7.1	BP	0016567	protein ubiquitination	6.95561911161	0.687643332564	1	51
Misin06G383600.1.v7.1	CC	0005634	nucleus	3.2727071009	0.567375873876	1	51
Misin06G383600.1.v7.1	CC	0016020	membrane	0.0681470430809	0.342604443475	7	4
Misin06G383600.1.v7.1	MF	0061659	ubiquitin-like protein ligase activity	0.943831398833	0.445763230981	8	6
Misin06G383600.1.v7.1	MF	0016874	ligase activity	0.37482915974	0.393596221337	10	3
Misin06G383600.1.v7.1	BP	0009987	cellular process	0.386696363073	0.394992496314	13	51
Misin07G008200.1.v7.1	MF	0032454	histone H3K9 demethylase activity	13.0437777299	0.829106795942	1	1
Misin07G008200.1.v7.1	BP	0006338	chromatin remodeling	7.13419506263	0.692527951382	1	1
Misin07G008200.1.v7.1	CC	0005634	nucleus	3.46953771215	0.57515961319	1	1
Misin07G084900.1.v7.1	MF	0003743	translation initiation factor activity	8.45943862388	0.727015856776	1	2
Misin07G084900.1.v7.1	BP	0006413	translational initiation	7.89481035611	0.712678679014	1	2
Misin07G084900.1.v7.1	CC	0005737	cytoplasm	1.53637062456	0.484676007657	1	2
Misin07G084900.1.v7.1	MF	0003729	mRNA binding	4.50021376927	0.612723029831	5	2
Misin07G084900.1.v7.1	MF	0046872	metal ion binding	2.47311152754	0.53304340205	7	2
Misin07G090700.1.v7.1	MF	0005096	GTPase activator activity	8.77225098363	0.734753157619	1	13
Misin07G098400.1.v7.1	MF	0022857	transmembrane transporter activity	3.2590689445	0.566827985762	1	18
Misin07G098400.1.v7.1	BP	0055085	transmembrane transport	2.72905239943	0.544568132313	1	18
Misin07G098400.1.v7.1	CC	0016020	membrane	0.921508736976	0.444085098063	1	18
Misin07G119900.1.v7.1	CC	0005886	plasma membrane	2.54937445473	0.536537364556	1	20
Misin07G132100.1.v7.1	MF	0004097	catechol oxidase activity	15.4214643032	0.853309360904	1	20
Misin07G132100.1.v7.1	BP	0046148	pigment biosynthetic process	1.42862714506	0.478250578346	1	6
Misin07G132100.1.v7.1	BP	0009987	cellular process	0.0761342878674	0.344764226393	4	6
Misin07G132100.1.v7.1	MF	0046872	metal ion binding	2.40030793731	0.529657303182	6	19
Misin07G132100.1.v7.1	MF	0004503	tyrosinase activity	0.166325944422	0.363917029133	12	1
Misin07G136300.1.v7.1	BP	1901642	nucleoside transmembrane transport	11.1168228238	0.788824385119	1	100
Misin07G136300.1.v7.1	MF	0005337	nucleoside transmembrane transporter activity	11.0303944282	0.786938786231	1	100
Misin07G136300.1.v7.1	CC	0005886	plasma membrane	2.30056255094	0.524933631137	1	91
Misin07G136300.1.v7.1	BP	0031023	microtubule organizing center organization	0.13238539514	0.357530735194	11	1
Misin07G136300.1.v7.1	BP	0051225	spindle assembly	0.129456035963	0.356942959185	12	1
Misin07G150400.1.v7.1	MF	0003924	GTPase activity	6.63033953506	0.678581951465	1	100
Misin07G150400.1.v7.1	BP	0006886	intracellular protein transport	0.958701135971	0.446870089673	1	14
Misin07G150400.1.v7.1	CC	0005794	Golgi apparatus	0.90854792222	0.44310141685	1	14
Misin07G150400.1.v7.1	MF	0005525	GTP binding	5.98802194257	0.660010717733	2	100
Misin07G150400.1.v7.1	BP	0016192	vesicle-mediated transport	0.849310449838	0.438513475354	2	14
Misin07G156500.1.v7.1	CC	0010008	endosome membrane	8.42724538232	0.726211508129	1	100
Misin07G156500.1.v7.1	BP	0072657	protein localization to membrane	6.2571346448	0.66790713099	1	85
Misin07G156500.1.v7.1	CC	0000139	Golgi membrane	7.85325685388	0.711603586099	2	100
Misin07G241900.1.v7.1	BP	0031053	primary miRNA processing	12.9755452778	0.827733402484	1	53
Misin07G241900.1.v7.1	CC	0016604	nuclear body	8.72299732311	0.733544145912	1	53
Misin07G241900.1.v7.1	MF	0004820	glycine-tRNA ligase activity	0.187721943096	0.367610644848	1	1
Misin07G241900.1.v7.1	MF	0003723	RNA binding	0.144592948241	0.359912850963	2	2
Misin07G241900.1.v7.1	BP	0006397	mRNA processing	6.60612261362	0.677898536047	6	59
Misin07G241900.1.v7.1	MF	0005524	ATP binding	0.0524109045815	0.337941257463	11	1
Misin07G241900.1.v7.1	CC	0005846	nuclear cap binding complex	0.213875648702	0.371850196252	14	1
Misin07G241900.1.v7.1	CC	0005737	cytoplasm	0.0264198101434	0.328301057477	19	1
Misin07G241900.1.v7.1	BP	2000011	regulation of adaxial/abaxial pattern formation	0.306459709828	0.385080982332	36	1
Misin07G241900.1.v7.1	BP	0010267	ta-siRNA processing	0.286381853511	0.382403282253	37	1
Misin07G241900.1.v7.1	BP	0048509	regulation of meristem development	0.252189834831	0.377617270762	38	1
Misin07G241900.1.v7.1	BP	0006426	glycyl-tRNA aminoacylation	0.181921113887	0.366631010979	40	1
Misin07G241900.1.v7.1	BP	0048367	shoot system development	0.17778760696	0.365923387925	41	1
Misin07G241900.1.v7.1	BP	0000381	regulation of alternative mRNA splicing, via spliceosome	0.176850790565	0.36576187265	42	1
Misin07G241900.1.v7.1	BP	0008380	RNA splicing	0.112629947214	0.353429679686	48	1
Misin07G267200.1.v7.1	CC	0010008	endosome membrane	8.42724533931	0.726211507054	1	100
Misin07G267200.1.v7.1	BP	0072657	protein localization to membrane	5.92109826239	0.65801961665	1	81
Misin07G267200.1.v7.1	CC	0000139	Golgi membrane	7.8532568138	0.711603585061	2	100
Misin07G346000.1.v7.1	MF	0004857	enzyme inhibitor activity	8.30198035568	0.723067044493	1	7
Misin07G366600.1.v7.1	BP	0080142	regulation of salicylic acid biosynthetic process	11.46891108	0.79643113696	1	27
Misin07G366600.1.v7.1	MF	0005516	calmodulin binding	9.50870279349	0.752441400077	1	36
Misin07G366600.1.v7.1	CC	0005634	nucleus	3.47389205067	0.575329276058	1	36
Misin07G366600.1.v7.1	MF	0043565	sequence-specific DNA binding	3.98068992871	0.594398196395	3	27
Misin07G366600.1.v7.1	MF	0003700	DNA-binding transcription factor activity	3.39439672988	0.572214863198	4	27
Misin07G366600.1.v7.1	BP	0006355	regulation of DNA-templated transcription	2.558419835	0.536948288945	5	27
Misin07G367300.1.v7.1	MF	0016034	maleylacetoacetate isomerase activity	10.7670385809	0.781147169247	1	87
Misin07G367300.1.v7.1	BP	0006559	L-phenylalanine catabolic process	9.13028840493	0.743441650237	1	87
Misin07G367300.1.v7.1	CC	0005737	cytoplasm	1.46497830587	0.480444690451	1	95
Misin07G367300.1.v7.1	MF	0004364	glutathione transferase activity	9.66155347702	0.756025734274	2	95
Misin07G367300.1.v7.1	CC	0016020	membrane	0.00788057396741	0.317589781076	4	1
Misin07G367300.1.v7.1	BP	0006749	glutathione metabolic process	7.46442434624	0.701402353243	6	87
Misin07G413400.1.v7.1	MF	0015267	channel activity	6.15299566994	0.664871978129	1	8
Misin07G413400.1.v7.1	BP	0055085	transmembrane transport	2.72855677226	0.544546349924	1	8
Misin07G413400.1.v7.1	CC	0005886	plasma membrane	0.977288930775	0.448241706898	1	3
Misin07G437200.1.v7.1	MF	0015267	channel activity	6.15430140766	0.664910192457	1	100
Misin07G437200.1.v7.1	BP	0055085	transmembrane transport	2.72913580396	0.544571797676	1	100
Misin07G437200.1.v7.1	CC	0016020	membrane	0.921536899865	0.444087227971	1	100
Misin07G437200.1.v7.1	CC	0071944	cell periphery	0.270835981164	0.380264845162	3	11
Misin07G437200.1.v7.1	CC	0005829	cytosol	0.111058046314	0.353088441107	4	3
Misin07G437200.1.v7.1	BP	0009414	response to water deprivation	1.44250843641	0.47909169437	5	11
Misin07G437200.1.v7.1	CC	0005783	endoplasmic reticulum	0.0629698607989	0.34113619209	5	1
Misin07G437200.1.v7.1	MF	0005372	water transmembrane transporter activity	1.3501800461	0.47341840421	6	11
Misin07G437200.1.v7.1	CC	0032991	protein-containing complex	0.0546952880527	0.338657958505	6	2
Misin07G437200.1.v7.1	BP	0006833	water transport	1.30833469797	0.470783330803	7	11
Misin07G437200.1.v7.1	MF	0005515	protein binding	0.0925569237775	0.348874442003	8	2
Misin07G437200.1.v7.1	BP	0051290	protein heterotetramerization	0.352849764094	0.390950482262	15	2
Misin07G437200.1.v7.1	BP	0051289	protein homotetramerization	0.274002137178	0.380705249938	18	2
Misin07G467100.1.v7.1	CC	0010008	endosome membrane	8.42724512021	0.726211501574	1	100
Misin07G467100.1.v7.1	BP	0072657	protein localization to membrane	6.72238893967	0.681168318601	1	92
Misin07G467100.1.v7.1	CC	0000139	Golgi membrane	7.85325660961	0.711603579771	2	100
Misin07G506600.1.v7.1	BP	0043450	alkene biosynthetic process	7.8067229404	0.710396255863	1	49
Misin07G506600.1.v7.1	MF	0031418	L-ascorbic acid binding	5.92838065686	0.658236824848	1	49
Misin07G506600.1.v7.1	BP	0009692	ethylene metabolic process	7.80655187164	0.710391810827	3	49
Misin07G506600.1.v7.1	MF	0016491	oxidoreductase activity	3.02809490881	0.557368648799	7	100
Misin07G506600.1.v7.1	BP	0009835	fruit ripening	7.23618162428	0.695290202939	8	46
Misin07G506600.1.v7.1	MF	0046872	metal ion binding	2.47636123505	0.533193376213	8	100
Misin07G506600.1.v7.1	BP	0002238	response to molecule of fungal origin	0.143936790328	0.359787431488	27	1
Misin07G506600.1.v7.1	BP	0009805	coumarin biosynthetic process	0.141816081806	0.359380107218	28	1
Misin07G513900.1.v7.1	BP	0009651	response to salt stress	10.7953990422	0.78177423932	1	1
Misin07G513900.1.v7.1	MF	0051082	unfolded protein binding	7.72818924223	0.708350496	1	1
Misin07G513900.1.v7.1	BP	0042542	response to hydrogen peroxide	10.216558434	0.768807864753	2	1
Misin07G513900.1.v7.1	BP	0051259	protein complex oligomerization	8.71469490611	0.73334001364	5	1
Misin07G513900.1.v7.1	BP	0009408	response to heat	8.39845865138	0.725490969111	6	1
Misin07G513900.1.v7.1	BP	0006457	protein folding	6.52931058741	0.675722528005	11	1
Misin07G519500.1.v7.1	CC	0033290	eukaryotic 48S preinitiation complex	11.2914755991	0.792612524654	1	21
Misin07G519500.1.v7.1	BP	0001732	formation of cytoplasmic translation initiation complex	11.1609742759	0.789784804028	1	21
Misin07G519500.1.v7.1	MF	0003743	translation initiation factor activity	8.46985015267	0.727275661347	1	21
Misin07G519500.1.v7.1	CC	0016282	eukaryotic 43S preinitiation complex	11.2552201171	0.791828582549	2	21
Misin07G519500.1.v7.1	CC	0005852	eukaryotic translation initiation factor 3 complex	10.8082351653	0.782057784391	4	21
Misin07G519500.1.v7.1	MF	0003723	RNA binding	3.38243999401	0.571743288048	5	21
Misin07G527200.1.v7.1	CC	0010008	endosome membrane	8.42724555114	0.726211512351	1	100
Misin07G527200.1.v7.1	BP	0072657	protein localization to membrane	6.64846707428	0.679092704611	1	91
Misin07G527200.1.v7.1	MF	0003677	DNA binding	0.0304640923715	0.330043158407	1	1
Misin07G527200.1.v7.1	CC	0000139	Golgi membrane	7.8532570112	0.711603590175	2	100
Misin07G527200.1.v7.1	MF	0046872	metal ion binding	0.0235289207447	0.326972430878	2	1
Misin07G542400.1.v7.1	BP	0034220	monoatomic ion transmembrane transport	3.95167100986	0.593340326302	1	88
Misin07G542400.1.v7.1	MF	0016491	oxidoreductase activity	2.61808685302	0.539640907136	1	78
Misin07G542400.1.v7.1	CC	0005737	cytoplasm	0.238140011178	0.375557006579	1	13
Misin07G542400.1.v7.1	MF	0005249	voltage-gated potassium channel activity	1.5407658028	0.484933257339	2	13
Misin07G542400.1.v7.1	CC	0034702	monoatomic ion channel complex	0.0891977756464	0.34806542715	3	1
Misin07G542400.1.v7.1	BP	0006813	potassium ion transport	1.26174416453	0.46779936447	7	14
Misin07G542400.1.v7.1	BP	0098662	inorganic cation transmembrane transport	0.667358906298	0.423316839091	11	13
Misin07G542400.1.v7.1	MF	0046872	metal ion binding	0.029677904459	0.329714005014	27	1
Misin07G547500.1.v7.1	MF	0003723	RNA binding	3.38270466073	0.571753735548	1	80
Misin07G547500.1.v7.1	CC	0005737	cytoplasm	0.133663933719	0.357785233928	1	7
Misin07G547500.1.v7.1	CC	0031248	protein acetyltransferase complex	0.0176125893196	0.323969844969	5	1
Misin07G547500.1.v7.1	CC	0005634	nucleus	0.00633737150181	0.31625902491	10	1
Misin07G548500.1.v7.1	MF	0015267	channel activity	6.15429321734	0.664909952768	1	100
Misin07G548500.1.v7.1	BP	0055085	transmembrane transport	2.72913217194	0.544571638062	1	100
Misin07G548500.1.v7.1	CC	0016020	membrane	0.921535673457	0.44408713522	1	100
Misin07G548500.1.v7.1	CC	0071944	cell periphery	0.277025769175	0.381123460878	3	11
Misin07G548500.1.v7.1	BP	0009414	response to water deprivation	1.47547607013	0.481073243452	5	11
Misin07G548500.1.v7.1	MF	0005372	water transmembrane transporter activity	1.25838191476	0.467581908892	6	10
Misin07G548500.1.v7.1	BP	0006833	water transport	1.21938161295	0.465037990885	7	10
Misin07G548500.1.v7.1	BP	0080022	primary root development	0.185641087188	0.367260997969	16	1
Misin07G548500.1.v7.1	BP	1901002	positive regulation of response to salt stress	0.181070432303	0.366486043465	17	1
Misin07G548500.1.v7.1	BP	2000070	regulation of response to water deprivation	0.176404877408	0.365684843089	18	1
Misin07G548500.1.v7.1	BP	1902074	response to salt	0.167885755214	0.364194050901	20	1
Misin07G548500.1.v7.1	BP	0080147	root hair cell development	0.159695892406	0.36272477822	22	1
Misin07G548500.1.v7.1	BP	0009738	abscisic acid-activated signaling pathway	0.129018529664	0.35685460499	31	1
Misin07G548500.1.v7.1	BP	0009409	response to cold	0.115876657303	0.354127039169	40	1
Misin07G548500.1.v7.1	BP	0009651	response to salt stress	0.109776305527	0.352808400935	43	1
Misin08G007700.1.v7.1	MF	0004185	serine-type carboxypeptidase activity	8.83984125918	0.736406760268	1	97
Misin08G007700.1.v7.1	CC	0005773	vacuole	6.52357321689	0.675559481576	1	89
Misin08G007700.1.v7.1	BP	0006508	proteolysis	4.2090602248	0.602592237364	1	97
Misin08G007700.1.v7.1	BP	0009987	cellular process	0.39957894083	0.396484196857	6	97
Misin08G007700.1.v7.1	CC	0005576	extracellular region	0.831007798585	0.437063781519	8	18
Misin08G045800.1.v7.1	CC	0005634	nucleus	3.24348749889	0.566200624624	1	28
Misin08G045800.1.v7.1	BP	0009553	embryo sac development	1.90312582133	0.505008955906	1	4
Misin08G045800.1.v7.1	MF	0016301	kinase activity	1.15572131376	0.460796504403	1	7
Misin08G045800.1.v7.1	BP	0048443	stamen development	1.88353616199	0.503975357846	2	4
Misin08G045800.1.v7.1	CC	0005737	cytoplasm	1.43634400198	0.478718671549	6	28
Misin08G052900.1.v7.1	MF	0005200	structural constituent of cytoskeleton	10.2127138276	0.768720532019	1	23
Misin08G052900.1.v7.1	CC	0005874	microtubule	7.77405650592	0.709546568809	1	23
Misin08G052900.1.v7.1	BP	0007017	microtubule-based process	7.16134242101	0.693265140891	1	23
Misin08G052900.1.v7.1	BP	0007010	cytoskeleton organization	6.79119057415	0.683089934489	2	23
Misin08G052900.1.v7.1	MF	0003924	GTPase activity	6.62950985038	0.678558557955	2	23
Misin08G052900.1.v7.1	MF	0005525	GTP binding	5.98727263403	0.659988486211	3	23
Misin08G052900.1.v7.1	CC	0016020	membrane	0.081975275586	0.34627268351	13	2
Misin08G052900.1.v7.1	CC	0005737	cytoplasm	0.0665840975481	0.34216725493	14	1
Misin08G161000.1.v7.1	MF	0016864	intramolecular oxidoreductase activity, transposing S-S bonds	11.1961955447	0.790549604834	1	93
Misin08G161000.1.v7.1	BP	0034976	response to endoplasmic reticulum stress	9.14738297885	0.743852184599	1	93
Misin08G161000.1.v7.1	CC	0005783	endoplasmic reticulum	5.54266825193	0.646542502422	1	93
Misin08G161000.1.v7.1	BP	0006457	protein folding	6.04277253039	0.661631386921	2	93
Misin08G161000.1.v7.1	MF	0140096	catalytic activity, acting on a protein	3.19275089941	0.564147287368	5	93
Misin08G161000.1.v7.1	CC	0016020	membrane	0.846508450577	0.438292557891	9	90
Misin08G281600.1.v7.1	MF	0004222	metalloendopeptidase activity	7.33738889654	0.698012170675	1	80
Misin08G281600.1.v7.1	BP	0051603	proteolysis involved in protein catabolic process	5.81525442474	0.654847457005	1	70
Misin08G281600.1.v7.1	CC	0005743	mitochondrial inner membrane	5.23589016103	0.636947621061	1	78
Misin08G281600.1.v7.1	MF	0046872	metal ion binding	2.47635626979	0.533193147141	6	80
Misin08G281600.1.v7.1	BP	0009987	cellular process	0.410470670911	0.397726714301	10	80
Misin08G317700.1.v7.1	CC	0030136	clathrin-coated vesicle	9.76628251048	0.758465275026	1	34
Misin08G317700.1.v7.1	MF	0030276	clathrin binding	7.93333096039	0.71367277901	1	27
Misin08G317700.1.v7.1	BP	0006897	endocytosis	5.47911010784	0.644576885898	1	27
Misin08G317700.1.v7.1	MF	0005543	phospholipid binding	6.06107857825	0.6621716242	2	27
Misin08G317700.1.v7.1	CC	0030118	clathrin coat	7.51960198572	0.702865881824	5	27
Misin08G317700.1.v7.1	CC	0030120	vesicle coat	7.05244431	0.69029948844	6	27
Misin08G317700.1.v7.1	CC	0005794	Golgi apparatus	6.47748208665	0.674247038863	10	34
Misin08G317700.1.v7.1	CC	0005768	endosome	5.35694598663	0.640766520966	14	27
Misin08G317700.1.v7.1	CC	0005886	plasma membrane	1.84549537326	0.501952763667	24	27
Misin09G018200.1.v7.1	MF	0003852	2-isopropylmalate synthase activity	11.1821867029	0.79024555867	1	100
Misin09G018200.1.v7.1	BP	0009098	L-leucine biosynthetic process	9.04616901542	0.741415860943	1	100
Misin09G018200.1.v7.1	CC	0009507	chloroplast	4.68650217572	0.619033760247	1	79
Misin09G018200.1.v7.1	MF	0046872	metal ion binding	2.45420068687	0.53216870389	4	99
Misin09G018200.1.v7.1	CC	0005773	vacuole	0.218900744957	0.372634476976	9	3
Misin09G018200.1.v7.1	MF	0016844	strictosidine synthase activity	0.410021109133	0.397675757296	11	3
Misin09G057300.1.v7.1	CC	0030126	COPI vesicle coat	11.5544800161	0.798262118035	1	100
Misin09G057300.1.v7.1	BP	0006891	intra-Golgi vesicle-mediated transport	9.28712837932	0.747193953751	1	85
Misin09G057300.1.v7.1	MF	0005198	structural molecule activity	3.63440147838	0.581510823027	1	100
Misin09G057300.1.v7.1	BP	0006888	endoplasmic reticulum to Golgi vesicle-mediated transport	7.77147992119	0.70947947334	2	85
Misin09G057300.1.v7.1	BP	0006886	intracellular protein transport	6.83526311951	0.684315760683	4	100
Misin09G057300.1.v7.1	CC	0000139	Golgi membrane	7.85327488736	0.711604053287	11	100
Misin09G146400.1.v7.1	CC	0005794	Golgi apparatus	6.07152289758	0.662479485313	1	94
Misin09G146400.1.v7.1	CC	0016020	membrane	0.921542109125	0.444087621934	8	100
Misin10G048800.1.v7.1	CC	0010008	endosome membrane	8.42724200626	0.726211423698	1	100
Misin10G048800.1.v7.1	BP	0072657	protein localization to membrane	6.00358389829	0.660472117332	1	82
Misin10G048800.1.v7.1	CC	0000139	Golgi membrane	7.85325370777	0.711603504594	2	100
Misin10G188700.1.v7.1	CC	0005634	nucleus	1.1979123184	0.463620210563	1	21
Misin10G188700.1.v7.1	BP	0008104	protein localization	1.06132201162	0.454285742716	1	11
Misin10G188700.1.v7.1	MF	0043531	ADP binding	0.213578353161	0.371803509318	1	1
Misin10G188700.1.v7.1	MF	0005509	calcium ion binding	0.110732067011	0.353017373667	2	1
Misin10G188700.1.v7.1	BP	0007165	signal transduction	1.02241976949	0.451518653096	3	14
Misin10G188700.1.v7.1	CC	0005737	cytoplasm	0.848275561943	0.438431924399	3	36
Misin10G188700.1.v7.1	MF	0004497	monooxygenase activity	0.0849235004669	0.347013656865	3	1
Misin10G188700.1.v7.1	MF	0016747	acyltransferase activity, transferring groups other than amino-acyl groups	0.0848947301488	0.347006488764	4	1
Misin10G188700.1.v7.1	CC	0016020	membrane	0.0513974396582	0.337618296982	8	5
Misin10G188700.1.v7.1	BP	0071367	cellular response to brassinosteroid stimulus	0.69372367789	0.425637190516	11	3
Misin10G188700.1.v7.1	BP	0071383	cellular response to steroid hormone stimulus	0.589844592074	0.416215546577	17	3
Misin10G188700.1.v7.1	MF	0003677	DNA binding	0.04538660015	0.335633598343	19	1
Misin10G188700.1.v7.1	BP	0048528	post-embryonic root development	0.252372019563	0.377643604129	33	1
Misin10G188700.1.v7.1	BP	0043248	proteasome assembly	0.17968642298	0.366249460137	37	1
Misin10G188700.1.v7.1	BP	0006952	defense response	0.15786090032	0.362390447007	40	1
Misin11G003400.1.v7.1	MF	0030267	glyoxylate reductase (NADPH) activity	8.40095905425	0.725553603738	1	2
Misin11G003400.1.v7.1	CC	0005829	cytosol	2.40904601219	0.530066398198	1	2
Misin11G003400.1.v7.1	MF	0016618	hydroxypyruvate reductase [NAD(P)H] activity	8.32874849915	0.723740973841	3	2
Misin11G003400.1.v7.1	MF	0051287	NAD binding	6.75629893816	0.682116640816	4	3
Misin11G039700.1.v7.1	MF	0005200	structural constituent of cytoskeleton	8.6663659224	0.732149809213	1	3
Misin11G039700.1.v7.1	CC	0005874	microtubule	7.7674458612	0.709374402192	1	4
Misin11G039700.1.v7.1	BP	0007017	microtubule-based process	7.15525279581	0.693099898177	1	4
Misin11G039700.1.v7.1	MF	0005525	GTP binding	5.9821813754	0.659837394856	2	4
Misin11G039700.1.v7.1	BP	0007010	cytoskeleton organization	5.76290920885	0.653267992458	2	3
Misin11G039700.1.v7.1	MF	0003924	GTPase activity	5.62570921104	0.649093746059	5	3
Misin11G171000.1.v7.1	MF	0005388	P-type calcium transporter activity	11.541052093	0.797975240529	1	100
Misin11G171000.1.v7.1	BP	0070588	calcium ion transmembrane transport	8.75309489746	0.734283344471	1	100
Misin11G171000.1.v7.1	CC	0005886	plasma membrane	2.10193389169	0.515211653634	1	82
Misin11G171000.1.v7.1	MF	0005516	calmodulin binding	9.50893127758	0.752446779422	2	100
Misin11G171000.1.v7.1	CC	0043231	intracellular membrane-bounded organelle	1.97738705876	0.508879652403	3	82
Misin11G171000.1.v7.1	MF	0016887	ATP hydrolysis activity	4.60076135783	0.616145076599	13	100
Misin11G171000.1.v7.1	BP	0009414	response to water deprivation	1.06773668928	0.454737113174	14	8
Misin11G171000.1.v7.1	BP	0009409	response to cold	0.944160581835	0.445787828367	16	8
Misin11G171000.1.v7.1	MF	0005524	ATP binding	3.05186243924	0.558358309308	25	100
Misin11G171000.1.v7.1	MF	0046872	metal ion binding	0.0259372530437	0.328084527864	43	1
Misin11G207200.1.v7.1	MF	0016747	acyltransferase activity, transferring groups other than amino-acyl groups	5.6241458924	0.649045891242	1	1
Misin11G222200.1.v7.1	MF	0003973	(S)-2-hydroxy-acid oxidase activity	14.2017453681	0.846032767683	1	97
Misin11G222200.1.v7.1	CC	0005777	peroxisome	8.44849246831	0.726742538909	1	100
Misin11G222200.1.v7.1	BP	0051707	response to other organism	6.63269194994	0.678648271407	1	100
Misin11G222200.1.v7.1	MF	0010181	FMN binding	7.78317275617	0.709783871001	3	100
Misin11G222200.1.v7.1	BP	0010109	regulation of photosynthesis	1.2062349008	0.464171309843	8	10
Misin11G222200.1.v7.1	BP	0009854	oxidative photosynthetic carbon pathway	1.10508397757	0.457338559029	9	5
Misin11G222200.1.v7.1	CC	0005786	signal recognition particle, endoplasmic reticulum targeting	0.11720379579	0.354409277955	9	1
Misin11G222200.1.v7.1	CC	0005829	cytosol	0.0343829855111	0.331623927255	12	1
Misin11G222200.1.v7.1	BP	0050665	hydrogen peroxide biosynthetic process	0.519961162423	0.409401298874	13	3
Misin11G222200.1.v7.1	CC	0016020	membrane	0.00874138070618	0.318275525002	15	1
Misin11G222200.1.v7.1	MF	0030942	endoplasmic reticulum signal peptide binding	0.14612198578	0.36020401491	17	1
Misin11G222200.1.v7.1	MF	0008312	7S RNA binding	0.118820799715	0.354751010711	18	1
Misin11G222200.1.v7.1	MF	0015930	glutamate synthase activity	0.11708140061	0.354383315633	19	1
Misin11G222200.1.v7.1	MF	0005515	protein binding	0.0436337287136	0.335030375003	23	1
Misin11G222200.1.v7.1	BP	0006952	defense response	0.198222459382	0.369346206695	24	3
Misin11G222200.1.v7.1	BP	0006537	glutamate biosynthetic process	0.107939759089	0.352404279247	26	1
Misin11G222200.1.v7.1	BP	0006614	SRP-dependent cotranslational protein targeting to membrane	0.0929047356171	0.348957363875	28	1
Misin12G003500.1.v7.1	BP	0006890	retrograde vesicle-mediated transport, Golgi to endoplasmic reticulum	10.6112440192	0.777687613058	1	50
Misin12G003500.1.v7.1	CC	0005794	Golgi apparatus	5.2233862936	0.636550662442	1	40
Misin12G003500.1.v7.1	CC	0016020	membrane	0.921515401856	0.444085602119	8	50
Misin12G062800.1.v7.1	BP	0010417	glucuronoxylan biosynthetic process	14.0763483329	0.845267249402	1	91
Misin12G062800.1.v7.1	CC	0000139	Golgi membrane	7.85322546722	0.711602772975	1	100
Misin12G062800.1.v7.1	MF	0016757	glycosyltransferase activity	5.46521840305	0.644145751484	1	100
Misin12G062800.1.v7.1	BP	0009834	plant-type secondary cell wall biogenesis	12.540305049	0.818886496284	3	91
Misin12G062800.1.v7.1	BP	0006486	protein glycosylation	7.92240812693	0.713391139415	12	100
Misin12G096700.1.v7.1	MF	0016616	oxidoreductase activity, acting on the CH-OH group of donors, NAD or NADP as acceptor	3.75177804271	0.585945242708	1	45
Misin12G096700.1.v7.1	CC	0005829	cytosol	0.446397269327	0.401712429539	1	9
Misin12G096700.1.v7.1	BP	0044281	small molecule metabolic process	0.104658374601	0.351673574465	1	9
Misin12G096700.1.v7.1	BP	0006629	lipid metabolic process	0.0338699734197	0.331422312857	2	1
Misin12G096700.1.v7.1	CC	0016020	membrane	0.02232911197	0.326397132549	4	2
Misin12G096700.1.v7.1	BP	0009987	cellular process	0.0195103359985	0.324981449511	4	10
Misin12G096700.1.v7.1	MF	0016229	steroid dehydrogenase activity	0.0912557547683	0.348562839945	12	1
Misin12G110200.1.v7.1	MF	0010427	abscisic acid binding	10.6617568949	0.778812061738	1	31
Misin12G110200.1.v7.1	BP	0009738	abscisic acid-activated signaling pathway	9.73955802279	0.757844007327	1	31
Misin12G110200.1.v7.1	CC	0005634	nucleus	3.32002183856	0.569267861282	1	40
Misin12G110200.1.v7.1	MF	0004864	protein phosphatase inhibitor activity	8.83323967588	0.736245531104	4	31
Misin12G110200.1.v7.1	BP	0006952	defense response	6.93860129621	0.687174585655	9	43
Misin12G110200.1.v7.1	MF	0038023	signaling receptor activity	4.96449785387	0.628222343638	15	31
Misin12G126200.1.v7.1	CC	0009514	glyoxysome	15.7866305908	0.855431416585	1	100
Misin12G126200.1.v7.1	MF	0004474	malate synthase activity	12.4311398327	0.816643569486	1	100
Misin12G126200.1.v7.1	BP	0006097	glyoxylate cycle	10.6823670428	0.779270091406	1	100
Misin12G126200.1.v7.1	BP	0006099	tricarboxylic acid cycle	7.46177244729	0.701331878418	3	99
Misin12G201000.1.v7.1	MF	0003973	(S)-2-hydroxy-acid oxidase activity	13.779656321	0.843442324935	1	94
Misin12G201000.1.v7.1	CC	0005777	peroxisome	8.44853231329	0.726743534132	1	100
Misin12G201000.1.v7.1	BP	0051707	response to other organism	6.6327232312	0.678649153218	1	100
Misin12G201000.1.v7.1	MF	0010181	FMN binding	7.78320946336	0.709784826233	3	100
Misin12G201000.1.v7.1	BP	0009854	oxidative photosynthetic carbon pathway	0.684448969205	0.424826037959	7	3
Misin12G201000.1.v7.1	CC	0005786	signal recognition particle, endoplasmic reticulum targeting	0.115151412391	0.353972120246	9	1
Misin12G201000.1.v7.1	BP	0010109	regulation of photosynthesis	0.377821429381	0.393950346265	10	3
Misin12G201000.1.v7.1	BP	0050665	hydrogen peroxide biosynthetic process	0.344817609145	0.389963142367	11	2
Misin12G201000.1.v7.1	CC	0005829	cytosol	0.0342634039486	0.33157706673	12	1
Misin12G201000.1.v7.1	CC	0016020	membrane	0.017513364618	0.32391548768	15	2
Misin12G201000.1.v7.1	MF	0030942	endoplasmic reticulum signal peptide binding	0.143563209114	0.359715896614	17	1
Misin12G201000.1.v7.1	MF	0008312	7S RNA binding	0.116740100578	0.354310847706	18	1
Misin12G201000.1.v7.1	MF	0015930	glutamate synthase activity	0.11510724773	0.353962670534	19	1
Misin12G201000.1.v7.1	BP	0006952	defense response	0.131453268941	0.357344415917	20	2
Misin12G201000.1.v7.1	BP	0006537	glutamate biosynthetic process	0.106119746814	0.352000389712	21	1
Misin12G201000.1.v7.1	BP	0006614	SRP-dependent cotranslational protein targeting to membrane	0.0912778588099	0.348568151869	23	1
Misin12G201000.1.v7.1	MF	0004252	serine-type endopeptidase activity	0.0663953896016	0.342114123734	23	1
Misin12G270100.1.v7.1	MF	0019172	glyoxalase III activity	13.0947369038	0.830130168464	1	3
Misin12G270100.1.v7.1	BP	0019249	lactate biosynthetic process	12.7371217643	0.822905796612	1	3
Misin12G270100.1.v7.1	BP	0061727	methylglyoxal catabolic process to lactate	11.2796928631	0.792357888094	2	3
Misin13G027300.1.v7.1	BP	0006857	oligopeptide transport	9.05984201301	0.741745777412	1	45
Misin13G027300.1.v7.1	MF	0022857	transmembrane transporter activity	3.25914784221	0.566831158627	1	47
Misin13G027300.1.v7.1	CC	0016020	membrane	0.921531045471	0.444086785216	1	47
Misin13G027300.1.v7.1	BP	0015833	peptide transport	7.68659202373	0.707262699588	2	45
Misin13G027300.1.v7.1	BP	0055085	transmembrane transport	2.72911846614	0.544571035739	5	47
Misin13G027300.1.v7.1	BP	0010167	response to nitrate	2.3061749156	0.525202104282	8	7
Misin13G027300.1.v7.1	BP	1902025	nitrate import	1.72257550822	0.495270533774	11	7
Misin14G027400.1.v7.1	BP	0019722	calcium-mediated signaling	10.6204425368	0.777892576887	1	100
Misin14G027400.1.v7.1	MF	0019900	kinase binding	9.42822835478	0.75054270268	1	100
Misin14G027400.1.v7.1	CC	0016020	membrane	0.912022509864	0.443365810697	1	99
Misin14G027400.1.v7.1	MF	0005509	calcium ion binding	6.92298125966	0.686743833632	3	100
Misin14G060100.1.v7.1	CC	0010008	endosome membrane	8.42711944719	0.726208358624	1	93
Misin14G060100.1.v7.1	BP	0072657	protein localization to membrane	6.21477709392	0.666675681589	1	81
Misin14G060100.1.v7.1	MF	0051537	2 iron, 2 sulfur cluster binding	0.0354841401915	0.332051664429	1	1
Misin14G060100.1.v7.1	CC	0000139	Golgi membrane	7.85313949631	0.711600545744	2	93
Misin14G060100.1.v7.1	MF	0009055	electron transfer activity	0.0237526296039	0.327078061579	4	1
Misin14G060100.1.v7.1	BP	0022900	electron transport chain	0.0245437408791	0.327447673962	9	1
Misin14G060100.1.v7.1	CC	0005802	trans-Golgi network	0.067495553171	0.342422823957	20	1
Misin14G060100.1.v7.1	CC	0005739	mitochondrion	0.0503988931715	0.337296961219	22	1
Misin14G086000.1.v7.1	BP	0098755	maintenance of seed dormancy by absisic acid	20.4961175595	0.880866681285	1	21
Misin14G086000.1.v7.1	CC	0030880	RNA polymerase complex	0.374201552296	0.393521767012	1	2
Misin14G086000.1.v7.1	MF	0000166	nucleotide binding	0.13029469404	0.357111909393	1	2
Misin14G086000.1.v7.1	BP	0009845	seed germination	15.5618113184	0.854127887743	5	21
Misin14G086000.1.v7.1	CC	0005634	nucleus	0.18115345961	0.366500207403	6	2
Misin14G086000.1.v7.1	BP	0010029	regulation of seed germination	14.9928052331	0.850786017246	9	21
Misin14G086000.1.v7.1	BP	0009793	embryo development ending in seed dormancy	12.7622683645	0.823417085143	11	21
Misin14G086000.1.v7.1	BP	0006352	DNA-templated transcription initiation	0.367301100596	0.392698998835	41	2
Misin14G099700.1.v7.1	MF	0003849	3-deoxy-7-phosphoheptulonate synthase activity	11.4761268154	0.79658580046	1	100
Misin14G099700.1.v7.1	BP	0009423	chorismate biosynthetic process	6.91205775609	0.686442308572	1	79
Misin14G099700.1.v7.1	CC	0009507	chloroplast	5.9940963012	0.660190888887	1	100
Misin14G099700.1.v7.1	BP	0009073	aromatic amino acid family biosynthetic process	6.68396400967	0.680090837094	2	100
Misin14G099700.1.v7.1	BP	0008652	amino acid biosynthetic process	4.9213484724	0.626813313444	7	100
Misin14G145400.1.v7.1	MF	0016813	hydrolase activity, acting on carbon-nitrogen (but not peptide) bonds, in linear amidines	9.32337729657	0.7480566696	1	95
Misin14G145400.1.v7.1	BP	0006144	purine nucleobase metabolic process	8.12643849307	0.71862031577	1	95
Misin14G145400.1.v7.1	CC	0005783	endoplasmic reticulum	0.952266303635	0.446392161287	1	15
Misin14G145400.1.v7.1	MF	0004848	ureidoglycolate hydrolase activity	2.58638847341	0.538214307143	3	18
Misin14G145400.1.v7.1	BP	0010136	ureide catabolic process	3.03106245114	0.557492426508	5	15
Misin14G145400.1.v7.1	MF	0030145	manganese ion binding	1.35262339828	0.473570995766	5	15
Misin14G145400.1.v7.1	BP	0000256	allantoin catabolic process	1.93033582304	0.506435835613	9	15
Misin14G145400.1.v7.1	CC	0009536	plastid	0.0567340751365	0.339285065787	9	1
Misin14G145400.1.v7.1	CC	0016020	membrane	0.0530012474887	0.338127943713	10	6
Misin14G145400.1.v7.1	BP	0046113	nucleobase catabolic process	1.59139597672	0.487870589979	12	15
Misin14G145400.1.v7.1	BP	0072523	purine-containing compound catabolic process	1.13210463773	0.459193389378	14	15
Misin14G145400.1.v7.1	BP	0009987	cellular process	0.390693879407	0.395458000679	19	95
Misin16G013800.1.v7.1	MF	0045735	nutrient reservoir activity	13.1222926563	0.830682719264	1	100
Misin16G044000.1.v7.1	BP	0010025	wax biosynthetic process	14.3311236618	0.846819056518	1	85
Misin16G044000.1.v7.1	MF	0106290	trans-cinnamate-CoA ligase activity	13.9724801151	0.844630573582	1	91
Misin16G044000.1.v7.1	CC	0005783	endoplasmic reticulum	5.10549894282	0.63278449892	1	85
Misin16G044000.1.v7.1	MF	0016207	4-coumarate-CoA ligase activity	13.483468174	0.837872109971	2	92
Misin16G044000.1.v7.1	BP	0010143	cutin biosynthetic process	12.8718490468	0.82563925589	3	85
Misin16G044000.1.v7.1	MF	0004467	long-chain fatty acid-CoA ligase activity	10.6927287544	0.779500198017	3	100
Misin16G044000.1.v7.1	BP	0009698	phenylpropanoid metabolic process	10.4068331807	0.773109735404	5	92
Misin16G044000.1.v7.1	BP	0001676	long-chain fatty acid metabolic process	9.81537677861	0.759604364937	6	100
Misin16G044000.1.v7.1	CC	0016020	membrane	0.783216949215	0.433201339561	9	85
Misin16G044000.1.v7.1	MF	0005524	ATP binding	2.73750519647	0.544939321422	11	89
Misin16G125400.1.v7.1	MF	0048040	UDP-glucuronate decarboxylase activity	12.32858871	0.814527548213	1	100
Misin16G125400.1.v7.1	BP	0042732	D-xylose metabolic process	10.4866221431	0.774901950345	1	100
Misin16G125400.1.v7.1	CC	0032580	Golgi cisterna membrane	2.87419155536	0.550863960663	1	29
Misin16G125400.1.v7.1	MF	0070403	NAD+ binding	9.24742699314	0.746247135868	2	100
Misin16G125400.1.v7.1	BP	0033320	UDP-D-xylose biosynthetic process	8.97101557849	0.739598011356	2	71
Misin16G248000.1.v7.1	BP	0009269	response to desiccation	14.1055827253	0.845446022042	1	46
Misin16G248000.1.v7.1	CC	0005829	cytosol	3.17848078097	0.563566833419	1	41
Misin16G248000.1.v7.1	CC	0016020	membrane	0.0178368953297	0.324092162791	5	1
Misin17G023300.1.v7.1	MF	0005545	1-phosphatidylinositol binding	12.8919048717	0.826044939638	1	57
Misin17G023300.1.v7.1	BP	0048268	clathrin coat assembly	12.1801773248	0.811449608531	1	57
Misin17G023300.1.v7.1	CC	0005905	clathrin-coated pit	10.7185185444	0.780072438424	1	57
Misin17G023300.1.v7.1	MF	0032050	clathrin heavy chain binding	11.9205346779	0.806019368702	2	50
Misin17G023300.1.v7.1	CC	0030136	clathrin-coated vesicle	9.76627367662	0.758465069805	2	57
Misin17G023300.1.v7.1	BP	0006900	vesicle budding from membrane	9.64898325392	0.755732038664	2	50
Misin17G023300.1.v7.1	BP	0072583	clathrin-dependent endocytosis	8.60365687107	0.730600507113	3	57
Misin17G023300.1.v7.1	MF	0005546	phosphatidylinositol-4,5-bisphosphate binding	10.3929666456	0.772797566228	4	50
Misin17G023300.1.v7.1	CC	0005794	Golgi apparatus	6.43058328941	0.672906796127	4	55
Misin17G023300.1.v7.1	MF	0000149	SNARE binding	9.10381733935	0.742805175863	7	50
Misin17G041200.1.v7.1	MF	0030246	carbohydrate binding	7.05226232524	0.690294513308	1	1
Misin17G173700.1.v7.1	MF	0008483	transaminase activity	7.02481638763	0.689543455048	1	98
Misin17G173700.1.v7.1	CC	0005739	mitochondrion	2.92660368455	0.553098274039	1	62
Misin17G173700.1.v7.1	MF	0030170	pyridoxal phosphate binding	6.27448444786	0.668410333361	3	94
Misin17G174300.1.v7.1	MF	0016491	oxidoreductase activity	3.02804588363	0.557366603425	1	99
Misin17G174300.1.v7.1	CC	0005829	cytosol	0.409013558177	0.397561451677	1	10
Misin17G174300.1.v7.1	BP	0044281	small molecule metabolic process	0.20246422051	0.370034227321	1	20
Misin17G174300.1.v7.1	BP	0009987	cellular process	0.0314526905982	0.330451084132	3	20
Misin17G174300.1.v7.1	CC	0031969	chloroplast membrane	0.118924444263	0.354772835104	4	1
Misin17G257700.1.v7.1	CC	0005741	mitochondrial outer membrane	9.26968281732	0.7467781533	1	100
Misin17G257700.1.v7.1	MF	0016887	ATP hydrolysis activity	4.6007465468	0.616144575288	1	100
Misin17G257700.1.v7.1	BP	0051301	cell division	0.140870627965	0.359197532827	1	2
Misin17G257700.1.v7.1	MF	0005524	ATP binding	3.05185261452	0.558357901012	7	100
Misin18G109800.1.v7.1	MF	0004739	pyruvate dehydrogenase (acetyl-transferring) activity	11.1283683205	0.789075716191	1	100
Misin18G109800.1.v7.1	BP	0006086	acetyl-CoA biosynthetic process from pyruvate	10.3770839237	0.772439751836	1	100
Misin18G109800.1.v7.1	CC	0043231	intracellular membrane-bounded organelle	2.39862200606	0.52957828641	1	100
Misin18G109800.1.v7.1	MF	0030976	thiamine pyrophosphate binding	0.0833194626114	0.346612140998	7	1
Misin18G109800.1.v7.1	CC	0070013	intracellular organelle lumen	0.113453057807	0.353607416164	8	2
Misin18G109800.1.v7.1	CC	0005667	transcription regulator complex	0.0759450759788	0.344714410837	11	1
Misin18G109800.1.v7.1	MF	0046872	metal ion binding	0.0505934910229	0.337359831521	12	2
Misin18G109800.1.v7.1	CC	0005737	cytoplasm	0.0461410503066	0.335889639454	12	3
Misin18G109800.1.v7.1	MF	0003677	DNA binding	0.0305085929741	0.330061661736	16	1
Misin18G109800.1.v7.1	BP	0006626	protein targeting to mitochondrion	0.09737093381	0.350008666857	33	1
Misin18G109800.1.v7.1	BP	0010468	regulation of gene expression	0.0617087609819	0.340769492319	39	2
Misin18G109800.1.v7.1	BP	2001141	regulation of RNA biosynthetic process	0.0326817766566	0.330949403889	53	1
Misin18G127100.1.v7.1	BP	0000911	cytokinesis by cell plate formation	11.5951203134	0.799129353268	1	61
Misin18G127100.1.v7.1	MF	0008017	microtubule binding	8.57033770116	0.729775019928	1	76
Misin18G127100.1.v7.1	CC	0005874	microtubule	7.77511838877	0.709574217499	1	76
Misin18G127100.1.v7.1	BP	0000226	microtubule cytoskeleton organization	7.97927597278	0.714855329729	2	76
Misin18G127100.1.v7.1	CC	0005819	spindle	7.11881808563	0.692109765561	5	61
Misin18G127100.1.v7.1	CC	0005737	cytoplasm	1.22822159685	0.465618131531	13	61
Misin18G151700.1.v7.1	BP	0009617	response to bacterium	9.7807414497	0.758801049562	1	50
Misin18G151700.1.v7.1	CC	0005789	endoplasmic reticulum membrane	6.69128203252	0.680296281588	1	50
Misin18G151700.1.v7.1	MF	0003676	nucleic acid binding	0.0444503549941	0.335312883111	1	1
Misin18G152900.1.v7.1	MF	0050521	alpha-glucan, water dikinase activity	5.642479537	0.649606685609	1	15
Misin18G152900.1.v7.1	BP	0005983	starch catabolic process	3.46570185632	0.575010064306	1	12
Misin18G152900.1.v7.1	CC	0005783	endoplasmic reticulum	0.224417170021	0.373485144997	1	2
Misin18G152900.1.v7.1	BP	0009631	cold acclimation	3.37577962605	0.571480240811	2	12
Misin18G152900.1.v7.1	BP	0009610	response to symbiotic fungus	3.35836424444	0.570791201847	3	12
Misin18G152900.1.v7.1	CC	0009507	chloroplast	0.108776751964	0.352588877756	5	1
Misin18G152900.1.v7.1	MF	0005524	ATP binding	2.27187940289	0.523556401155	6	38
Misin18G152900.1.v7.1	MF	0003729	mRNA binding	0.998585037379	0.44979723735	21	12
Misin18G152900.1.v7.1	MF	0000155	phosphorelay sensor kinase activity	0.255507768138	0.37809537108	26	2
Misin18G152900.1.v7.1	BP	0000160	phosphorelay signal transduction system	0.199363823333	0.36953205582	27	2
Misin18G152900.1.v7.1	MF	0046872	metal ion binding	0.0939386195924	0.349202940065	34	2
Misin18G170000.1.v7.1	MF	0004364	glutathione transferase activity	10.1506195331	0.767307736254	1	79
Misin18G170000.1.v7.1	BP	0006749	glutathione metabolic process	8.60529428532	0.730641033042	1	79
Misin18G170000.1.v7.1	CC	0005829	cytosol	3.21038860063	0.564862932184	1	69
Misin18G170000.1.v7.1	BP	0009407	toxin catabolic process	3.740331532	0.5855158815	5	23
Misin18G170000.1.v7.1	MF	0045174	glutathione dehydrogenase (ascorbate) activity	0.237920381455	0.375524324346	5	1
Misin18G170000.1.v7.1	CC	0016020	membrane	0.00897017760083	0.318452040327	5	1
Misin18G170000.1.v7.1	BP	0098869	cellular oxidant detoxification	0.114096282755	0.353745861122	16	1
Misin18G197900.1.v7.1	MF	0052684	L-serine hydro-lyase (adding indole, L-tryptophan-forming) activity	12.1030267692	0.80984215573	1	83
Misin18G197900.1.v7.1	BP	0006568	tryptophan metabolic process	9.98044044286	0.763413445491	1	98
Misin18G197900.1.v7.1	CC	0005737	cytoplasm	1.10733574057	0.457493991086	1	73
Misin18G197900.1.v7.1	MF	0004834	tryptophan synthase activity	10.6332713415	0.778178283582	2	100
Misin18G197900.1.v7.1	BP	0000162	tryptophan biosynthetic process	8.61754963588	0.730944230079	2	100
Misin18G197900.1.v7.1	MF	0030170	pyridoxal phosphate binding	6.53747211199	0.675954341437	4	100
Misin18G197900.1.v7.1	MF	0042803	protein homodimerization activity	0.354253815835	0.391121914868	16	4
Misin19G055000.1.v7.1	MF	0030623	U5 snRNA binding	14.14062437	0.845660062952	1	35
Misin19G055000.1.v7.1	CC	0005681	spliceosomal complex	8.12417981327	0.718562788821	1	35
Misin19G055000.1.v7.1	BP	0000398	mRNA splicing, via spliceosome	7.53784392292	0.703348548148	1	35
Misin19G055000.1.v7.1	MF	0017070	U6 snRNA binding	12.2335128504	0.812557894264	2	35
Misin19G055000.1.v7.1	CC	0005682	U5 snRNP	5.46393282346	0.64410582534	3	16
Misin19G055000.1.v7.1	MF	0097157	pre-mRNA intronic binding	7.01168259428	0.68918352969	4	16
Misin19G055000.1.v7.1	MF	0030620	U2 snRNA binding	6.58445691175	0.677286055092	5	16
Misin19G055000.1.v7.1	MF	0030619	U1 snRNA binding	6.4738567568	0.674143609984	6	16
Misin19G055000.1.v7.1	MF	0008237	metallopeptidase activity	5.00282549783	0.629468794812	8	27
Misin19G055000.1.v7.1	BP	0022618	protein-RNA complex assembly	3.45472566885	0.574581676787	13	16
Misin19G055000.1.v7.1	CC	1902494	catalytic complex	2.04169487196	0.512173214303	13	16
Misin19G056400.1.v7.1	BP	0009809	lignin biosynthetic process	14.130508572	0.845598301025	1	10
Misin19G056400.1.v7.1	MF	0008171	O-methyltransferase activity	8.8758591848	0.737285360626	1	10
Misin19G056400.1.v7.1	MF	0008757	S-adenosylmethionine-dependent methyltransferase activity	2.34709686188	0.527149852827	4	4
Misin19G056400.1.v7.1	BP	0032259	methylation	5.07309357145	0.631741640607	7	10
Misin19G056400.1.v7.1	MF	0046872	metal ion binding	0.260931282206	0.378870241067	8	1
Misin19G056400.1.v7.1	BP	0009987	cellular process	0.410396700634	0.397718331824	10	10
Misin19G162800.1.v7.1	CC	0010008	endosome membrane	8.42724456105	0.72621148759	1	100
Misin19G162800.1.v7.1	BP	0030003	intracellular monoatomic cation homeostasis	7.41444726665	0.700072088419	1	100
Misin19G162800.1.v7.1	MF	0003743	translation initiation factor activity	0.238377456572	0.375592322941	1	3
Misin19G162800.1.v7.1	CC	0000139	Golgi membrane	7.85325608854	0.711603566272	2	100
Misin19G162800.1.v7.1	MF	0004386	helicase activity	0.059989137782	0.340263371486	6	1
Misin19G162800.1.v7.1	BP	0072657	protein localization to membrane	6.17547111584	0.665529190274	9	84
Misin19G162800.1.v7.1	MF	0005524	ATP binding	0.0284378989233	0.32918586042	10	1
Misin19G162800.1.v7.1	BP	0006413	translational initiation	0.222466867658	0.373185603374	17	3
Misin19G162800.1.v7.1	MF	0016787	hydrolase activity	0.0209989022848	0.325740929087	23	1
Misin19G206700.1.v7.1	MF	0046524	sucrose-phosphate synthase activity	15.0811460596	0.851308965811	1	97
Misin19G206700.1.v7.1	BP	0005986	sucrose biosynthetic process	11.7435957702	0.802284866498	1	89
Misin19G206700.1.v7.1	CC	0016020	membrane	0.00870858847038	0.318250037604	1	1
Misin19G206700.1.v7.1	MF	0016157	sucrose synthase activity	14.3375119081	0.846857788564	2	100
Misin19G206700.1.v7.1	BP	0009987	cellular process	0.410477701807	0.397727511019	12	100
Misin19G275200.1.v7.1	MF	0050614	delta24-sterol reductase activity	15.1060524488	0.851456126461	1	4
Misin19G275200.1.v7.1	BP	0008202	steroid metabolic process	6.4236366572	0.672707864847	1	3
Misin19G275200.1.v7.1	CC	0005737	cytoplasm	1.11649268109	0.458124443473	1	3
Misin19G275200.1.v7.1	CC	0016020	membrane	0.921343844901	0.444072626924	2	4
Misin19G275200.1.v7.1	MF	0071949	FAD binding	7.71774241268	0.708077579937	3	4
Misin19G275200.1.v7.1	BP	0009987	cellular process	0.297901433099	0.38395066454	5	3
MisinT036500.1.v7.1	MF	0004834	tryptophan synthase activity	10.6332610732	0.778178054969	1	100
MisinT036500.1.v7.1	BP	0006568	tryptophan metabolic process	10.1659800324	0.767657626205	1	100
MisinT036500.1.v7.1	CC	0009570	chloroplast stroma	2.27599827072	0.523754702258	1	23
MisinT036500.1.v7.1	BP	0000162	tryptophan biosynthetic process	8.61754131413	0.730944024272	3	100
MisinT036500.1.v7.1	MF	0019904	protein domain specific binding	0.0938572661965	0.349183665513	6	1
MisinT036500.1.v7.1	BP	0006979	response to oxidative stress	0.0687716376649	0.342777751874	31	1
MisinT054100.1.v7.1	CC	0015630	microtubule cytoskeleton	6.77489616096	0.682635717758	1	4
MisinT206400.1.v7.1	MF	0047274	galactinol-sucrose galactosyltransferase activity	15.3218212568	0.852725963191	1	89
MisinT206400.1.v7.1	BP	0009414	response to water deprivation	4.07397478297	0.597772982904	1	28
MisinT206400.1.v7.1	BP	0006979	response to oxidative stress	2.31119061929	0.525441759244	5	28
MisinT206400.1.v7.1	MF	0016787	hydrolase activity	0.0198774650692	0.325171379806	7	1
MisinT386500.1.v7.1	MF	0004478	methionine adenosyltransferase activity	11.349905809	0.79387330075	1	100
MisinT386500.1.v7.1	BP	0006556	S-adenosylmethionine biosynthetic process	10.8806876018	0.783655083423	1	100
MisinT386500.1.v7.1	CC	0005737	cytoplasm	1.53840290477	0.484795002644	1	100
MisinT386500.1.v7.1	BP	0006730	one-carbon metabolic process	8.0351003058	0.716287586245	3	100
MisinT386500.1.v7.1	MF	0005524	ATP binding	3.05184206139	0.558357462445	3	100
MisinT386500.1.v7.1	MF	0046872	metal ion binding	2.4763829098	0.533194376173	14	100
MisinT394200.1.v7.1	MF	0003978	UDP-glucose 4-epimerase activity	11.2166725406	0.790993692989	1	100
MisinT394200.1.v7.1	BP	0006012	galactose metabolic process	9.6581578503	0.755946416367	1	100
MisinT394200.1.v7.1	CC	0005829	cytosol	3.27314731502	0.56739353964	1	91
MisinT394200.1.v7.1	CC	0016020	membrane	0.0299074853102	0.329810569669	4	3
MisinT394200.1.v7.1	MF	0000166	nucleotide binding	0.0282344432401	0.329098112554	6	1
MisinT394200.1.v7.1	BP	0009987	cellular process	0.410473879236	0.397727077858	8	100
MisinT397300.1.v7.1	MF	0005200	structural constituent of cytoskeleton	10.0089235772	0.76406753927	1	98
MisinT397300.1.v7.1	CC	0005874	microtubule	7.77515489524	0.709575167999	1	100
MisinT397300.1.v7.1	BP	0007017	microtubule-based process	7.16235424051	0.693292589928	1	100
MisinT397300.1.v7.1	BP	0007010	cytoskeleton organization	6.65567532806	0.679295607514	2	98
MisinT397300.1.v7.1	MF	0005525	GTP binding	5.98811857028	0.660013584517	2	100
MisinT397300.1.v7.1	BP	0000278	mitotic cell cycle	0.945079143464	0.445856442945	7	12
MisinT397300.1.v7.1	CC	0005737	cytoplasm	0.523054715465	0.409712301605	13	34
MisinT397300.1.v7.1	MF	0016787	hydrolase activity	2.20824226725	0.52046946042	15	98
MisinT397300.1.v7.1	MF	0046872	metal ion binding	0.79154955425	0.433883090667	20	32
MisinT397300.1.v7.1	MF	0016740	transferase activity	0.0230586909762	0.326748748359	23	1
MisinT437000.1.v7.1	MF	0004674	protein serine/threonine kinase activity	5.86887208108	0.656457963436	1	9
MisinT437000.1.v7.1	CC	0016020	membrane	0.921477483382	0.444082734373	1	10
MisinT437000.1.v7.1	MF	0005524	ATP binding	3.05163055628	0.558348672544	7	10
