qpid	cluster_GSZ	cluster_RM1sum	cluster_size	cluster_desccount	RM2	val_avg	jac_avg	desc	genename
Sn00001aa000144_T001	2099.54272706	2.56348775497	4	4	1.44080599471	0.0205784183505	0.00411710783137	Blue fluorescent1	
Sn00001aa000144_T001	1760.81219133	25.8527991929	41	1446	1.38463761905	0.170401201137	5.29571282876e-06	Glycosyl transferase family 3 domain-containing protein	
Sn00001aa000144_T001	939.102249281	2.80864447771	4	60	1.00878685125	0.081407365402	2.39383846946e-06	Phosphoribosylanthranilate transferase	
Sn00001aa000144_T001	251.136378469	19.1768973434	31	39083	0.737409116938	0.0885929217697	1.58506381442e-05	Anthranilate phosphoribosyltransferase, chloroplastic	
Sn00001aa000544_T001	2054.26113091	0.574670910712	1	12	1.42196514426	0.0193591327807	1.75763044001e-05	RAB GTPase homolog A4A	
Sn00001aa000544_T001	1833.34735041	0.592212696665	1	16	1.34082142104	0.032985812759	5.6364769169e-09	GTP-BINDING protein 3	
Sn00001aa000544_T001	472.660839305	0.595014190521	1	243	0.787842442867	0.0165624650501	3.34380794017e-08	Putative small GTPase superfamily, P-loop containing nucleoside triphosphate hydrolase	
Sn00001aa000544_T001	306.130932955	0.60202085256	1	593	0.712452373182	0.0	0.0	Ras-related protein Rab-25	
Sn00001aa000746_T001	1145.88371834	68.2061508074	100	16297	1.14043093731	0.173729589126	3.8386712701e-05	Tubulin alpha chain	
Sn00001aa001175_T001	801.854344724	62.2132145166	97	32254	1.00847999876	0.184409752054	5.46140167793e-05	phosphoglycerate mutase (2,3-diphosphoglycerate-independent)	
Sn00001aa001519_T001	888.889380634	41.4432311391	64	11995	1.03247196663	0.1639906844	5.75820828771e-05	Clp R domain-containing protein	
Sn00001aa001519_T001	239.76089206	18.2611275343	28	31987	0.709998450694	0.0454604450416	2.89991866965e-06	Chaperone protein ClpB3, chloroplastic	
Sn00001aa002111_T004	1113.6616126	1.26866744459	2	10	1.12828371773	0.175130252926	1.93196497846e-06	39 kDa EF-Hand containing protein, putative, expressed	
Sn00001aa002111_T004	1041.81154437	1.1868170095	2	5	1.07161626081	0.122421768335	0.000405291999109	SnRK2-interacting calcium sensor,SCS	
Sn00001aa002111_T004	501.242829431	0.571009876668	1	2	0.826370638303	0.0676858587104	7.07188486931e-08	Glycerol-3-phosphate dehydrogenase-2C mitochondrial	
Sn00001aa002111_T004	264.605322019	41.9844483385	70	193785	0.696876531935	0.00195170400889	1.29023711497e-10	EF-hand domain-containing protein	
Sn00001aa002111_T004	105.334750078	1.19354894483	2	989	0.632133900031	0.0	0.0	CALCIUM-BINDING EF-HAND FAMILY PROTEIN-RELATED	
Sn00001aa003072_T001	902.542111953	58.1302652657	91	22680	1.17138970667	0.41575139247	0.00123119389543	Endoglucanase	
Sn00001aa003072_T001	329.653032393	2.52981250768	4	322	0.737901859471	0.0302653612352	2.52972642523e-07	Glycoside hydrolase family 9 domain-containing protein	
Sn00001aa003072_T001	10.805946792	0.5956737796	1	16357	0.595375937393	0.00198784423376	6.1592744431e-08	cellulase	
Sn00001aa004935_T002	1612.88897407	63.5002149746	95	7813	1.23728091775	0.00401005300329	1.76175862556e-09	5-methyltetrahydropteroyltriglutamate--homocysteine S-methyltransferase	
Sn00001aa005345_T001	175.919045697	0.528324689818	1	656	0.663355500303	0.00563751305873	5.15374986789e-09	Glycosyl hydrolase family protein (Fragment)	
Sn00001aa005345_T001	145.338664651	4.89213333357	9	82373	0.649341272495	0.00227510615922	1.85045973791e-08	Beta-glucosidase	
Sn00001aa005515_T001	261.676806903	28.095582124	47	143839	1.08022290659	0.727448880708	0.000213852570708	Glutathione S-transferase	
Sn00001aa005515_T001	94.4474832111	0.516261371	1	373	0.632487590455	0.00888395636521	5.01484658842e-06	Glutathione-dependent dehydroascorbate reductase	
Sn00001aa005661_T003	763.965373597	5.69250511434	9	3301	1.01482171685	0.2249727319	9.75298202028e-07	Cytochrome b-c1 complex subunit 7	
Sn00001aa006179_T001	1022.42484541	48.8703909723	78	12963	1.20564067733	0.389857620905	0.00231000413481	DUF255 domain-containing protein	
Sn00001aa006179_T001	797.166532098	9.21372527255	15	758	0.935691486403	0.0506126395523	8.73005826563e-06	Spermatogenesis-associated protein 20	
Sn00001aa006179_T001	563.646384355	1.80205022812	3	58	0.815458553742	0.0	0.0	Spermatogenesis-associated protein	
Sn00001aa006179_T001	0	0.587255947027	1	1	0.59457623038	0.0086343969137	7.90374182379e-10	Spermatogenesis-associated protein like	
Sn00001aa006768_T001	806.050993022	5.04825537272	8	2635	1.02111882562	0.205090909091	1.232945346e-05	Cysteine proteinase inhibitor	
Sn00001aa007068_T001	1190.25366313	63.5967459825	100	15088	1.16461727461	0.185872760547	0.000162313386372	Malic enzyme	
Sn00001aa007255_T001	311.132056762	37.6120201871	67	143965	0.981640546039	0.504125424323	6.24221529447e-05	Glutathione S-transferase	
Sn00001aa007255_T001	22.0501259352	0.960442304838	2	18575	0.604323892771	0.0103845861045	5.88078608292e-07	GST N-terminal domain-containing protein	
Sn00001aa008159_T001	1134.03730841	45.3427435749	76	11275	1.21769453646	0.328421598685	0.000808289777367	CobW C-terminal domain-containing protein	
Sn00001aa008159_T001	1034.31300443	1.69761006156	3	19	1.01111601971	0.0139446668462	7.22526713368e-06	Plastid transcriptionally active 17	
Sn00001aa008159_T001	549.921675783	0.654802640439	1	2	0.815499045944	0.0104346675733	9.08655815485e-08	P-loop guanosine triphosphatase YjiA-like isoform X1	
Sn00001aa008159_T001	93.1888945647	0.579831313252	1	273	0.628411608892	0.00214349257638	4.657459914e-11	CobW/HypB/UreG, nucleotide-binding domain	
Sn00001aa008159_T001	58.7431133692	0.563644320782	1	649	0.615731134954	0.00421476849769	3.11512823185e-06	Putative GTP-binding protein YjiA	
Sn00001aa008159_T001	45.1015471201	1.22677973168	2	5208	0.608040618848	0.0	0.0	CobW/HypB/UreG nucleotide-binding domain-containing protein	
Sn00001aa008159_T001	0	0.68968023501	1	1	0.595079374447	0.00958372530574	1.77041920563e-09	PRLI-interacting factor L-like	
Sn00001aa008274_T003	529.763685786	62.201921788	98	74620	0.909368436641	0.202760193735	2.98232506167e-06	UMP-CMP kinase	
Sn00001aa008298_T001	529.076966256	40.3062828295	67	39779	1.08011181723	0.525418303964	0.000466481499577	UspA domain-containing protein	
Sn00001aa008298_T001	365.239239758	10.1522920189	18	5296	0.786751762197	0.095571404631	0.000161091976974	Universal stress protein PHOS32	
Sn00001aa008298_T001	420.893555682	1.19212366132	2	55	0.766851244036	0.0160260770416	4.65779392517e-08	Adenine nucleotide alpha hydrolase superfamily protein	
Sn00001aa008298_T001	147.894689186	0.544721958127	1	93	0.652344888661	0.00601322910403	7.80933387648e-08	Rossmann-like alpha/beta/alpha sandwich fold	
Sn00001aa009014_T001	2010.61976394	63.7668346401	97	5137	1.62206437319	0.429831578732	0.000286544221474	Phenylalanine ammonia-lyase	
Sn00001aa009411_T002	1507.85700323	1.88308319136	3	3	1.20836057482	0.0287120364604	1.9710402498e-05	Pathogen induced protein 2-4	
Sn00001aa009411_T002	543.710015842	43.1672443393	69	40405	0.985823352313	0.336477722519	0.000307652061934	UspA domain-containing protein	
Sn00001aa009411_T002	392.260591542	3.07889964962	5	395	0.759026055978	0.0228713506046	1.77051664141e-07	Adenine nucleotide alpha hydrolase-like superfamily protein	
Sn00001aa009411_T002	37.7217788869	4.81127050915	8	103242	0.63090844602	0.0487156736858	2.13705671648e-05	Universal stress protein PHOS32	
Sn00001aa009411_T002	13.1142012049	0.611362266366	1	13779	0.599672166035	0.00835184093201	4.9293755132e-07	Usp domain-containing protein	
Sn00001aa009456_T002	5046.74671263	61.4088773128	95	789	2.74859996279	0.263964512605	4.30267118803e-06	Pyrophosphate--fructose 6-phosphate 1-phosphotransferase subunit alpha	PFP-ALPHA
Sn00001aa009456_T002	54.5019342026	0.646796976435	1	750	0.61189701263	0.000181582823579	2.61737234172e-09	Phosphofructokinase domain-containing protein (Fragment)	PFP-ALPHA
Sn00001aa010391_T001	341.052787636	0.623422028627	1	18	0.979213291966	0.47627511592	0.0183182736892	UDP-glucose 4-epimerase GEPI48	
Sn00001aa010391_T001	523.422698047	60.9614986396	96	73048	0.800083420989	0.00134781465606	1.34281134101e-10	UDP-glucose 4-epimerase	
Sn00001aa010391_T001	12.1003181492	1.12365450625	2	45373	0.59484012726	0.0	0.0	NAD(P)-binding domain-containing protein	
Sn00001aa010450_T001	902.315413524	60.4755128468	95	24687	1.05453268509	0.195471192471	0.000339383566201	hydroxyacylglutathione hydrolase	
Sn00001aa010450_T001	5.46948583418	0.643526544342	1	71374	0.592187794334	0.0	0.0	Metallo-beta-lactamase domain-containing protein	
Sn00001aa010461_T001	797.455360807	54.8958519315	96	32254	1.040796218	0.248703048614	7.28955208121e-05	phosphoglycerate mutase (2,3-diphosphoglycerate-independent)	
Sn00001aa010629_T001	2092.72917252	2.44413529064	4	4	1.45207455143	0.0464365844347	0.0185746337739	Safener induced1	
Sn00001aa010629_T001	762.907997032	38.4040607879	64	18575	1.21145041159	0.596727519773	0.00108136481767	GST N-terminal domain-containing protein	
Sn00001aa010629_T001	81.1214977027	5.81886146109	10	37617	0.657921575105	0.0669300810118	1.65436775144e-06	Glutathione transferase	
Sn00001aa010629_T001	0	0.620918246022	1	1	0.626221644027	0.0683212434691	0.000569249443406	Glutathione S-transferase lambda2	
Sn00001aa010629_T001	0	0.623475797042	1	1	0.626221644027	0.0683212434691	0.000569249443406	Glutathione S-transferase lambda1	
Sn00001aa010629_T001	0	0.615803143981	1	1	0.626075571969	0.0680466719315	0.00054179228964	Glutathione S-transferase lambda3	
Sn00001aa010667_T001	1103.51919676	63.1776718872	96	16187	1.24756856308	0.407848799601	5.10295611735e-05	UDP-glucuronate decarboxylase	
Sn00001aa010667_T001	18.1990694527	2.65826541395	4	102931	0.597279627781	0.0	0.0	NAD-dependent epimerase/dehydratase domain-containing protein	
Sn00001aa011082_T002	630.224723292	0.663795469637	1	6	0.965525417546	0.232895864203	3.60100818523e-05	Atypical receptor-like kinase MARK	
Sn00001aa011082_T002	138.836563395	31.3853208209	49	459323	0.947042649337	0.568882884128	4.769566797e-06	Protein kinase domain-containing protein	
Sn00001aa011082_T002	482.101784317	3.97897798058	6	614	0.895611756321	0.21276836024	0.000190583332813	Putative inactive receptor kinase	
Sn00001aa011082_T002	225.599368431	0.736242442839	1	96	0.691641558071	0.0215128468757	9.27264681209e-08	Leucine Rich Repeat family protein, expressed	
Sn00001aa011441_T001	2089.29077632	2.56518308642	4	4	1.43661830337	0.0204156640082	0.00408454569925	Blue fluorescent1	
Sn00001aa011441_T001	1830.40483664	27.0243001175	43	1446	1.41847576115	0.181723977642	5.9172805073e-06	Glycosyl transferase family 3 domain-containing protein	
Sn00001aa011441_T001	932.496292969	2.8044259562	4	60	1.00665146002	0.0823639497713	2.47289301825e-06	Phosphoribosylanthranilate transferase	
Sn00001aa011441_T001	242.404644971	18.6136473576	30	39083	0.733656737928	0.0881029715705	1.52503573236e-05	Anthranilate phosphoribosyltransferase, chloroplastic	
Sn00001aa012896_T001	582.369791258	58.8079947328	98	61786	0.97474182695	0.286398754021	0.000128540795266	Peroxidase	
Sn00001aa014103_T002	681.099193019	64.3809225908	100	46064	1.06180098502	0.376150502685	7.70694467848e-05	Phospho-2-dehydro-3-deoxyheptonate aldolase	
Sn00001aa014328_T001	1997.16126619	63.5106220144	97	5203	1.50921112764	0.227058323481	0.000285485870218	Sucrose synthase	
Sn00001aa014488_T001	5665.58353112	28.9230785589	48	279	2.93291216622	0.144675461854	3.79493541819e-05	Outer envelope pore protein 16-2, chloroplastic	
Sn00001aa014488_T001	488.411246076	3.02998429427	5	412	0.788517932571	0.0059498209725	1.45128220643e-06	Mitochondrial inner membrane translocase subunit Tim17/Tim22/Tim23/peroxisomal protein PMP24	
Sn00001aa014488_T001	16.3764745914	1.16788188279	2	53688	0.60091897556	0.0082422369733	6.36532239652e-09	Amino acid transporter	
Sn00001aa014825_T001	1349.77728704	47.2281317244	77	8758	1.16837485539	0.0725729145397	1.47935775935e-05	Heat shock 70 kDa protein 8	
Sn00001aa014825_T001	540.550273851	0.639093519012	1	2	0.854606884373	0.0912949351842	2.29592531508e-05	78 kDa glucose-regulated protein-like protein	
Sn00001aa014825_T001	614.852275314	0.72694059149	1	2	0.837529686569	0.0029976895182	4.99161890019e-08	DnaK protein, expressed	
Sn00001aa018414_T003	985.790032208	1.34161509969	2	4	0.989582574134	0.00991754336353	0.000513163401261	Triose phosphate isomerase5	
Sn00001aa018414_T003	930.230232316	1.26600091553	2	3	0.964808965037	0.00508777548865	0.00101755509773	Triosphosphate isomerase-like protein	
Sn00001aa018414_T003	544.042540313	58.1126096968	89	61582	0.884832209665	0.145683996635	0.000133766173776	Triosephosphate isomerase	
Sn00001aa021034_T002	311.674631375	3.29548076219	5	688	0.738845664266	0.0456111230926	9.58238664172e-05	Sodium/calcium exchanger	
Sn00001aa021034_T002	282.64641855	50.1789273635	81	193764	0.70305856742	0.0	0.0	EF-hand domain-containing protein	
Sn00001aa021034_T002	141.37184385	1.76311063776	3	957	0.64654873754	0.0	0.0	Calcium-binding EF-hand family protein	
Sn00001aa021034_T002	100.25204322	0.652918028317	1	261	0.636885903584	0.0128020486982	2.42921452514e-08	Calcium ion binding protein	
Sn00001aa021863_T001	2776.50220381	58.2480361666	97	2652	1.81794641316	0.221400573715	0.000161378311093	Cysteine proteinase inhibitor	
Sn00001aa021863_T001	0	0.628197415261	1	1	0.59067784797	0.00127889265844	1.74306561867e-06	Multidomain cystatin	
Sn00001aa021927_T001	882.78218635	67.8674307895	100	27450	1.02691262453	0.158111407942	3.51892544591e-05	Tubulin beta chain	
Sn00001aa022808_T001	3437.30496781	63.6228501164	97	1758	2.15080313787	0.350716016856	8.30906159489e-05	UDP-arabinopyranose mutase	
Sn00001aa022890_T001	5807.8038614	4.19357987457	6	38	2.91572563326	0.00491337036936	1.20092646551e-07	Calcineurin B-like protein 3	
Sn00001aa023222_T002	5476.89153489	36.9554451465	56	251	3.03314216643	0.476114538074	0.00224236473967	Dynamin-related protein 1C	
Sn00001aa023222_T002	600.247475186	5.63012411543	9	485	0.839293837317	0.0173468624014	5.05084961542e-05	Dynamin-related protein 1E	
Sn00001aa023222_T002	560.606557815	0.755034214357	1	3	0.817209453424	0.005597788975	1.07085529613e-07	Dynamin-related protein 1C, putative, expressed	
Sn00001aa023222_T002	355.189696408	13.4202947794	21	7868	0.787435619291	0.104452248675	2.44651316744e-06	Dynamin-type G domain-containing protein	
Sn00001aa023222_T002	104.585134193	1.91273014479	3	1843	0.641841566949	0.0188820654221	9.29898830106e-07	Dynamin central domain	
Sn00001aa023222_T002	7.87044353512	0.755034214357	1	48940	0.593148177414	0.0	0.0	GTP-binding protein	
Sn00001aa023333_T004	445.166619116	66.4470612652	99	105846	0.850349946467	0.155251002593	1.33723216866e-05	Alcohol dehydrogenase 1	ADH1
Sn00001aa023333_T004	5.5741807039	0.649700827939	1	60858	0.593975569209	0.00329414497629	4.50319682516e-09	Enoyl reductase (ER) domain-containing protein	ADH1
Sn00001aa023974_T001	741.104113577	17.7080490948	29	10641	1.0256022175	0.262553693048	0.000355737578727	Dipeptidylpeptidase IV N-terminal domain-containing protein	
Sn00001aa023974_T001	178.391624079	0.569576297922	1	190	0.661356649632	0.0	0.0	Six-bladed beta-propeller, TolB-like protein	
Sn00001aa023974_T001	39.1355795745	0.573585245037	1	3999	0.608027851266	0.00447852676267	1.25909319964e-08	WD40-like Beta Propeller Repeat	
Sn00001aa024444_T001	1409.1384476	62.9223831865	96	10349	1.29042920701	0.258063503	8.56883252098e-06	Acyl-coenzyme A oxidase	
Sn00001aa028066_T001	1926.90705536	44.3469327787	75	4010	1.46286487784	0.192604397429	0.00108625282163	Ultraviolet-B receptor UVR8	
Sn00001aa028066_T001	1870.47671504	2.45104055058	4	13	1.34952750187	0.0213902139182	1.24085762291e-07	UVB-resistance 8	
Sn00001aa028066_T001	118.35324729	0.56415639081	1	172	0.638466195075	0.00212242765013	4.75201033333e-07	Putative E3 ubiquitin-protein ligase HERC4	
Sn00001aa029587_T002	1064.200182	1.23787644695	2	6	1.01902451995	0.00631027745425	4.87405445126e-09	DJ-1 homolog D	
Sn00001aa029587_T002	1037.98849143	39.7828101567	64	10856	1.00519539657	0.0	0.0	DJ-1/PfpI domain-containing protein	
Sn00001aa029587_T002	668.67357735	2.4841123984	4	102	0.898079963639	0.0766236354737	2.94901621235e-07	Class I glutamine amidotransferase-like superfamily protein	
Sn00001aa029587_T002	664.20192869	1.24578176517	2	26	0.89079998107	0.0662626588586	1.99412279652e-08	Putative transcriptional regulator DJ-1	
Sn00001aa029587_T002	47.3059779769	1.87116242586	3	11533	0.628414904207	0.0367783145566	3.15063821909e-07	Intracellular protease 1	
Sn00001aa030309_T001	1155.96492472	64.5450603266	98	15689	1.13084533144	0.148035154172	3.64921098365e-05	Adenosine kinase	
Sn00001aa030610_T001	739.003611166	1.90960914354	3	39	0.913068630849	0.0518248791475	2.17274350251e-08	ATP-dependent 6-phosphofructokinase 2	PFK
Sn00001aa030610_T001	715.387845346	56.730105354	91	36723	0.890481125332	0.0270300033561	4.27075639577e-06	ATP-dependent 6-phosphofructokinase	PFK
Sn00001aa031675_T002	934.390050709	48.9737229899	83	19204	1.07235480773	0.204898989133	0.000116160049891	Dienelactone hydrolase domain-containing protein	
Sn00001aa031675_T002	132.281424986	2.91792904355	5	3400	0.651733499048	0.0166432596511	7.191245186e-08	Alpha/beta-Hydrolases superfamily protein	
Sn00001aa035637_T001	3045.37755259	25.2155744564	45	942	1.85873372176	0.0953987179211	0.0010690113222	Golgi apparatus membrane protein TVP15	
Sn00001aa035637_T001	325.485121337	1.84610487249	3	442	0.731257121796	0.0208735102964	5.64019489452e-06	Vacuole membrane protein KMS1	
Sn00001aa035637_T001	27.9538203111	0.562923126921	1	5558	0.602556697332	0.00259465876886	2.99999933231e-09	tRNA pseudouridine synthase	
Sn00001aa036565_T002	589.081239932	21.7470291467	36	20356	0.972078693783	0.276307216115	0.000168663460525	Aquaporin	
Sn00001aa036565_T002	650.322148486	0.673044816886	1	16	0.861485305358	0.0214272429618	3.59676042388e-07	Water channel protein	
Sn00001aa036565_T002	412.644388159	1.20792563501	2	128	0.765112416211	0.018970722445	8.90259080914e-06	Aquaporin plasma membrane intrinsic protein 2-1	
Sn00001aa037753_T002	907.80693823	62.1951052634	96	24924	0.985898293451	0.0618402519827	9.23042554537e-06	Pyruvate dehydrogenase E1 component subunit alpha	
Sn00001aa039024_T001	741.84184722	39.3036160418	58	20169	1.03550045952	0.280675782583	0.000277793229859	Aquaporin	
Sn00001aa039024_T001	851.920412868	4.01990780158	6	160	0.94777598269	0.0320894267108	2.10693052598e-05	Plasma membrane intrinsic protein 1	
Sn00001aa039024_T001	3.18187097923	0.659178262354	1	260692	0.5975359791	0.0118174159908	1.16433135237e-08	Transmembrane protein	
Sn00001aa040888_T001	324.811429422	48.3308423156	75	132586	0.862069339287	0.268197272526	1.06539782619e-05	AAA+ ATPase domain-containing protein	
Sn00001aa040888_T001	547.914466235	5.2202787747	8	544	0.820768026415	0.0218910082202	2.78218022787e-07	p-loop containing nucleoside triphosphate hydrolase superfamily protein	
Sn00001aa040888_T001	124.142781222	1.88003476956	3	1374	0.64724186841	0.0143099361029	2.44893373124e-05	Spastin	
Sn00001aa041377_T001	1377.3945695	22.3795919741	35	1538	1.17116170131	0.0569882889027	4.01956019737e-06	Class I heat shock protein 1	
Sn00001aa041377_T001	468.644553645	34.1521015521	54	30930	0.832206405412	0.103292850797	0.000168651587188	SHSP domain-containing protein	
Sn00001aa041377_T001	163.358489312	0.620306408815	1	84	0.657458651492	0.00399104620249	6.40000994627e-08	Hsp20/alpha crystallin family	
Sn00001aa041377_T001	43.4041988076	0.648203775639	1	1298	0.621891414283	0.0274145909699	7.72733573796e-08	Small heat-shock protein	
Sn00001aa042093_T001	1126.23664129	58.8052808288	93	15367	1.28330018929	0.458121551187	5.55324182404e-05	UDP-glucuronate decarboxylase	
Sn00001aa042093_T001	13.5707077978	1.23010619088	2	45373	0.595428283119	0.0	0.0	NAD(P)-binding domain-containing protein	
Sn00001aa042255_T001	381.313518938	24.9656090288	42	61766	1.17152097343	0.809419721451	0.000155674468457	Peroxidase	
Sn00001aa042308_T001	5741.00204437	53.1253600746	82	482	2.95491537704	0.129272628127	3.31911249694e-06	Transcription factor Pur-alpha 1	
Sn00001aa042308_T001	2401.32294223	3.20067078404	5	6	1.55687472179	0.0119723787465	9.20810548106e-06	PUR ALPHA-1	
Sn00001aa042308_T001	924.249997684	1.23191427759	2	2	0.959699999074	0.0	0.0	PUR-alpha/beta/gamma, DNA/RNA-binding protein	
Sn00001aa042308_T001	328.423303539	1.23815966049	2	80	0.722242288407	0.00164690427628	5.38622359819e-06	PurA ssDNA and RNA-binding protein	
Sn00001aa043139_T003	3783.93453214	51.0621708956	80	1124	2.21889776929	0.217169082954	0.0112171233106	Monocopper oxidase-like protein SKU5	
Sn00001aa043139_T003	55.5282580868	1.86889823738	3	6979	0.613839365886	0.0030718110411	1.39966469989e-07	Multicopper oxidase	
Sn00001aa043139_T003	16.5493911176	0.584851350349	1	7658	0.596619756447	0.0	0.0	Plastocyanin-like domain-containing protein	
Sn00001aa043139_T003	0	0.743584028195	1	1	0.593409362314	0.00640857577808	0.000640857577808	Bplo	
Sn00001aa043654_T003	2456.84902374	49.4248803917	79	2282	1.86116788638	0.544203981644	8.33045425255e-06	cinnamyl-alcohol dehydrogenase	
Sn00001aa043654_T003	261.988051346	3.12857374786	5	804	0.717612479727	0.0430513564394	2.01379002481e-06	Cinnamyl alcohol dehydrogenase 1	
Sn00001aa043654_T003	80.8781376132	8.41837960355	14	60858	0.633848584004	0.0216930578397	4.1517101965e-07	Enoyl reductase (ER) domain-containing protein	
Sn00001aa044627_T001	236.949533021	44.4672303055	73	255236	1.01391881025	0.621014014874	7.84579493469e-05	Thioredoxin domain-containing protein	
Sn00001aa044627_T001	55.4035290464	3.09809825138	5	22621	0.616517999205	0.00821881076219	3.08941308575e-05	Protein disulfide isomerase family protein 3-1 alfa	
Sn00001aa044627_T001	10.9158885508	0.614418865519	1	22616	0.59436635542	0.0	0.0	Protein disulfide-isomerase	
Sn00001aa045518_T001	2478.35419098	9.88730297524	15	102	1.58915585961	0.0147437240294	4.74126068387e-07	Class II heat shock protein	
Sn00001aa045518_T001	586.32781558	42.1173587871	66	33061	0.907715393175	0.156939628707	0.000313186451021	SHSP domain-containing protein	
Sn00001aa046971_T001	2768.43894362	3.77501534087	6	13	1.71735861892	0.0377035985455	6.71201018493e-06	Pi starvation-induced protein	
Sn00001aa046971_T001	1610.57856284	41.2988723094	72	4597	1.38028302247	0.275510297704	0.00155697739583	Inhibitor I9 domain-containing protein	
Sn00001aa046971_T001	279.744953023	7.88298023783	14	5550	0.725356212805	0.0442607943065	5.30651339014e-07	Subtilisin-like protease	
Sn00001aa047322_T003	1743.79793277	48.0483658446	77	4609	1.38957983534	0.192565592317	4.4915007631e-05	Fibronectin type III-like domain-containing protein	
Sn00001aa047322_T003	1640.45784071	6.88702178951	11	107	1.26251329676	0.0308116132984	2.71272926772e-07	Putative beta-D-xylosidase 7	
Sn00001aa047322_T003	1082.09284787	1.38879507534	2	2	1.02549341099	0.00501183273736	2.47442966547e-08	Glycosyl hydrolase family 3 C terminal domain containing protein, expressed	
Sn00001aa048684_T001	1093.40056413	64.112657323	97	17346	1.0900555655	0.118292443862	1.72298408641e-05	Transmembrane 9 superfamily member	
Sn00001aa049357_T001	3251.20406117	1.33003437672	2	10	2.15582391665	0.499598458079	0.0277554698933	Putative calcium-binding protein CML7	
Sn00001aa049357_T001	78.0248512815	1.33003437672	2	17353	0.885997318212	0.499598458079	9.74588555141e-06	Calmodulin	
Sn00001aa049357_T001	50.5730293896	2.69598016284	4	169409	0.610229211756	0.0	0.0	EF-hand domain-containing protein	
Sn00001aa050368_T002	1193.14967705	38.3825317421	62	6081	1.06725987082	0.0	0.0	Hcy-binding domain-containing protein	
Sn00001aa050368_T002	457.237998022	19.8046028407	32	11022	0.830927838639	0.109493840264	4.52045194141e-05	Homocysteine S-methyltransferase 2	
Sn00001aa050368_T002	297.707230466	0.601642081393	1	24	0.709959747534	0.00165444332547	1.92551434319e-08	Selenocysteine methyltransferase	
Sn00001aa050399_T001	613.426769407	53.1637672632	93	50642	1.20884402968	0.704631701278	0.000926012059248	chitinase	
Sn00001aa050399_T001	239.442204722	0.560855388655	1	37	0.68802996778	0.00425106845713	9.80436195205e-07	Basic endochitinase	
Sn00001aa050399_T001	75.0152380106	1.67176721557	3	3346	0.62545044936	0.0102723617328	1.21852334015e-07	Glycoside hydrolase family 19 catalytic domain-containing protein	
Sn00001aa050948_T001	1295.01240296	44.3274430786	76	8994	1.28512774846	0.3341740671	0.000526585716351	GRAM domain-containing protein	
Sn00001aa050948_T001	1490.17341016	2.40527373857	4	20	1.18606936406	0.0	0.0	ABA-responsive protein	
Sn00001aa050948_T001	0	0.692382843597	1	1	0.597968401353	0.0150347086811	2.87613511135e-07	ABA-responsive protein, putative, expressed	
Sn00001aa050960_T001	378.49069733	64.644667296	97	141952	0.81822852657	0.144966431814	1.93882108679e-06	ABC transporter domain-containing protein	
Sn00001aa050960_T001	457.845959775	0.65611265564	1	6	0.774862161372	0.00325239585574	3.82940427135e-07	ABC-transporter extension domain	
Sn00001aa050960_T001	72.6790949256	0.654704485503	1	395	0.620228419105	0.00218260549746	1.10783159614e-08	ATP-binding cassette	
Sn00001aa051893_T001	3718.50997995	2.55614498312	4	20	2.25809192	0.340176453847	0.0197203741361	Zeamatin	
Sn00001aa051893_T001	1349.39399245	0.655904239792	1	10	1.17716145264	0.0894412294849	2.01443303149e-07	Alpha-amylase/trypsin inhibitor	
Sn00001aa051893_T001	1347.96951931	0.65521184199	1	2	1.1476969344	0.0349207855042	5.5517941978e-05	Antifungal zeamatin-like protein	
Sn00001aa051893_T001	900.218055643	1.78280789895	3	166	0.96320192849	0.0247445213927	5.49471237439e-06	Thaumatin family	
Sn00001aa051893_T001	0	0.662443628727	1	1	0.639902891384	0.0941466654018	0.000257936069594	Stress-induced protein1	
Sn00001aa051893_T001	0	0.582765924292	1	1	0.62622707523	0.0680960060715	0.00680960060715	Thaumatin-like protein TLP8	
Sn00001aa051893_T001	0	0.584638239023	1	1	0.607477279387	0.0329759984821	9.5705279859e-09	Thaumatin-like protein isoform 2	
Sn00001aa051893_T001	0	0.621297438198	1	1	0.59	0.0	0.0	Zeamatin-like protein (Fragment)	
Sn00001aa053626_T001	484.479238405	41.1020264844	68	61780	1.17786756842	0.743530638114	0.000231742962519	Peroxidase	
Sn00001aa053936_T002	1552.30477255	61.7498508096	96	8526	1.41729175963	0.389376596188	1.27317368714e-05	4-coumarate--CoA ligase	
Sn00001aa053959_T001	367.334082799	53.2865992016	82	114387	0.929135070357	0.362644003281	5.77494119996e-06	Succinate-semialdehyde dehydrogenase	
Sn00001aa053959_T001	403.657022059	7.19920310974	11	1730	0.758470805289	0.0132226291051	1.51966457589e-07	Succinate-semialdehyde dehydrogenase, mitochondrial	
Sn00001aa053988_T001	2431.07552228	46.2961143803	70	2009	1.76875074166	0.389281466918	6.77642095211e-05	TATA-binding protein interacting (TIP20) domain-containing protein	
Sn00001aa053988_T001	682.389074063	11.3815354832	17	1541	0.910028901477	0.0888174883836	1.50429230938e-07	Cullin-associated NEDD8-dissociated protein 1	
Sn00001aa053988_T001	103.711646786	0.644653687038	1	214	0.631484658714	0.0	0.0	Cullin-associated NEDD8-dissociated protein 1-like	
Sn00001aa054154_T001	2354.81688745	50.5266219161	82	3042	1.57865947183	0.0881736210964	3.48834503229e-05	Activator of Hsp90 ATPase AHSA1-like N-terminal domain-containing protein	
Sn00001aa054154_T001	1012.02787596	1.24501195108	2	9	0.996688140805	0.00354149115537	5.41187604496e-09	Chaperone binding	
Sn00001aa054154_T001	220.591726541	0.659181300532	1	59	0.679156807621	0.00173606966108	4.21294326605e-09	Protein arginine N-methyltransferase 1.5	
Sn00001aa055938_T001	1044.09821978	3.78045819537	6	291	1.07893299652	0.134516383785	1.26004357487e-06	Enoyl-CoA delta isomerase 3	
Sn00001aa055938_T001	989.583995424	0.664213339674	1	5	0.995412598602	0.0180735802761	1.44297035244e-07	Carnitine racemase/ catalytic	
Sn00001aa055938_T001	683.387508682	0.542733111211	1	14	0.863355003473	0.0	0.0	ENOYL-COA HYDRATASE-RELATED	
Sn00001aa055938_T001	107.847523944	8.32082173835	13	131909	0.841521915337	0.393174936336	9.47507836284e-06	Enoyl-CoA hydratase	
Sn00001aa055938_T001	42.1002873235	2.1847716507	4	59558	0.606840114929	0.0	0.0	Enoyl-CoA hydratase/isomerase family protein (Fragment)	
Sn00001aa056018_T001	1440.3959012	0.486950515045	1	2	1.17944021386	0.0250263687794	0.00089389636246	ABA-inducible protein PHV A1	
Sn00001aa056018_T001	541.341173337	4.19453755932	8	5253	0.861514052586	0.103729983699	3.45945537215e-05	Late embryogenesis abundant protein 3	
Sn00001aa056484_T001	1392.27920622	33.8318670468	54	4213	1.14691168249	0.0	0.0	Tetraspanin-3	
Sn00001aa056484_T001	211.121613976	13.8884607979	22	30852	0.890361002801	0.407375171728	0.000175809752987	Tetraspanin	
Sn00001aa057719_T001	2362.1800019	1.25261793601	2	13	1.55139591122	0.0311770592398	3.45303401083e-06	RAB GTPASE A2A, ARABIDOPSIS RAB GTPASE A2A, RAB GTPase 11C	
Sn00001aa057719_T001	430.050047022	0.626135061368	1	98	0.769774129922	0.0146303982763	1.33923529242e-09	Ras-related protein like	
Sn00001aa057719_T001	162.082709935	0.633414861594	1	706	0.660900211976	0.0114474087217	6.89704481484e-08	Small GTPase superfamily	
Sn00001aa057719_T001	122.201247801	4.03073733173	6	50268	0.63888049912	0.0	0.0	Ras-related protein Rab-11A	
Sn00001aa057719_T001	38.1040322331	0.583978585202	1	10846	0.636325232801	0.0586483318019	2.02661961949e-07	RNase H type-1 domain-containing protein (Fragment)	
Sn00001aa057774_T002	304.00498913	6.6029030794	13	30085	0.77097247075	0.112019055049	1.87961138371e-05	Ferritin	
Sn00001aa058372_T001	2070.45933213	61.1548301651	95	4737	1.49148681761	0.138303791579	0.000103761280675	Coatomer subunit delta	
Sn00001aa060716_T002	1096.95663991	61.8948349151	97	17242	1.13181465851	0.194398537979	3.88706034933e-05	Tryptophan synthase	
Sn00001aa062042_T001	1126.02123607	29.5919726078	51	8584	1.13594125811	0.180246704311	0.000100519804079	Clathrin light chain	
Sn00001aa062552_T001	585.321607572	48.7567840619	85	50642	1.19787105735	0.705142407598	0.000846914731525	chitinase	
Sn00001aa062552_T001	250.672753401	0.564343812507	1	37	0.69268011408	0.00454904101297	1.04915846629e-06	Basic endochitinase	
Sn00001aa062552_T001	78.0897240332	1.67258926015	3	3346	0.627074074602	0.0110154384443	1.30666824197e-07	Glycoside hydrolase family 19 catalytic domain-containing protein	
Sn00001aa063593_T002	1930.64143177	2.7069435744	4	11	1.38482815184	0.0425463148556	0.00110161274544	Cell elongation protein DIMINUTO	
Sn00001aa063593_T002	1527.42273393	2.04192876839	3	4	1.24713526906	0.0871059668072	6.54000168991e-07	Cell elongation protein diminuto, putative	
Sn00001aa063593_T002	1009.29740182	1.3492759781	2	2	1.02001303778	0.0496074958715	0.000105212080321	Brassinosteroid biosynthesis-like protein	
Sn00001aa063593_T002	1002.2865014	1.94170635041	3	21	1.00812652614	0.0324753288818	6.35624643803e-08	Delta(24)-sterol reductase isoform X2	
Sn00001aa063593_T002	509.745061938	45.4007626765	69	44373	0.793898024775	0.0	0.0	FAD-binding PCMH-type domain-containing protein	
Sn00001aa063593_T002	397.080476694	3.91898278589	6	545	0.764358892265	0.0292956610598	6.12716596229e-08	Delta(24)-sterol reductase	
Sn00001aa063593_T002	84.6338785908	0.650041885859	1	330	0.627766041155	0.0073820559664	2.80215201539e-09	FAD binding domain	
Sn00001aa063908_T001	2116.54090249	40.1739205321	66	2342	1.436616361	0.0	0.0	Plectin/eS10 N-terminal domain-containing protein	
Sn00001aa063908_T001	646.941938476	12.2458390995	20	2329	0.906858852607	0.109587996664	2.19492476223e-05	40S ribosomal protein S10	
Sn00001aa063908_T001	555.193694889	0.688598735379	1	2	0.87292901366	0.11479805162	0.00042841727418	Small ribosomal subunit protein eS10y	
Sn00001aa063908_T001	555.193694889	0.688598735379	1	2	0.87292901366	0.11479805162	0.00042841727418	Small ribosomal subunit protein eS10z	
Sn00001aa063960_T002	1888.15228455	12.3472660151	19	230	1.39909838229	0.101580118295	2.88535692812e-07	UDP-D-apiose/UDP-D-xylose synthase 2	
Sn00001aa063960_T002	1031.54837952	3.87763156773	6	76	1.02322248441	0.0388728789209	2.5338494506e-05	Bifunctional polymyxin resistance	
Sn00001aa063960_T002	292.634422129	44.929227872	69	126657	0.707053768852	0.0	0.0	NAD-dependent epimerase/dehydratase domain-containing protein	
Sn00001aa065278_T001	2635.6951479	25.7238605217	39	488	1.85519208064	0.397943617415	0.000195212712626	Fructose-1,6-bisphosphatase, cytosolic	
Sn00001aa065278_T001	1059.16282138	37.5797180602	57	6449	1.01366512855	0.0	0.0	fructose-bisphosphatase	
Sn00001aa067886_T001	2407.3797196	17.1876635165	28	997	1.95857954891	0.764847855619	0.0129148793632	Barwin domain-containing protein	
Sn00001aa067886_T001	0	0.613577791414	1	1	0.607241615545	0.032531177772	4.56627058485e-06	Vacuolar defense protein	
Sn00001aa069832_T001	2689.84844407	11.5243420131	18	103	1.68057239585	0.0276090578369	1.08786336108e-05	Chaperone protein ClpB4, mitochondrial	
Sn00001aa069832_T001	1298.69743059	3.1494514894	5	33	1.12209830247	0.0238100090346	1.272138823e-06	Chaperonin ClpB	
Sn00001aa069832_T001	931.548898255	43.0720936081	67	11995	1.0503098358	0.165451056863	6.08180605003e-05	Clp R domain-containing protein	
Sn00001aa069832_T001	417.409480043	0.610413363559	1	12	0.758188584308	0.00231092869686	4.08982982686e-09	Putative ClpA/B family, P-loop containing nucleoside triphosphate hydrolase	
Sn00001aa069832_T001	22.3466054276	0.58686563793	1	3856	0.600696309743	0.0033163538384	1.86477511005e-09	Signal peptidase complex subunit 2	
Sn00001aa069832_T001	0	0.609787517266	1	1	0.592461115999	0.0046436148193	7.21877600087e-09	AAA domain-containing protein/Clp_N domain-containing protein/AAA_2 domain-containing protein/ClpB_D2-small domain-containing protein (Fragment)	
Sn00001aa071959_T001	514.073683018	0.660260940133	1	9	1.06059149842	0.499928346231	8.54256526654e-08	UDP-glucose 6-dehydrogenase 3	
Sn00001aa071959_T001	469.282531032	0.660260940133	1	12	1.04237122686	0.499355116079	1.46136492186e-07	UDP-glucose 6-dehydrogenase 4	
Sn00001aa071959_T001	622.435103632	57.7461770908	97	52164	0.838974041453	0.0	0.0	UDP-glucose 6-dehydrogenase	
Sn00001aa072988_T001	374.898370165	9.10965582216	17	25880	0.745703661023	0.0108383115231	3.92491877792e-07	Pyruvate dehydrogenase E1 component subunit alpha	
Sn00001aa073394_T001	917.336431483	42.972543884	68	14684	1.11181553081	0.292186111125	0.00111596582546	TOG domain-containing protein	
Sn00001aa073394_T001	501.178022359	2.05947653963	3	113	0.803217473593	0.0240495538598	5.5162512133e-08	Armadillo/beta-catenin-like repeat family protein, expressed	
Sn00001aa073394_T001	332.781345217	0.68071022896	1	28	0.724830775505	0.00324195730676	2.26713829973e-09	Hsp70-binding protein 1 isoform X1	
Sn00001aa073394_T001	229.791542502	1.79214937146	3	407	0.696563009782	0.0276346232621	2.12263793395e-06	Armadillo	
Sn00001aa073394_T001	188.377336663	0.600502395861	1	68	0.665350934665	0.0	0.0	Armadillo/beta-catenin-like repeat-containing protein	
Sn00001aa073394_T001	130.049086682	2.44947576467	4	2373	0.644333459155	0.00436569579976	2.85399146843e-07	Nucleotide exchange factor Fes1 domain-containing protein	
Sn00001aa073864_T002	1073.983811	34.8521764613	56	10103	1.0195935244	0.0	0.0	DJ-1/PfpI domain-containing protein	
Sn00001aa073864_T002	569.202480547	0.581117754591	1	3	0.966791783972	0.281337450545	9.71482261611e-05	Chaperone protein YajL (Fragment)	
Sn00001aa073864_T002	0	0.503615878319	1	1	0.667175531219	0.145614204381	1.44863805895e-07	Putative DJ-1, Class I glutamine amidotransferase-like protein	
Sn00001aa074601_T001	2212.58627092	63.711932653	97	4236	1.57415429813	0.187016362465	5.58828821794e-05	Formate dehydrogenase, mitochondrial	
Sn00001aa074929_T001	1507.59358137	62.7489317707	93	8469	1.27281654848	0.150522258096	0.000115957087498	Plasma membrane ATPase	
Sn00001aa074929_T001	334.833344625	2.38487034707	4	248	0.730005096532	0.0114561482952	4.28425943787e-09	P-type H(+)-exporting transporter	
Sn00001aa076816_T003	872.910807264	58.5752070523	90	25035	1.00497943469	0.124176381393	8.14824986152e-05	Carbohydrate kinase PfkB domain-containing protein	
Sn00001aa076816_T003	462.589082512	0.620356815792	1	7	0.776171430244	0.00214301356339	2.54681472454e-09	Fructokinase-like 1 chloroplastic	
Sn00001aa079782_T001	2884.56453238	11.8940578226	18	149	1.95794320876	0.402878135111	0.0295992099266	GTP-binding protein YPTM2	
Sn00001aa079782_T001	617.407664714	0.659521577156	1	7	0.84419633591	0.0136476787215	1.51116435442e-08	GTP-binding protein YPTM2-like isoform X1	
Sn00001aa079782_T001	272.510658836	22.7519991339	35	61049	0.699004263534	0.0	0.0	GTP-binding protein	
Sn00001aa079782_T001	80.9402293067	0.661400424728	1	585	0.623887291482	0.00285132018806	2.99941988633e-09	Small GTPase	
Sn00001aa079782_T001	39.3410337042	0.660623619215	1	2468	0.612166514168	0.0121322631199	6.1642980057e-08	Ras domain-containing protein	
Sn00001aa079782_T001	0	0.656936414525	1	1	0.602029968808	0.0226809560414	0.000453105292257	RAB GTPaseC isoform 1	
Sn00001aa080797_T001	1.16057537856e-11	0.682310473468	1	730	0.59	0.0	0.0	Reticulon-like protein (Fragment)	
Sn00001aa081139_T001	683.432813556	62.6349976858	97	44401	1.10317775935	0.452458179638	8.99360506025e-05	Phospho-2-dehydro-3-deoxyheptonate aldolase	
Sn00001aa081364_T002	1923.10172459	3.32656398844	5	17	1.42813404668	0.129987460683	1.33952159978e-07	Probable UDP-arabinose 4-epimerase 2	
Sn00001aa081364_T002	1180.411493	2.62048852709	4	28	1.13377605351	0.135115951026	1.13293965951e-07	UDP-arabinose 4-epimerase 2	
Sn00001aa081364_T002	896.219435908	2.52226822632	4	45	1.00503113452	0.106685581083	1.09379899692e-07	UDP-arabinose 4-epimerase 3	
Sn00001aa081364_T002	230.769846675	3.82679555063	6	1562	0.720283026096	0.0716510943322	3.71509378323e-07	NAD(P)-binding Rossmann-fold superfamily protein	
Sn00001aa081364_T002	264.341246351	45.9464810214	72	171433	0.69573649854	0.0	0.0	UDP-glucose 4-epimerase	
Sn00001aa081364_T002	0	0.617480985936	1	1	0.622916888995	0.062107335257	6.54610676375e-08	UDP-D-xylose epimerase 3	
Sn00001aa082341_T001	484.509902562	56.294427799	96	87124	1.06647689054	0.53332825729	0.000447657754518	transketolase	
Sn00001aa085238_T001	1175.0911785	46.1953535257	73	9452	1.15576638427	0.180621035713	3.81969569803e-05	Fibronectin type III-like domain-containing protein	
Sn00001aa085238_T001	959.167184325	2.4528870236	4	40	0.980953845745	0.0137490035959	5.47918599136e-09	Beta-xylosidase/alpha-L-arabinofuranosidase 1	
Sn00001aa085238_T001	891.871524413	3.14385987078	5	76	0.951380211249	0.00873887024255	1.2787170911e-08	Beta-D-xylosidase 4	
Sn00001aa085238_T001	494.895393959	1.8340432143	3	84	0.790303808465	0.00442575630945	1.85548590237e-09	Beta-xylosidase/alpha-L-arabinofuranosidase 2	
Sn00001aa085238_T001	475.725474391	0.608288619355	1	3	0.780934981206	0.00121658762217	5.07091757884e-10	Glycosyl hydrolase family 3 N terminal domain (Fragment)	
Sn00001aa085238_T001	475.772980139	0.608349362545	1	7	0.780309192056	0.0	0.0	Beta-xylosidase/alpha-L-arabinofuranosidase 2-like protein	
Sn00001aa085238_T001	0	0.633504172403	1	1	0.593535381257	0.00667049193632	1.02654538878e-06	Alpha-L-arabinofuranosidase/beta-D-xylosidase isoenzyme ARA-I	
Sn00001aa085589_T001	2172.01342545	56.5316272928	95	4312	1.57729198808	0.223549268966	0.000275267185707	Sucrose synthase	
Sn00001aa086694_T001	829.180031893	63.0926685523	98	30462	1.15189416376	0.434376652922	0.000126247674879	Glucose-1-phosphate adenylyltransferase	
Sn00001aa088201_T001	830.175404147	62.3562872704	97	29823	1.18169420625	0.48985572525	2.55104008719e-05	Calcium-transporting ATPase	
Sn00001aa088201_T001	34.4120310485	0.635138987022	1	1798	0.606354793547	0.00488675682719	4.56875502961e-10	P-type Ca(2+) transporter (Fragment)	
Sn00001aa089776_T001	1113.5929645	53.5488181717	100	17233	1.12064565569	0.160769447044	3.31477420248e-05	tryptophan synthase	
Sn00001aa090816_T002	5146.69327726	12.7966329309	22	46	2.6486773109	0.0	0.0	ATP/GTP-binding protein family	
Sn00001aa090816_T002	1295.35020873	7.56825041046	14	254	1.13854621232	0.05735351879	0.00043819332588	DBC1/CARP1 catalytically inactive NUDIX hydrolase domain-containing protein	
Sn00001aa090816_T002	431.019347833	2.7550721582	5	304	0.787939665684	0.0481733717494	1.97618629583e-06	Cell division cycle and apoptosis regulator protein 1	
Sn00001aa090816_T002	176.523036148	28.5194616184	52	193764	0.660609214459	0.0	0.0	EF-hand domain-containing protein	
Sn00001aa091151_T001	134.141293811	19.9050261189	33	390582	1.10390082354	0.868384777734	1.86909587983e-05	Glycosyltransferase	
Sn00001aa091279_T001	2147.34498471	53.5417810583	86	3942	1.69157818559	0.457439155609	0.00987196170201	DUF642 domain-containing protein	
Sn00001aa091279_T001	275.200743446	0.588548933661	1	29	0.700080297378	0.0	0.0	Putative Galactose-binding domain-containing protein	
Sn00001aa091713_T003	4500.18521256	2.77426063925	4	9	2.42721922889	0.0700838182468	3.60096689771e-05	GTP-BINDING PROTEIN RAB6	
Sn00001aa091713_T003	339.298715727	3.62548116984	5	3004	0.783297772314	0.108638111044	4.35849532382e-06	Ras-related protein RAb	
Sn00001aa091713_T003	351.061299448	2.00003679422	3	854	0.747406408916	0.0320412979174	6.20306676993e-08	Small GTPase superfamily	
Sn00001aa091713_T003	321.89056545	1.35464568502	2	466	0.71875622618	0.0	0.0	Ras-related protein Rab-6A	
Sn00001aa091713_T003	217.897050654	0.662185662277	1	243	0.683545728576	0.0120507694426	2.54696697102e-08	Putative small GTPase superfamily, P-loop containing nucleoside triphosphate hydrolase	
Sn00001aa091713_T003	68.6320434719	0.664817081381	1	2468	0.628951202048	0.0216950612357	1.10230730562e-07	Ras domain-containing protein	
Sn00001aa091713_T003	39.6186113604	0.662185662277	1	7342	0.617331922213	0.0216688023864	6.2021100333e-07	Sphingomyelin phosphodiesterase	
Sn00001aa092320_T001	359.446804577	51.9799173427	89	143511	1.06866214861	0.631851061726	0.000118203316638	Glutathione S-transferase	
Sn00001aa092320_T001	23.1563434431	0.9415270082	2	11286	0.599281941237	3.66109468956e-05	2.90419490811e-09	Maleylacetoacetate isomerase	
Sn00001aa092320_T001	14.3463415063	0.47964923884	1	7616	0.598315814497	0.00486278328352	1.37689590948e-07	GST C-terminal domain-containing protein	
Sn00001aa092671_T001	207.814770813	0.53649389336	1	2211	0.683549642869	0.0196674225245	3.03034362507e-08	Aldehyde reductase	
Sn00001aa092671_T001	47.2540307858	0.59838524903	1	53163	0.6126375964	0.00704902650716	1.82983518491e-09	NADP-dependent oxidoreductase domain-containing protein	
Sn00001aa093821_T001	1978.11127445	60.1065866269	95	5198	1.507022568	0.237306065145	0.000292184548078	Sucrose synthase	
Sn00001aa096746_T001	622.955674963	62.432944272	97	53423	1.10834229099	0.507848783727	8.28146607599e-06	2-isopropylmalate synthase	
Sn00001aa099345_T002	5034.45227919	23.0707965903	38	144	2.68850965123	0.159861605073	0.000104443415214	Protein HEAT-STRESS-ASSOCIATED 32	
Sn00001aa099345_T002	1169.51652376	26.618379572	43	3552	1.14827350922	0.170683178954	0.000240743548791	Phosphosulfolactate synthase	
Sn00001aa099345_T002	362.705997368	1.16712864322	2	71	0.740035246736	0.00934499034027	1.45445164883e-07	Aldolase-type TIM barrel family protein	
Sn00001aa100959_T001	860.694185916	62.9651235435	97	28024	1.16260476634	0.430801162835	0.00012378342177	Glucose-1-phosphate adenylyltransferase	
Sn00001aa100989_T001	1564.78796816	45.7750397648	73	6378	1.35894196898	0.26976739625	0.00250308517385	Remorin	
