qpid	ontology	goid	desc	ARGOT_score	ARGOT_PPV	ARGOT_rank	goclasscount
Sn00001aa000144_T001	MF	0004048	anthranilate phosphoribosyltransferase activity	11.6453949569	0.800200078397	1	4
Sn00001aa000144_T001	BP	0000162	tryptophan biosynthetic process	8.61445585268	0.730867710321	1	4
Sn00001aa000144_T001	CC	0005829	cytosol	1.05466053877	0.453815560306	1	1
Sn00001aa000544_T001	MF	0003924	GTPase activity	6.62718937455	0.678493122825	1	7
Sn00001aa000544_T001	CC	0005768	endosome	2.49055221189	0.533847140295	1	2
Sn00001aa000544_T001	MF	0005525	GTP binding	5.98517695549	0.659926301334	2	7
Sn00001aa000544_T001	CC	0005794	Golgi apparatus	2.17980877053	0.519075827699	2	2
Sn00001aa000746_T001	MF	0005200	structural constituent of cytoskeleton	10.009160042	0.764072965609	1	98
Sn00001aa000746_T001	CC	0005874	microtubule	7.77515491854	0.709575168606	1	100
Sn00001aa000746_T001	BP	0007017	microtubule-based process	7.16235426199	0.69329259051	1	100
Sn00001aa000746_T001	BP	0007010	cytoskeleton organization	6.65583257106	0.679300032473	2	98
Sn00001aa000746_T001	MF	0005525	GTP binding	5.98811858824	0.660013585049	2	100
Sn00001aa000746_T001	BP	0000278	mitotic cell cycle	0.944759312667	0.445832556058	7	12
Sn00001aa000746_T001	CC	0005737	cytoplasm	0.477207139833	0.405004422721	13	31
Sn00001aa000746_T001	MF	0016787	hydrolase activity	2.20829443786	0.520472009225	15	98
Sn00001aa000746_T001	MF	0046872	metal ion binding	0.69332355406	0.425602308593	21	28
Sn00001aa001175_T001	MF	0046537	2,3-bisphosphoglycerate-independent phosphoglycerate mutase activity	11.2307340261	0.791298412144	1	95
Sn00001aa001175_T001	BP	0006007	glucose catabolic process	11.0299105917	0.78692820967	1	100
Sn00001aa001175_T001	CC	0005737	cytoplasm	1.53840652729	0.484795214682	1	100
Sn00001aa001175_T001	MF	0030145	manganese ion binding	8.5327779065	0.728842544334	4	100
Sn00001aa001175_T001	CC	0016020	membrane	0.00883491186145	0.318347959561	4	1
Sn00001aa001175_T001	BP	0006096	glycolytic process	7.55059228838	0.703685512569	5	99
Sn00001aa001175_T001	MF	0008270	zinc ion binding	0.0495230775172	0.33701249022	14	1
Sn00001aa001519_T001	BP	0034605	cellular response to heat	9.34601476924	0.748594585708	1	96
Sn00001aa001519_T001	MF	0016887	ATP hydrolysis activity	4.60075848585	0.616144979391	1	100
Sn00001aa001519_T001	CC	0005737	cytoplasm	1.5384122167	0.484795547699	1	100
Sn00001aa001519_T001	BP	0042026	protein refolding	9.03604109716	0.741171323105	2	100
Sn00001aa001519_T001	CC	0043231	intracellular membrane-bounded organelle	0.460024561852	0.403182060491	5	18
Sn00001aa001519_T001	MF	0005524	ATP binding	3.05186053415	0.558358230136	7	100
Sn00001aa001519_T001	BP	0009658	chloroplast organization	0.11746370384	0.354464364425	20	1
Sn00001aa002111_T004	MF	0005509	calcium ion binding	6.91713039826	0.68658235999	1	2
Sn00001aa003072_T001	BP	0030245	cellulose catabolic process	10.2854675911	0.770370403442	1	100
Sn00001aa003072_T001	MF	0008810	cellulase activity	6.41176414647	0.672367621597	1	54
Sn00001aa003072_T001	CC	0016020	membrane	0.505699555458	0.407955430635	1	56
Sn00001aa003072_T001	CC	0098827	endoplasmic reticulum subcompartment	0.223243833712	0.373305092201	3	3
Sn00001aa003072_T001	CC	0005576	extracellular region	0.0601612400566	0.340314348661	11	1
Sn00001aa003072_T001	BP	0140042	lipid droplet formation	0.466361862446	0.403858084897	16	3
Sn00001aa003072_T001	BP	0006629	lipid metabolic process	0.142857685214	0.359580545658	29	3
Sn00001aa003072_T001	BP	0071555	cell wall organization	0.0731679209793	0.343975974905	32	1
Sn00001aa004579_T001	BP	0009737	response to abscisic acid	11.9812398776	0.807294229562	1	10
Sn00001aa004579_T001	BP	0006950	response to stress	2.53544250839	0.535903018627	9	5
Sn00001aa004935_T002	MF	0042085	5-methyltetrahydropteroyltri-L-glutamate-dependent methyltransferase activity	11.713241104	0.801641375542	1	100
Sn00001aa004935_T002	BP	0009086	methionine biosynthetic process	8.05906426878	0.716900890758	1	100
Sn00001aa004935_T002	CC	0005829	cytosol	0.07203417646	0.34367049427	1	2
Sn00001aa004935_T002	MF	0008172	S-methyltransferase activity	9.66791443382	0.756174281355	3	100
Sn00001aa004935_T002	CC	0016020	membrane	0.00912314990206	0.318568804358	4	1
Sn00001aa004935_T002	MF	0008270	zinc ion binding	5.07380592955	0.63176460121	6	100
Sn00001aa004935_T002	BP	0032259	methylation	5.02400625785	0.630155565161	12	99
Sn00001aa005345_T001	MF	0004553	hydrolase activity, hydrolyzing O-glycosyl compounds	5.65596255539	0.650018526572	1	33
Sn00001aa005345_T001	BP	0009251	glucan catabolic process	4.89619011408	0.625988922969	1	22
Sn00001aa005345_T001	CC	0016020	membrane	0.0935576158682	0.349112599087	1	3
Sn00001aa005345_T001	BP	0009987	cellular process	0.369435978571	0.392954368241	12	33
Sn00001aa005515_T001	MF	0004364	glutathione transferase activity	10.0586554259	0.765207366598	1	40
Sn00001aa005515_T001	BP	0006749	glutathione metabolic process	8.55679541269	0.72943904925	1	41
Sn00001aa005515_T001	CC	0005829	cytosol	3.07014776496	0.559117075163	1	32
Sn00001aa005515_T001	CC	0032991	protein-containing complex	0.0816268407851	0.34618423736	4	1
Sn00001aa005515_T001	MF	0042803	protein homodimerization activity	0.291889955206	0.383146973181	5	1
Sn00001aa005515_T001	MF	0046982	protein heterodimerization activity	0.280351566245	0.381580838219	6	1
Sn00001aa005515_T001	BP	0019852	L-ascorbic acid metabolic process	0.0408399270982	0.334043309572	8	1
Sn00001aa005515_T001	MF	0045174	glutathione dehydrogenase (ascorbate) activity	0.0499468115965	0.337150433383	10	1
Sn00001aa005515_T001	BP	0042744	hydrogen peroxide catabolic process	0.032942283122	0.331053813249	10	1
Sn00001aa005515_T001	BP	0098869	cellular oxidant detoxification	0.0239523217967	0.327171932684	13	1
Sn00001aa005661_T003	CC	0045275	respiratory chain complex III	9.84215492605	0.760224473538	1	8
Sn00001aa005661_T003	BP	0006122	mitochondrial electron transport, ubiquinol to cytochrome c	9.39496578347	0.749755546434	1	8
Sn00001aa005661_T003	CC	0005743	mitochondrial inner membrane	5.28877068494	0.638621194148	7	8
Sn00001aa006179_T001	CC	0009507	chloroplast	4.49376341441	0.612502199174	1	76
Sn00001aa006179_T001	BP	0005975	carbohydrate metabolic process	4.04105578742	0.59658652043	1	97
Sn00001aa006179_T001	BP	0009987	cellular process	0.399236069629	0.396444809256	4	97
Sn00001aa006768_T001	MF	0004869	cysteine-type endopeptidase inhibitor activity	12.3363819175	0.814688660093	1	12
Sn00001aa006768_T001	CC	0070062	extracellular exosome	0.268482892537	0.379935866199	1	1
Sn00001aa007068_T001	MF	0004473	malate dehydrogenase (decarboxylating) (NADP+) activity	11.1918967589	0.790456324759	1	84
Sn00001aa007068_T001	BP	0006108	malate metabolic process	10.6059266579	0.777569089671	1	100
Sn00001aa007068_T001	CC	0009507	chloroplast	5.01217537243	0.6297721364	1	84
Sn00001aa007068_T001	BP	0006090	pyruvate metabolic process	5.96523496619	0.659334018957	3	84
Sn00001aa007068_T001	MF	0051287	NAD binding	6.76085046199	0.682243746769	4	100
Sn00001aa007068_T001	CC	0005739	mitochondrion	0.0417598598155	0.334371953001	9	1
Sn00001aa007068_T001	BP	0006436	tryptophanyl-tRNA aminoacylation	0.101592345254	0.350980400589	11	1
Sn00001aa007068_T001	MF	0046872	metal ion binding	2.47638954759	0.533194682405	12	100
Sn00001aa007068_T001	BP	0048608	reproductive structure development	0.0985806697757	0.350289255358	12	1
Sn00001aa007068_T001	BP	0009791	post-embryonic development	0.0960470679023	0.349699601937	14	1
Sn00001aa007068_T001	MF	0004830	tryptophan-tRNA ligase activity	0.1047476915	0.351693614139	20	1
Sn00001aa007068_T001	MF	0005524	ATP binding	0.0283059747485	0.329128999117	27	1
Sn00001aa007255_T001	MF	0004364	glutathione transferase activity	10.150522056	0.76730551502	1	71
Sn00001aa007255_T001	BP	0006749	glutathione metabolic process	8.60521164804	0.730638987866	1	71
Sn00001aa007255_T001	CC	0005829	cytosol	2.01617158408	0.510872321503	1	38
Sn00001aa007255_T001	MF	0050610	methylarsonate reductase activity	0.378780700351	0.394063575671	5	4
Sn00001aa007255_T001	BP	0009407	toxin catabolic process	0.415022613217	0.398241105164	6	3
Sn00001aa007255_T001	MF	0045174	glutathione dehydrogenase (ascorbate) activity	0.337237569804	0.389020775457	6	4
Sn00001aa007255_T001	BP	0098869	cellular oxidant detoxification	0.16172449323	0.363092156663	13	4
Sn00001aa008159_T001	MF	0016787	hydrolase activity	2.18412370702	0.519287901523	1	97
Sn00001aa008159_T001	CC	0005737	cytoplasm	1.46882401558	0.480675212668	1	96
Sn00001aa008274_T003	MF	0009041	UMP/dUMP kinase activity	11.058560405	0.7875540891	1	96
Sn00001aa008274_T003	BP	0046940	nucleoside monophosphate phosphorylation	8.72384166363	0.733564900345	1	96
Sn00001aa008274_T003	CC	0005634	nucleus	3.18072549481	0.563658226044	1	91
Sn00001aa008274_T003	MF	0004127	(d)CMP kinase activity	11.0138491692	0.786576978687	2	96
Sn00001aa008274_T003	BP	0006207	'de novo' pyrimidine nucleobase biosynthetic process	8.58725034874	0.730194233325	2	96
Sn00001aa008274_T003	CC	0005737	cytoplasm	1.48262844793	0.481500211744	6	96
Sn00001aa008274_T003	BP	0006221	pyrimidine nucleotide biosynthetic process	6.99572186407	0.68874567943	7	96
Sn00001aa008274_T003	MF	0004017	adenylate kinase activity	5.76693411771	0.65338969397	7	52
Sn00001aa008274_T003	MF	0005524	ATP binding	2.94119820287	0.553716865612	12	96
Sn00001aa008274_T003	CC	0097708	intracellular vesicle	0.189089746169	0.367839422567	19	3
Sn00001aa008274_T003	CC	0098588	bounding membrane of organelle	0.166991703143	0.364035425818	21	3
Sn00001aa008274_T003	CC	0012505	endomembrane system	0.1450310665	0.359996435475	22	3
Sn00001aa008274_T003	BP	0046704	CDP metabolic process	1.38087109585	0.475325204904	26	9
Sn00001aa008274_T003	BP	0009194	pyrimidine ribonucleoside diphosphate biosynthetic process	1.12214025412	0.458511988685	27	9
Sn00001aa008274_T003	BP	0046048	UDP metabolic process	1.1145212823	0.457988932332	29	9
Sn00001aa008274_T003	MF	0016872	intramolecular lyase activity	0.234588633616	0.375026677343	30	2
Sn00001aa008274_T003	MF	0005504	fatty acid binding	0.231473012726	0.374558104657	31	2
Sn00001aa008274_T003	MF	0004822	isoleucine-tRNA ligase activity	0.113728261902	0.353666697814	36	1
Sn00001aa008274_T003	MF	0002161	aminoacyl-tRNA editing activity	0.0898239057584	0.348217364328	38	1
Sn00001aa008274_T003	MF	0000049	tRNA binding	0.0715009589357	0.343525991002	39	1
Sn00001aa008274_T003	BP	0009260	ribonucleotide biosynthetic process	0.54410089567	0.411804159338	41	9
Sn00001aa008274_T003	BP	0006428	isoleucyl-tRNA aminoacylation	0.110802637815	0.35303276782	48	1
Sn00001aa008274_T003	BP	0048608	reproductive structure development	0.108208295774	0.352463582656	49	1
Sn00001aa008274_T003	BP	0009791	post-embryonic development	0.105427256231	0.35184580639	51	1
Sn00001aa008274_T003	BP	0032543	mitochondrial translation	0.102304236166	0.351142268498	52	1
Sn00001aa008274_T003	BP	0106074	aminoacyl-tRNA metabolism involved in translational fidelity	0.0862816051857	0.347350656893	55	1
Sn00001aa008298_T001	CC	0005886	plasma membrane	2.54932615731	0.536535168488	1	20
Sn00001aa008298_T001	CC	0005737	cytoplasm	1.53817376545	0.484781589908	3	20
Sn00001aa009014_T001	BP	0009800	cinnamic acid biosynthetic process	13.0590481554	0.829413669179	1	84
Sn00001aa009014_T001	MF	0045548	phenylalanine ammonia-lyase activity	11.3846321178	0.794621069485	1	73
Sn00001aa009014_T001	CC	0005737	cytoplasm	1.53840978398	0.484795405305	1	100
Sn00001aa009014_T001	CC	0016020	membrane	0.00844958166123	0.3180470172	4	1
Sn00001aa009014_T001	BP	0006559	L-phenylalanine catabolic process	10.5261144549	0.775786501715	5	100
Sn00001aa009014_T001	MF	0052883	tyrosine ammonia-lyase activity	0.223612035838	0.373361645014	6	1
Sn00001aa009014_T001	BP	0016598	protein arginylation	0.245416367547	0.376631377671	42	1
Sn00001aa009014_T001	BP	0046898	response to cycloheximide	0.201199244624	0.369829806712	43	1
Sn00001aa009014_T001	BP	0009739	response to gibberellin	0.136256764086	0.358297638078	44	1
Sn00001aa009456_T002	MF	0047334	diphosphate-fructose-6-phosphate 1-phosphotransferase activity	12.2326096403	0.812539146138	1	100
Sn00001aa009456_T002	BP	0061615	glycolytic process through fructose-6-phosphate	10.6910538237	0.77946300973	1	100
Sn00001aa009456_T002	CC	0005829	cytosol	2.65667673779	0.54136605572	1	74
Sn00001aa009456_T002	MF	0003872	6-phosphofructokinase activity	11.0513593841	0.787396853054	2	100
Sn00001aa009456_T002	BP	0009749	response to glucose	10.3680317605	0.772235697383	2	86
Sn00001aa009456_T002	CC	0005759	mitochondrial matrix	0.157733665531	0.362367193271	4	2
Sn00001aa009456_T002	BP	0046835	carbohydrate phosphorylation	8.83145291195	0.736201882963	6	100
Sn00001aa009456_T002	MF	0005524	ATP binding	3.05185057266	0.558357816157	8	100
Sn00001aa009456_T002	MF	0046872	metal ion binding	2.47638981618	0.533194694797	19	100
Sn00001aa009456_T002	BP	0015979	photosynthesis	6.07923500486	0.662706640688	39	86
Sn00001aa009456_T002	BP	0006002	fructose 6-phosphate metabolic process	4.94597892231	0.627618366554	47	51
Sn00001aa010391_T001	MF	0003978	UDP-glucose 4-epimerase activity	11.1986669013	0.790603223107	1	1
Sn00001aa010391_T001	BP	0006012	galactose metabolic process	9.64265402718	0.755584087722	1	1
Sn00001aa010391_T001	CC	0005829	cytosol	3.61017846547	0.580586819175	1	1
Sn00001aa010391_T001	BP	0009987	cellular process	0.409814963269	0.397652381697	8	1
Sn00001aa010450_T001	MF	0004416	hydroxyacylglutathione hydrolase activity	12.2741115506	0.813399896585	1	97
Sn00001aa010450_T001	BP	0019243	methylglyoxal catabolic process to D-lactate via S-lactoyl-glutathione	11.0225421428	0.786767108293	1	97
Sn00001aa010450_T001	CC	1990904	ribonucleoprotein complex	0.0475358789079	0.336357555756	1	1
Sn00001aa010450_T001	CC	0005840	ribosome	0.0356245119043	0.332105711256	2	1
Sn00001aa010450_T001	MF	0046872	metal ion binding	2.40927343575	0.530077035691	4	97
Sn00001aa010450_T001	MF	0003735	structural constituent of ribosome	0.040650386985	0.333975138511	11	1
Sn00001aa010450_T001	BP	0006412	translation	0.0350654411038	0.331889816061	20	1
Sn00001aa010461_T001	MF	0004619	phosphoglycerate mutase activity	11.1297408763	0.789105586347	1	100
Sn00001aa010461_T001	BP	0006007	glucose catabolic process	11.0298767805	0.786927470555	1	100
Sn00001aa010461_T001	CC	0005737	cytoplasm	1.53840181145	0.484794938648	1	100
Sn00001aa010461_T001	MF	0030145	manganese ion binding	8.53275175003	0.728841894248	4	100
Sn00001aa010461_T001	CC	0016020	membrane	0.00883572632574	0.318348588629	4	1
Sn00001aa010461_T001	BP	0006096	glycolytic process	7.6235343844	0.705608069721	5	100
Sn00001aa010461_T001	MF	0008270	zinc ion binding	0.0493129416992	0.336943863329	14	1
Sn00001aa010461_T001	MF	0016740	transferase activity	0.022390963761	0.326427162369	15	1
Sn00001aa010629_T001	MF	0004364	glutathione transferase activity	10.1453122205	0.767186781819	1	4
Sn00001aa010667_T001	MF	0048040	UDP-glucuronate decarboxylase activity	12.1955553362	0.811769404495	1	99
Sn00001aa010667_T001	BP	0042732	D-xylose metabolic process	10.3734647691	0.772358179299	1	99
Sn00001aa010667_T001	CC	0005737	cytoplasm	1.37760427747	0.475123255708	1	90
Sn00001aa010667_T001	BP	0033320	UDP-D-xylose biosynthetic process	9.84106435679	0.760199235429	2	78
Sn00001aa010667_T001	MF	0070403	NAD+ binding	9.14764132901	0.743858386058	2	99
Sn00001aa010667_T001	MF	0008460	dTDP-glucose 4,6-dehydratase activity	0.12695447461	0.356435734907	18	1
Sn00001aa011082_T002	MF	0004672	protein kinase activity	5.25097939	0.637426026211	1	1
Sn00001aa011082_T002	CC	0016020	membrane	0.920866938053	0.444036551162	1	1
Sn00001aa011082_T002	MF	0005524	ATP binding	3.04960863082	0.558264628345	6	1
Sn00001aa011441_T001	MF	0004048	anthranilate phosphoribosyltransferase activity	11.6453887363	0.800199946057	1	4
Sn00001aa011441_T001	BP	0000162	tryptophan biosynthetic process	8.61445125111	0.730867596498	1	4
Sn00001aa011441_T001	CC	0005829	cytosol	1.05163108335	0.453601243096	1	1
Sn00001aa012896_T001	BP	0042744	hydrogen peroxide catabolic process	8.89489158058	0.737748906001	1	92
Sn00001aa012896_T001	MF	0140825	lactoperoxidase activity	8.00697267813	0.715566554068	1	64
Sn00001aa012896_T001	CC	0005576	extracellular region	4.80750744577	0.623065940043	1	89
Sn00001aa012896_T001	CC	0016020	membrane	0.0247515023098	0.327543749982	2	3
Sn00001aa012896_T001	BP	0098869	cellular oxidant detoxification	6.99553158029	0.688740456369	4	100
Sn00001aa012896_T001	MF	0020037	heme binding	5.03446527408	0.630494157026	5	92
Sn00001aa012896_T001	BP	0006979	response to oxidative stress	6.77943109007	0.682762186484	7	92
Sn00001aa012896_T001	MF	0046872	metal ion binding	2.28943488622	0.52440035795	8	92
Sn00001aa014103_T002	MF	0003849	3-deoxy-7-phosphoheptulonate synthase activity	11.4761218811	0.796585694713	1	100
Sn00001aa014103_T002	BP	0009423	chorismate biosynthetic process	6.91414390782	0.6864999117	1	79
Sn00001aa014103_T002	CC	0009507	chloroplast	5.99409372395	0.660190812463	1	100
Sn00001aa014103_T002	BP	0009073	aromatic amino acid family biosynthetic process	6.68396113581	0.680090756392	2	100
Sn00001aa014103_T002	BP	0008652	amino acid biosynthetic process	4.9213463564	0.626813244195	7	100
Sn00001aa014328_T001	MF	0016157	sucrose synthase activity	14.3375001733	0.846857717424	1	100
Sn00001aa014328_T001	BP	0005985	sucrose metabolic process	11.6605659063	0.800522727823	1	100
Sn00001aa014328_T001	BP	0010555	response to mannitol	3.80797460806	0.588043750559	5	19
Sn00001aa014328_T001	BP	0010431	seed maturation	3.21068118892	0.564874787274	6	19
Sn00001aa014328_T001	BP	0009414	response to water deprivation	2.56190492381	0.537106419845	7	19
Sn00001aa014328_T001	BP	0005982	starch metabolic process	2.53631992137	0.535943020122	9	19
Sn00001aa014328_T001	BP	0009987	cellular process	0.410477365845	0.397727472949	35	100
Sn00001aa014488_T001	CC	0009707	chloroplast outer membrane	10.9530347016	0.785244762467	1	51
Sn00001aa014488_T001	MF	0015171	amino acid transmembrane transporter activity	6.68504548475	0.680121205257	1	51
Sn00001aa014488_T001	BP	0003333	amino acid transmembrane transport	6.37710223291	0.671372471643	1	51
Sn00001aa014825_T001	MF	0140662	ATP-dependent protein folding chaperone	8.53760247227	0.728962435795	1	100
Sn00001aa014825_T001	BP	0006457	protein folding	6.54920998283	0.676287481001	1	100
Sn00001aa014825_T001	CC	0005737	cytoplasm	0.208073410476	0.370933073581	1	13
Sn00001aa014825_T001	MF	0005524	ATP binding	3.05184637495	0.558357641708	4	100
Sn00001aa014825_T001	BP	0009408	response to heat	1.69918820674	0.493972430455	6	18
Sn00001aa014825_T001	MF	0031072	heat shock protein binding	1.37417903882	0.474911255922	18	13
Sn00001aa014825_T001	MF	0016887	ATP hydrolysis activity	0.622262029991	0.419238968342	21	13
Sn00001aa018414_T003	MF	0004807	triose-phosphate isomerase activity	11.2343545839	0.791376840488	1	3
Sn00001aa018414_T003	BP	0006096	glycolytic process	7.61855465735	0.705477110852	1	3
Sn00001aa018414_T003	CC	0005829	cytosol	1.30660664311	0.470673612725	1	1
Sn00001aa018414_T003	BP	0046166	glyceraldehyde-3-phosphate biosynthetic process	4.25921916923	0.6043619564	41	1
Sn00001aa018414_T003	BP	0019563	glycerol catabolic process	3.67268495283	0.582964916524	50	1
Sn00001aa018414_T003	BP	0006094	gluconeogenesis	3.05483922228	0.558481988165	62	1
Sn00001aa021034_T002	MF	0015369	calcium:proton antiporter activity	11.4127562015	0.795225835717	1	34
Sn00001aa021034_T002	BP	0055074	calcium ion homeostasis	8.83989363451	0.736408039179	1	35
Sn00001aa021034_T002	CC	0012505	endomembrane system	4.50321983478	0.612825889703	1	36
Sn00001aa021034_T002	BP	0070588	calcium ion transmembrane transport	8.75284022908	0.734277095134	2	40
Sn00001aa021034_T002	CC	0005774	vacuolar membrane	3.98586536893	0.594586458821	2	18
Sn00001aa021034_T002	BP	0030003	intracellular monoatomic cation homeostasis	6.56746974843	0.676805129506	6	34
Sn00001aa021034_T002	MF	0005509	calcium ion binding	6.53198763714	0.675798580748	8	36
Sn00001aa021034_T002	CC	0000325	plant-type vacuole	0.326394105497	0.387654083576	13	1
Sn00001aa021034_T002	CC	0009506	plasmodesma	0.29253205896	0.383233210175	14	1
Sn00001aa021034_T002	BP	1902600	proton transmembrane transport	4.22214604248	0.603054946162	17	34
Sn00001aa021034_T002	CC	0005886	plasma membrane	0.155726507445	0.36199911156	19	2
Sn00001aa021034_T002	MF	0005432	calcium:sodium antiporter activity	0.606302145889	0.417760569581	24	2
Sn00001aa021034_T002	BP	0071472	cellular response to salt stress	0.798081885703	0.434415042765	26	2
Sn00001aa021034_T002	MF	0003729	mRNA binding	0.229663210246	0.374284471315	26	2
Sn00001aa021034_T002	BP	0006814	sodium ion transport	0.673402563641	0.423852730499	27	3
Sn00001aa021863_T001	MF	0004869	cysteine-type endopeptidase inhibitor activity	12.2419856169	0.812733731597	1	99
Sn00001aa021863_T001	BP	0006952	defense response	1.90676434847	0.505200346706	1	25
Sn00001aa021863_T001	CC	0005576	extracellular region	0.0618929641167	0.340823286647	1	1
Sn00001aa021863_T001	CC	0016020	membrane	0.0325078203307	0.330879451414	2	4
Sn00001aa021863_T001	MF	0016705	oxidoreductase activity, acting on paired donors, with incorporation or reduction of molecular oxygen	0.0925170652252	0.348864929376	10	2
Sn00001aa021863_T001	MF	0004497	monooxygenase activity	0.0916314592338	0.348653039944	11	2
Sn00001aa021863_T001	MF	0005506	iron ion binding	0.0885163232874	0.347899458151	12	2
Sn00001aa021863_T001	MF	0020037	heme binding	0.0760008387035	0.344729098446	13	2
Sn00001aa021927_T001	MF	0005200	structural constituent of cytoskeleton	9.60055222102	0.754598684703	1	94
Sn00001aa021927_T001	CC	0005874	microtubule	7.77515461043	0.709575160584	1	100
Sn00001aa021927_T001	BP	0007017	microtubule-based process	7.16235397816	0.693292582811	1	100
Sn00001aa021927_T001	BP	0007010	cytoskeleton organization	6.3841189375	0.671574140441	2	94
Sn00001aa021927_T001	MF	0003924	GTPase activity	6.23212953901	0.667180670321	2	94
Sn00001aa021927_T001	MF	0005525	GTP binding	5.98811835094	0.660013578009	3	100
Sn00001aa021927_T001	BP	0000278	mitotic cell cycle	0.944931279598	0.445845400084	7	12
Sn00001aa021927_T001	CC	0005737	cytoplasm	0.277088450656	0.3811321064	13	18
Sn00001aa021927_T001	MF	0046872	metal ion binding	0.222857651899	0.373245727725	26	9
Sn00001aa021927_T001	MF	0016757	glycosyltransferase activity	0.0545808617666	0.338622418721	28	1
Sn00001aa022808_T001	BP	0033356	UDP-L-arabinose metabolic process	15.6652006171	0.854728512549	1	100
Sn00001aa022808_T001	MF	0052691	UDP-arabinopyranose mutase activity	14.9157296824	0.85032849552	1	92
Sn00001aa022808_T001	CC	0009505	plant-type cell wall	7.95416619917	0.71420946771	1	65
Sn00001aa022808_T001	BP	0071669	plant-type cell wall organization or biogenesis	11.5239635627	0.797609915452	2	100
Sn00001aa022808_T001	CC	0005794	Golgi apparatus	6.47763675014	0.674251450692	3	100
Sn00001aa022808_T001	BP	0071555	cell wall organization	6.56568856653	0.676754666246	5	100
Sn00001aa022808_T001	MF	0005515	protein binding	0.0472176147004	0.336251400277	5	1
Sn00001aa022808_T001	CC	0005829	cytosol	3.61598906308	0.580808750416	6	100
Sn00001aa022808_T001	MF	0016740	transferase activity	0.0465936978235	0.336042252551	6	2
Sn00001aa022808_T001	BP	0042546	cell wall biogenesis	6.24972042786	0.667691881134	7	94
Sn00001aa022808_T001	CC	0009506	plasmodesma	0.122360878527	0.355491134034	14	1
Sn00001aa022808_T001	CC	0005576	extracellular region	0.057544021771	0.33953106247	19	1
Sn00001aa022808_T001	BP	0030244	cellulose biosynthetic process	0.122209739629	0.355459755998	23	1
Sn00001aa022890_T001	BP	0019722	calcium-mediated signaling	10.6204564026	0.777892885782	1	100
Sn00001aa022890_T001	MF	0019900	kinase binding	9.4282406641	0.750542993722	1	100
Sn00001aa022890_T001	CC	0016020	membrane	0.91205999853	0.443368660596	1	99
Sn00001aa022890_T001	MF	0005509	calcium ion binding	6.92299029817	0.686744083027	3	100
Sn00001aa023222_T002	MF	0008017	microtubule binding	6.66352623788	0.679516475377	1	54
Sn00001aa023222_T002	CC	0005874	microtubule	6.04523499455	0.661704105298	1	54
Sn00001aa023222_T002	MF	0003924	GTPase activity	6.63042953564	0.678584489003	2	70
Sn00001aa023222_T002	MF	0005525	GTP binding	5.9881032243	0.660013129228	4	70
Sn00001aa023222_T002	CC	0005737	cytoplasm	1.53840152613	0.484794921948	10	70
Sn00001aa023222_T002	CC	0016020	membrane	0.716505764486	0.427606955429	14	54
Sn00001aa023222_T002	MF	0004842	ubiquitin-protein transferase activity	0.0846375637687	0.346942361942	28	1
Sn00001aa023333_T004	MF	0051903	S-(hydroxymethyl)glutathione dehydrogenase [NAD(P)+] activity	10.402872218	0.773020585803	1	87
Sn00001aa023333_T004	BP	0046294	formaldehyde catabolic process	9.56546103425	0.753775714778	1	87
Sn00001aa023333_T004	CC	0005829	cytosol	3.14573609314	0.562229959191	1	87
Sn00001aa023333_T004	MF	0008270	zinc ion binding	4.92213640998	0.626839098554	4	97
Sn00001aa023333_T004	MF	0004022	alcohol dehydrogenase (NAD+) activity	1.05826704658	0.454070299838	11	10
Sn00001aa023333_T004	BP	0034059	response to anoxia	0.197972787077	0.369305481105	22	1
Sn00001aa024444_T001	MF	0003997	acyl-CoA oxidase activity	12.9263793377	0.826741543013	1	100
Sn00001aa024444_T001	BP	0033540	fatty acid beta-oxidation using acyl-CoA oxidase	10.6059995163	0.777570713876	1	81
Sn00001aa024444_T001	CC	0005777	peroxisome	8.44859028844	0.726744982194	1	100
Sn00001aa024444_T001	MF	0005504	fatty acid binding	9.13091548803	0.743456716724	3	81
Sn00001aa024444_T001	MF	0071949	FAD binding	7.71942936898	0.708121662982	4	100
Sn00001aa024444_T001	BP	0001676	long-chain fatty acid metabolic process	7.90293833953	0.712888639149	7	81
Sn00001aa024444_T001	BP	0055088	lipid homeostasis	7.38337410947	0.699242737463	8	70
Sn00001aa028066_T001	MF	0005085	guanyl-nucleotide exchange factor activity	5.86719954799	0.656407837215	1	31
Sn00001aa028066_T001	BP	0010224	response to UV-B	3.70056883077	0.584019245098	1	10
Sn00001aa028066_T001	CC	0000785	chromatin	1.85665228901	0.502548109608	1	10
Sn00001aa028066_T001	BP	0009649	entrainment of circadian clock	3.26343981862	0.567003702287	2	10
Sn00001aa028066_T001	CC	0005737	cytoplasm	1.26000805318	0.467687116624	3	37
Sn00001aa028066_T001	CC	0005634	nucleus	0.943083656696	0.445707341857	4	12
Sn00001aa028066_T001	MF	0042803	protein homodimerization activity	2.37578643899	0.528505273675	6	10
Sn00001aa028066_T001	MF	0003682	chromatin binding	2.1609502954	0.518146483962	7	10
Sn00001aa028066_T001	MF	0061630	ubiquitin protein ligase activity	0.625176093376	0.419506849028	11	3
Sn00001aa028066_T001	BP	0006511	ubiquitin-dependent protein catabolic process	0.558257052834	0.413188505267	12	3
Sn00001aa028066_T001	BP	0016567	protein ubiquitination	0.548147951693	0.412201745062	14	3
Sn00001aa028066_T001	CC	0016020	membrane	0.0641607325011	0.341479114858	14	2
Sn00001aa028066_T001	MF	0009881	photoreceptor activity	0.403141517042	0.39689245484	16	1
Sn00001aa028066_T001	BP	0051301	cell division	0.157399077364	0.362305998334	27	2
Sn00001aa029587_T002	MF	0019172	glyoxalase III activity	13.0959988325	0.830155485485	1	3
Sn00001aa029587_T002	BP	0019249	lactate biosynthetic process	12.73834923	0.822930765538	1	3
Sn00001aa029587_T002	BP	0061727	methylglyoxal catabolic process to lactate	11.2807798776	0.792381385117	2	3
Sn00001aa030309_T001	MF	0004001	adenosine kinase activity	14.3171404146	0.846734245713	1	100
Sn00001aa030309_T001	BP	0044209	AMP salvage	10.4280677981	0.773587375081	1	99
Sn00001aa030309_T001	CC	0005829	cytosol	3.29152919806	0.568130145853	1	91
Sn00001aa030309_T001	BP	0006166	purine ribonucleoside salvage	9.88501763392	0.761215303332	2	100
Sn00001aa030309_T001	CC	0005634	nucleus	3.16223326784	0.562904357971	2	91
Sn00001aa030309_T001	MF	0005524	ATP binding	3.05183355665	0.558357109004	7	100
Sn00001aa030309_T001	BP	0006144	purine nucleobase metabolic process	7.7717799772	0.709487287511	19	91
Sn00001aa030610_T001	MF	0003872	6-phosphofructokinase activity	11.0493287946	0.787352505379	1	8
Sn00001aa030610_T001	BP	0061615	glycolytic process through fructose-6-phosphate	10.6890894372	0.779419390975	1	8
Sn00001aa030610_T001	CC	0005737	cytoplasm	0.814294243303	0.43572594439	1	4
Sn00001aa030610_T001	BP	0006002	fructose 6-phosphate metabolic process	9.50554436923	0.752367032691	2	7
Sn00001aa030610_T001	MF	0046872	metal ion binding	2.47593480146	0.533173701893	7	8
Sn00001aa030610_T001	MF	0005524	ATP binding	1.61537488935	0.489245423696	11	4
Sn00001aa031675_T002	MF	0016787	hydrolase activity	2.25349350052	0.522669019843	1	100
Sn00001aa035637_T001	CC	0016020	membrane	0.921512859267	0.444085409826	1	100
Sn00001aa036565_T002	MF	0015267	channel activity	6.15426985305	0.664909269013	1	100
Sn00001aa036565_T002	BP	0055085	transmembrane transport	2.72912181101	0.544571182734	1	100
Sn00001aa036565_T002	CC	0005886	plasma membrane	0.954864328371	0.446585315765	1	36
Sn00001aa036565_T002	CC	0032991	protein-containing complex	0.0605487777072	0.340428872111	4	2
Sn00001aa036565_T002	BP	0006833	water transport	1.25630262351	0.467447284044	5	10
Sn00001aa036565_T002	MF	0005372	water transmembrane transporter activity	1.29648379482	0.470029427827	6	10
Sn00001aa036565_T002	BP	0051290	protein heterotetramerization	0.390611745376	0.39544846033	8	2
Sn00001aa036565_T002	MF	0005515	protein binding	0.102462365637	0.35117814705	8	2
Sn00001aa036565_T002	BP	0051289	protein homotetramerization	0.303325845533	0.38466893731	10	2
Sn00001aa037753_T002	MF	0004739	pyruvate dehydrogenase (acetyl-transferring) activity	11.0139963198	0.786580197736	1	99
Sn00001aa037753_T002	BP	0006086	acetyl-CoA biosynthetic process from pyruvate	10.2704332617	0.770029942377	1	99
Sn00001aa037753_T002	CC	0043231	intracellular membrane-bounded organelle	2.37397012631	0.528419706624	1	99
Sn00001aa037753_T002	MF	0030976	thiamine pyrophosphate binding	0.0953735888439	0.349541556491	7	1
Sn00001aa037753_T002	CC	0005667	transcription regulator complex	0.0801204462552	0.345799666339	8	1
Sn00001aa037753_T002	CC	0070013	intracellular organelle lumen	0.05911392998	0.340002993504	9	1
Sn00001aa037753_T002	CC	0005737	cytoplasm	0.0332156191459	0.331162921741	13	2
Sn00001aa037753_T002	MF	0003677	DNA binding	0.0321859192607	0.330749510998	14	1
Sn00001aa037753_T002	MF	0046872	metal ion binding	0.0263613880805	0.328274948555	17	1
Sn00001aa037753_T002	BP	0006626	protein targeting to mitochondrion	0.111457936903	0.353175479802	33	1
Sn00001aa037753_T002	BP	0010468	regulation of gene expression	0.0678757626098	0.342528923037	39	2
Sn00001aa037753_T002	BP	2001141	regulation of RNA biosynthetic process	0.0344785820067	0.331661330152	53	1
Sn00001aa039024_T001	MF	0015267	channel activity	6.15430144111	0.664910193436	1	100
Sn00001aa039024_T001	BP	0055085	transmembrane transport	2.72913581879	0.544571798328	1	100
Sn00001aa039024_T001	CC	0016020	membrane	0.921536904874	0.444087228349	1	100
Sn00001aa039024_T001	CC	0071944	cell periphery	0.316487912047	0.386385539168	3	13
Sn00001aa039024_T001	CC	0005829	cytosol	0.111045733572	0.353085758677	4	3
Sn00001aa039024_T001	BP	0009414	response to water deprivation	1.68565668855	0.493217286717	5	13
Sn00001aa039024_T001	CC	0005783	endoplasmic reticulum	0.0629891644385	0.341141776486	5	1
Sn00001aa039024_T001	MF	0005372	water transmembrane transporter activity	1.57776548684	0.487084464442	6	13
Sn00001aa039024_T001	CC	0032991	protein-containing complex	0.0547132983626	0.338663548959	6	2
Sn00001aa039024_T001	BP	0006833	water transport	1.52886671497	0.484235952128	7	13
Sn00001aa039024_T001	MF	0005515	protein binding	0.0925874013366	0.348881714384	8	2
Sn00001aa039024_T001	BP	0051290	protein heterotetramerization	0.352965952047	0.390964681566	16	2
Sn00001aa039024_T001	BP	0051289	protein homotetramerization	0.274092361831	0.380717762583	18	2
Sn00001aa040888_T001	CC	0005741	mitochondrial outer membrane	9.26969549516	0.746778455607	1	100
Sn00001aa040888_T001	MF	0016887	ATP hydrolysis activity	4.60075283909	0.616144788264	1	100
Sn00001aa040888_T001	BP	0048235	pollen sperm cell differentiation	3.65569883917	0.582320685206	1	19
Sn00001aa040888_T001	MF	0005524	ATP binding	3.05185678844	0.558358074472	7	100
Sn00001aa041377_T001	BP	0009651	response to salt stress	6.39978159902	0.672023905353	1	10
Sn00001aa041377_T001	MF	0051082	unfolded protein binding	4.58146318749	0.615491202643	1	10
Sn00001aa041377_T001	CC	0005737	cytoplasm	0.382650517143	0.394518907581	1	4
Sn00001aa041377_T001	BP	0042542	response to hydrogen peroxide	6.05663046039	0.662040429089	2	10
Sn00001aa041377_T001	BP	0009408	response to heat	5.91048673364	0.657702872828	4	12
Sn00001aa041377_T001	BP	0051259	protein complex oligomerization	5.16628833109	0.634731912905	7	10
Sn00001aa041377_T001	BP	0006457	protein folding	3.87073804203	0.590369258006	11	10
Sn00001aa042093_T001	MF	0048040	UDP-glucuronate decarboxylase activity	12.3285830494	0.81452743117	1	100
Sn00001aa042093_T001	BP	0042732	D-xylose metabolic process	10.4866173282	0.774901842399	1	100
Sn00001aa042093_T001	CC	0032580	Golgi cisterna membrane	2.97425556166	0.555112357875	1	30
Sn00001aa042093_T001	MF	0070403	NAD+ binding	9.2474227472	0.746247034501	2	100
Sn00001aa042093_T001	BP	0033320	UDP-D-xylose biosynthetic process	8.90402446017	0.737971166655	2	70
Sn00001aa042255_T001	BP	0042744	hydrogen peroxide catabolic process	9.6209077453	0.755075379911	1	41
Sn00001aa042255_T001	MF	0140825	lactoperoxidase activity	9.43601783943	0.750726839495	1	31
Sn00001aa042255_T001	CC	0005576	extracellular region	5.04680750592	0.63089326253	1	38
Sn00001aa042255_T001	CC	0009505	plant-type cell wall	2.68258498909	0.54251725469	2	9
Sn00001aa042255_T001	BP	0006979	response to oxidative stress	7.33277977503	0.697888617979	4	41
Sn00001aa042255_T001	BP	0098869	cellular oxidant detoxification	6.99535844065	0.688735703833	5	41
Sn00001aa042255_T001	MF	0020037	heme binding	5.44538688415	0.643529322069	5	41
Sn00001aa042255_T001	CC	0016020	membrane	0.164321737685	0.363559168942	6	7
Sn00001aa042255_T001	MF	0046872	metal ion binding	2.47630245176	0.533190664235	8	41
Sn00001aa042308_T001	MF	0032422	purine-rich negative regulatory element binding	14.3612385905	0.847001568357	1	100
Sn00001aa042308_T001	BP	0006357	regulation of transcription by RNA polymerase II	5.42746057195	0.642971146178	1	95
Sn00001aa042308_T001	CC	0005634	nucleus	3.27830866451	0.567600575705	1	95
Sn00001aa042308_T001	MF	0000977	RNA polymerase II transcription regulatory region sequence-specific DNA binding	7.28351088702	0.696565476116	2	100
Sn00001aa042308_T001	MF	0000981	DNA-binding transcription factor activity, RNA polymerase II-specific	6.41634216181	0.672498855968	3	95
Sn00001aa043139_T003	MF	0005507	copper ion binding	8.20110525949	0.720517544399	1	100
Sn00001aa043139_T003	CC	0005886	plasma membrane	0.314897718184	0.386180066203	1	12
Sn00001aa043139_T003	MF	0016491	oxidoreductase activity	3.02812890131	0.557370066988	3	100
Sn00001aa043654_T003	BP	0009809	lignin biosynthetic process	13.9998874961	0.844798800416	1	91
Sn00001aa043654_T003	MF	0016616	oxidoreductase activity, acting on the CH-OH group of donors, NAD or NADP as acceptor	6.10976054215	0.663604340877	1	92
Sn00001aa043654_T003	CC	0005730	nucleolus	0.0849438630973	0.347018729464	1	1
Sn00001aa043654_T003	MF	0008270	zinc ion binding	5.0259170372	0.630217449505	3	91
Sn00001aa043654_T003	BP	0009987	cellular process	0.406603032605	0.397287407354	9	91
Sn00001aa043654_T003	CC	0016020	membrane	0.0317818926943	0.330585496228	9	3
Sn00001aa043654_T003	BP	0006952	defense response	0.161658403205	0.36308022423	10	2
Sn00001aa043654_T003	MF	0043531	ADP binding	0.109560988454	0.352761197467	13	1
Sn00001aa043654_T003	BP	0051707	response to other organism	0.0774038154425	0.345096877814	17	1
Sn00001aa043654_T003	BP	0016072	rRNA metabolic process	0.0754034493498	0.344571467728	21	1
Sn00001aa043654_T003	BP	0034654	nucleobase-containing compound biosynthetic process	0.0375257128896	0.332827497327	33	1
Sn00001aa044627_T001	MF	0016864	intramolecular oxidoreductase activity, transposing S-S bonds	12.1344609731	0.810497712602	1	83
Sn00001aa044627_T001	BP	0034976	response to endoplasmic reticulum stress	9.91395347814	0.761882980586	1	83
Sn00001aa044627_T001	CC	0005783	endoplasmic reticulum	6.00715585227	0.660577938512	1	83
Sn00001aa044627_T001	BP	0006457	protein folding	6.54916995208	0.676286345372	2	83
Sn00001aa044627_T001	MF	0140096	catalytic activity, acting on a protein	3.46031033764	0.574799724659	5	83
Sn00001aa044627_T001	CC	0016020	membrane	0.00930942132627	0.318709671738	10	1
Sn00001aa045518_T001	BP	0009651	response to salt stress	1.75562287278	0.497089883444	1	9
Sn00001aa045518_T001	CC	0005737	cytoplasm	1.53831837111	0.484790054558	1	61
Sn00001aa045518_T001	MF	0051082	unfolded protein binding	1.25681188308	0.467480266628	1	9
Sn00001aa045518_T001	BP	0042542	response to hydrogen peroxide	1.66148778731	0.491860929361	2	9
Sn00001aa045518_T001	BP	0009408	response to heat	1.52558067118	0.484042907063	4	10
Sn00001aa045518_T001	BP	0051259	protein complex oligomerization	1.41724429515	0.477557797523	7	9
Sn00001aa045518_T001	BP	0006457	protein folding	1.06184189819	0.454322375376	11	9
Sn00001aa047322_T003	MF	0009044	xylan 1,4-beta-xylosidase activity	12.8945990476	0.826099412642	1	100
Sn00001aa047322_T003	BP	0031222	arabinan catabolic process	10.7998930322	0.781873529015	1	84
Sn00001aa047322_T003	CC	0009505	plant-type cell wall	8.43577273457	0.72642471352	1	69
Sn00001aa047322_T003	BP	0045493	xylan catabolic process	10.531896874	0.775915877355	3	100
Sn00001aa047322_T003	MF	0046556	alpha-L-arabinofuranosidase activity	9.89321965955	0.761404659283	3	84
Sn00001aa047322_T003	CC	0016020	membrane	0.104801822856	0.351705755215	5	11
Sn00001aa048684_T001	CC	0010008	endosome membrane	8.42724563302	0.726211514399	1	100
Sn00001aa048684_T001	BP	0072657	protein localization to membrane	5.85355436533	0.655998620587	1	80
Sn00001aa048684_T001	CC	0000139	Golgi membrane	7.8532570875	0.711603592152	2	100
Sn00001aa049357_T001	MF	0005509	calcium ion binding	6.91203083179	0.686441565078	1	2
Sn00001aa050368_T002	BP	0033528	S-methylmethionine cycle	13.0856290574	0.829947409172	1	90
Sn00001aa050368_T002	MF	0008898	S-adenosylmethionine-homocysteine S-methyltransferase activity	13.0540833775	0.829313917097	1	90
Sn00001aa050368_T002	BP	0009086	methionine biosynthetic process	7.6284026472	0.705736055919	3	95
Sn00001aa050368_T002	MF	0008270	zinc ion binding	3.83268280688	0.58896150799	6	75
Sn00001aa050368_T002	BP	0032259	methylation	5.07403047994	0.631771838546	12	100
Sn00001aa050368_T002	MF	0044023	histone H4S1 kinase activity	0.485837381107	0.405907356152	15	2
Sn00001aa050368_T002	MF	0140855	histone H3S57 kinase activity	0.485837381107	0.405907356152	17	2
Sn00001aa050368_T002	MF	0072371	histone H2AS121 kinase activity	0.435662487357	0.400538873363	18	2
Sn00001aa050368_T002	MF	0044025	histone H2BS14 kinase activity	0.392730603955	0.395694258239	19	2
Sn00001aa050368_T002	MF	0044024	histone H2AS1 kinase activity	0.381588134097	0.39439413523	20	2
Sn00001aa050368_T002	MF	0140857	histone H3T45 kinase activity	0.381588134097	0.39439413523	21	2
Sn00001aa050368_T002	MF	0004676	3-phosphoinositide-dependent protein kinase activity	0.379007502663	0.394090325757	22	2
Sn00001aa050368_T002	MF	0140823	histone H2BS36 kinase activity	0.365349448819	0.392464896419	23	2
Sn00001aa050368_T002	MF	0035403	histone H3T6 kinase activity	0.364403111608	0.392351157312	24	2
Sn00001aa050368_T002	MF	0035979	histone H2AXS139 kinase activity	0.356297653147	0.39137085827	26	2
Sn00001aa050368_T002	MF	0044022	histone H3S28 kinase activity	0.353411872651	0.39101915574	27	2
Sn00001aa050368_T002	MF	0035402	histone H3T11 kinase activity	0.349874169897	0.390586035646	28	2
Sn00001aa050368_T002	MF	0035175	histone H3S10 kinase activity	0.340361965417	0.389410477105	29	2
Sn00001aa050368_T002	MF	1990244	histone H2AT120 kinase activity	0.321153008915	0.386985367673	30	2
Sn00001aa050368_T002	MF	0004711	ribosomal protein S6 kinase activity	0.306195563572	0.385046333548	32	2
Sn00001aa050368_T002	BP	0006338	chromatin remodeling	0.127670770243	0.356581479893	32	2
Sn00001aa050368_T002	MF	0004677	DNA-dependent protein kinase activity	0.29361895747	0.383378969395	33	2
Sn00001aa050368_T002	BP	0008033	tRNA processing	0.104201754295	0.351570990536	34	2
Sn00001aa050368_T002	MF	0072518	Rho-dependent protein serine/threonine kinase activity	0.287415569414	0.382543393725	35	2
Sn00001aa050368_T002	MF	0072354	histone H3T3 kinase activity	0.284095960787	0.382092548124	36	2
Sn00001aa050368_T002	MF	0004679	AMP-activated protein kinase activity	0.266613005069	0.379673412957	38	2
Sn00001aa050368_T002	MF	0004694	eukaryotic translation initiation factor 2alpha kinase activity	0.250333007202	0.377348336555	40	2
Sn00001aa050368_T002	MF	0005524	ATP binding	0.082281783331	0.346350331682	48	3
Sn00001aa050399_T001	MF	0004568	chitinase activity	11.3672882772	0.79424774378	1	100
Sn00001aa050399_T001	BP	0006032	chitin catabolic process	11.0534458665	0.787442417176	1	100
Sn00001aa050399_T001	BP	0050832	defense response to fungus	10.1334535153	0.766916405812	4	89
Sn00001aa050399_T001	MF	0008061	chitin binding	3.81563927896	0.588328763605	5	41
Sn00001aa050399_T001	BP	0016998	cell wall macromolecule catabolic process	9.5971331389	0.754518565482	8	100
Sn00001aa050399_T001	BP	0000272	polysaccharide catabolic process	6.2121634558	0.666599558752	15	80
Sn00001aa050948_T001	BP	0098755	maintenance of seed dormancy by absisic acid	20.4592392523	0.880679609642	1	21
Sn00001aa050948_T001	CC	0030880	RNA polymerase complex	0.386409286951	0.394958974364	1	2
Sn00001aa050948_T001	MF	0000166	nucleotide binding	0.134545352654	0.357959976078	1	2
Sn00001aa050948_T001	BP	0009845	seed germination	15.5338112224	0.853964882253	5	21
Sn00001aa050948_T001	CC	0005634	nucleus	0.187063305128	0.367500184272	6	2
Sn00001aa050948_T001	BP	0010029	regulation of seed germination	14.9658289398	0.850626019595	9	21
Sn00001aa050948_T001	BP	0009793	embryo development ending in seed dormancy	12.7393054374	0.822950215734	11	21
Sn00001aa050948_T001	BP	0006352	DNA-templated transcription initiation	0.379283718912	0.394122893138	41	2
Sn00001aa050960_T001	MF	0016887	ATP hydrolysis activity	4.60074645599	0.616144572214	1	100
Sn00001aa050960_T001	MF	0005524	ATP binding	3.05185255428	0.558357898509	7	100
Sn00001aa051893_T001	BP	0050832	defense response to fungus	11.5782643491	0.798769843647	1	1
Sn00001aa051893_T001	BP	0141061	disruption of cell in another organism	10.3354470927	0.771500433241	3	1
Sn00001aa051893_T001	BP	0001906	cell killing	10.2959735227	0.770608168654	5	1
Sn00001aa053626_T001	BP	0042744	hydrogen peroxide catabolic process	9.62105924174	0.755078925835	1	76
Sn00001aa053626_T001	MF	0004601	peroxidase activity	7.99444899435	0.715245110708	1	76
Sn00001aa053626_T001	CC	0005576	extracellular region	4.69960337244	0.619472816306	1	63
Sn00001aa053626_T001	CC	0016020	membrane	0.0084651472504	0.3180593053	3	1
Sn00001aa053626_T001	BP	0006979	response to oxidative stress	7.33289524127	0.697891713656	4	76
Sn00001aa053626_T001	BP	0098869	cellular oxidant detoxification	6.99546859366	0.688738727447	5	76
Sn00001aa053626_T001	MF	0020037	heme binding	5.4454726304	0.643531989761	5	76
Sn00001aa053626_T001	MF	0046872	metal ion binding	2.47634144507	0.533192463202	8	76
Sn00001aa053936_T002	MF	0106290	trans-cinnamate-CoA ligase activity	15.0973232399	0.851404563311	1	100
Sn00001aa053936_T002	BP	0009698	phenylpropanoid metabolic process	11.1457416478	0.7894536663	1	100
Sn00001aa053936_T002	CC	0005737	cytoplasm	0.0151763365735	0.322587518303	1	1
Sn00001aa053936_T002	MF	0016207	4-coumarate-CoA ligase activity	14.4408246173	0.847482981269	2	100
Sn00001aa053936_T002	BP	0010044	response to aluminum ion	3.37012829881	0.57125684146	3	22
Sn00001aa053936_T002	BP	0044550	secondary metabolite biosynthetic process	1.76547888785	0.497629163197	8	22
Sn00001aa053936_T002	MF	0106286	(E)-caffeate-CoA ligase activity	0.470162954571	0.404261359863	8	2
Sn00001aa053936_T002	MF	0050563	trans-feruloyl-CoA synthase activity	0.400640796472	0.396606071277	9	2
Sn00001aa053936_T002	MF	0005524	ATP binding	0.0616453109041	0.340750943893	10	2
Sn00001aa053936_T002	BP	0009987	cellular process	0.410475901072	0.397727306966	12	100
Sn00001aa053959_T001	BP	0009450	gamma-aminobutyric acid catabolic process	11.8146619345	0.803788158696	1	100
Sn00001aa053959_T001	MF	0009013	succinate-semialdehyde dehydrogenase [NAD(P)+] activity	11.7778791609	0.803010643539	1	100
Sn00001aa053959_T001	CC	0005739	mitochondrion	3.56748616149	0.578950712747	1	80
Sn00001aa053959_T001	MF	0051287	NAD binding	1.24003560683	0.466390198529	6	17
Sn00001aa053959_T001	CC	0070013	intracellular organelle lumen	1.01852887599	0.451239022222	8	17
Sn00001aa053959_T001	BP	0006540	gamma-aminobutyrate shunt	3.30952539714	0.568849306887	16	17
Sn00001aa053959_T001	BP	0048825	cotyledon development	3.27855821023	0.567610581545	17	17
Sn00001aa053959_T001	BP	0010492	maintenance of shoot apical meristem identity	3.0505130296	0.558302224406	18	17
Sn00001aa053959_T001	BP	0009943	adaxial/abaxial axis specification	3.04364545591	0.558016598139	19	17
Sn00001aa053959_T001	BP	1902074	response to salt	3.03737840937	0.5577556668	20	17
Sn00001aa053959_T001	BP	0009409	response to cold	2.09643311663	0.514936017978	36	17
Sn00001aa053959_T001	BP	0006081	cellular aldehyde metabolic process	1.77522174282	0.498160773835	46	23
Sn00001aa053959_T001	BP	0009416	response to light stimulus	1.70630248304	0.494368245898	47	17
Sn00001aa053959_T001	BP	0072593	reactive oxygen species metabolic process	1.58207422168	0.487333332386	51	17
Sn00001aa053959_T001	BP	0009408	response to heat	1.54509273924	0.485186154663	54	17
Sn00001aa053988_T001	BP	0010265	SCF complex assembly	14.0023781887	0.844814080151	1	100
Sn00001aa053988_T001	CC	0016020	membrane	0.0160668476676	0.323104836105	1	2
Sn00001aa053988_T001	BP	0016567	protein ubiquitination	0.704438279189	0.426567552768	8	9
Sn00001aa054154_T001	MF	0001671	ATPase activator activity	12.0928410709	0.809629551532	1	100
Sn00001aa054154_T001	BP	0006457	protein folding	5.80045889255	0.654401739844	1	89
Sn00001aa054154_T001	CC	0005829	cytosol	3.24173648458	0.56613002883	1	90
Sn00001aa054154_T001	MF	0051087	protein-folding chaperone binding	9.38509138253	0.749521601343	3	100
Sn00001aa054154_T001	CC	0005634	nucleus	0.0376061203693	0.332857616021	4	1
Sn00001aa054154_T001	MF	0008469	histone arginine N-methyltransferase activity	0.170474115961	0.364650918306	8	1
Sn00001aa054154_T001	CC	0016020	membrane	0.00761343309545	0.317369424395	10	1
Sn00001aa054154_T001	BP	0006338	chromatin remodeling	0.0773271313133	0.345076862218	11	1
Sn00001aa054154_T001	BP	0032259	methylation	0.0549275834659	0.338729993231	13	1
Sn00001aa054154_T001	BP	0006355	regulation of DNA-templated transcription	0.0371831583489	0.332698821668	15	1
Sn00001aa055938_T001	MF	0004165	delta(3)-delta(2)-enoyl-CoA isomerase activity	10.3720798428	0.772326960524	1	6
Sn00001aa055938_T001	BP	0006635	fatty acid beta-oxidation	7.06987109042	0.690775607873	1	6
Sn00001aa055938_T001	CC	0005777	peroxisome	6.93474781898	0.687068363829	1	6
Sn00001aa056018_T001	CC	0005634	nucleus	3.44757506362	0.574302231017	1	1
Sn00001aa056484_T001	BP	0009734	auxin-activated signaling pathway	11.1789842073	0.790176025363	1	100
Sn00001aa056484_T001	CC	0009506	plasmodesma	1.47720328945	0.481176446132	1	12
Sn00001aa056484_T001	MF	0004715	non-membrane spanning protein tyrosine kinase activity	0.112237699019	0.353344752008	1	1
Sn00001aa056484_T001	CC	0016020	membrane	0.921533376634	0.444086961517	5	100
Sn00001aa056484_T001	CC	0071944	cell periphery	0.312301676115	0.385843507008	8	12
Sn00001aa057719_T001	MF	0003924	GTPase activity	6.62918529906	0.678549406617	1	14
Sn00001aa057719_T001	CC	0005768	endosome	1.59330117846	0.487980202088	1	3
Sn00001aa057719_T001	BP	0016192	vesicle-mediated transport	0.414997507547	0.398238275863	1	1
Sn00001aa057719_T001	MF	0005525	GTP binding	5.98697952378	0.659979789432	2	14
Sn00001aa057719_T001	CC	0005794	Golgi apparatus	0.950564114989	0.446265466336	6	2
Sn00001aa057719_T001	CC	0016020	membrane	0.264334485781	0.37935235788	12	4
Sn00001aa057774_T002	MF	0008199	ferric iron binding	10.0724094697	0.765522104228	1	100
Sn00001aa057774_T002	BP	0006880	intracellular sequestering of iron ion	9.19739682991	0.745051093176	1	82
Sn00001aa057774_T002	CC	0005737	cytoplasm	1.34812471682	0.4732899384	1	88
Sn00001aa057774_T002	MF	0008198	ferrous iron binding	8.63932532806	0.73148242872	2	86
Sn00001aa057774_T002	MF	0004322	ferroxidase activity	6.8481288681	0.684672860677	3	56
Sn00001aa057774_T002	CC	0043231	intracellular membrane-bounded organelle	0.293069968162	0.383305380615	5	12
Sn00001aa057774_T002	BP	0006826	iron ion transport	7.66950815594	0.706815092022	7	100
Sn00001aa057774_T002	BP	0048366	leaf development	0.265382496264	0.379500199091	26	2
Sn00001aa057774_T002	BP	0009908	flower development	0.261365257967	0.378931894684	27	2
Sn00001aa057774_T002	BP	1901700	response to oxygen-containing compound	0.232306911624	0.37468382606	30	3
Sn00001aa057774_T002	BP	0010039	response to iron ion	0.229968944099	0.374330772272	31	2
Sn00001aa057774_T002	BP	0006979	response to oxidative stress	0.224561734383	0.373507296332	34	3
Sn00001aa057774_T002	BP	0015979	photosynthesis	0.14462483947	0.359918939464	43	2
Sn00001aa057774_T002	BP	0033993	response to lipid	0.0991026628557	0.350409795505	52	1
Sn00001aa057774_T002	BP	0009725	response to hormone	0.0867559967853	0.347467746614	54	1
Sn00001aa058372_T001	CC	0030126	COPI vesicle coat	11.5544268133	0.798260981726	1	100
Sn00001aa058372_T001	BP	0051645	Golgi localization	10.9696263826	0.785608589868	1	75
Sn00001aa058372_T001	MF	0003677	DNA binding	0.150429734373	0.361016215311	1	5
Sn00001aa058372_T001	BP	0006890	retrograde vesicle-mediated transport, Golgi to endoplasmic reticulum	10.6115596682	0.777694647905	2	100
Sn00001aa058372_T001	BP	0006888	endoplasmic reticulum to Golgi vesicle-mediated transport	6.84244161352	0.684515047405	4	75
Sn00001aa058372_T001	BP	0015031	protein transport	5.44831286364	0.643620341728	7	100
Sn00001aa058372_T001	CC	0000139	Golgi membrane	7.85323872682	0.711603116487	11	100
Sn00001aa058372_T001	BP	0045492	xylan biosynthetic process	0.124487137579	0.355930530947	20	1
Sn00001aa060716_T002	MF	0004834	tryptophan synthase activity	10.6332615042	0.778178064564	1	100
Sn00001aa060716_T002	BP	0006568	tryptophan metabolic process	10.1659804444	0.767657635588	1	100
Sn00001aa060716_T002	CC	0009570	chloroplast stroma	2.76333073393	0.546069866381	1	28
Sn00001aa060716_T002	BP	0000162	tryptophan biosynthetic process	8.61754166341	0.73094403291	3	100
Sn00001aa060716_T002	MF	0019904	protein domain specific binding	0.0936727116406	0.349139909163	6	1
Sn00001aa060716_T002	BP	0006979	response to oxidative stress	0.0686364097858	0.342740296699	31	1
Sn00001aa062042_T001	CC	0030132	clathrin coat of coated pit	11.8607997978	0.804761712761	1	79
Sn00001aa062042_T001	MF	0032050	clathrin heavy chain binding	11.5791150531	0.798787994014	1	69
Sn00001aa062042_T001	BP	0072583	clathrin-dependent endocytosis	7.47524070488	0.701689670887	1	69
Sn00001aa062042_T001	CC	0030130	clathrin coat of trans-Golgi network vesicle	11.7891194715	0.803248370153	2	79
Sn00001aa062042_T001	BP	0006886	intracellular protein transport	6.83503708697	0.684309483952	3	79
Sn00001aa062042_T001	MF	0005198	structural molecule activity	3.63428129384	0.581506246117	4	79
Sn00001aa062552_T001	MF	0004568	chitinase activity	11.36725324	0.794246989316	1	90
Sn00001aa062552_T001	BP	0006032	chitin catabolic process	11.0534117966	0.787441673201	1	90
Sn00001aa062552_T001	BP	0050832	defense response to fungus	9.96605619489	0.763082767345	4	79
Sn00001aa062552_T001	MF	0008061	chitin binding	3.99583113707	0.594948630826	5	39
Sn00001aa062552_T001	BP	0016998	cell wall macromolecule catabolic process	9.5971035578	0.754517872248	8	90
Sn00001aa062552_T001	BP	0000272	polysaccharide catabolic process	5.99278269734	0.660151933909	17	69
Sn00001aa063593_T002	MF	0071949	FAD binding	7.71861587392	0.708100405571	1	8
Sn00001aa063593_T002	BP	0008202	steroid metabolic process	7.63097063594	0.705803551662	1	7
Sn00001aa063593_T002	CC	0005737	cytoplasm	1.32633947393	0.471922211989	1	7
Sn00001aa063593_T002	MF	0016628	oxidoreductase activity, acting on the CH-CH group of donors, NAD or NADP as acceptor	7.25261587129	0.695733490278	2	7
Sn00001aa063593_T002	CC	0016020	membrane	0.921448118677	0.444080513502	2	8
Sn00001aa063593_T002	BP	0009987	cellular process	0.353892539335	0.391077836061	5	7
Sn00001aa063908_T001	CC	0022627	cytosolic small ribosomal subunit	7.79433990772	0.710074370241	1	95
Sn00001aa063908_T001	MF	0003735	structural constituent of ribosome	3.64902639655	0.582067210534	1	95
Sn00001aa063908_T001	MF	0003723	RNA binding	3.224144992	0.565419730423	3	95
Sn00001aa063908_T001	CC	0016020	membrane	0.0231734515704	0.326803547371	16	3
Sn00001aa063960_T002	MF	0016831	carboxy-lyase activity	7.09101545707	0.691352508749	1	41
Sn00001aa063960_T002	BP	0071555	cell wall organization	0.18170236491	0.366593765659	1	1
Sn00001aa063960_T002	CC	0005737	cytoplasm	0.0425745275607	0.334659981101	1	1
Sn00001aa065278_T001	MF	0042132	fructose 1,6-bisphosphate 1-phosphatase activity	11.5093976958	0.797298306936	1	90
Sn00001aa065278_T001	BP	0005986	sucrose biosynthetic process	11.4045528738	0.795049512511	1	78
Sn00001aa065278_T001	CC	0005829	cytosol	3.45674203774	0.574660424232	1	86
Sn00001aa065278_T001	BP	0006000	fructose metabolic process	11.0560935446	0.787500230369	2	86
Sn00001aa065278_T001	BP	0030388	fructose 1,6-bisphosphate metabolic process	10.5412554229	0.776125189962	3	86
Sn00001aa065278_T001	CC	0005634	nucleus	0.0388358507767	0.33331429355	4	1
Sn00001aa065278_T001	BP	0006002	fructose 6-phosphate metabolic process	9.59557233175	0.754481986404	5	86
Sn00001aa065278_T001	MF	0046872	metal ion binding	2.47636692145	0.533193638554	7	90
Sn00001aa065278_T001	BP	0006094	gluconeogenesis	8.08184407595	0.717483044622	8	86
Sn00001aa065278_T001	CC	0016020	membrane	0.0108449744586	0.319821012873	10	1
Sn00001aa065278_T001	BP	0005983	starch catabolic process	0.174832575099	0.365412454852	28	1
Sn00001aa065278_T001	BP	0009750	response to fructose	0.145003637179	0.359991206198	29	1
Sn00001aa065278_T001	BP	0009737	response to abscisic acid	0.134022652078	0.357856419506	31	1
Sn00001aa065278_T001	BP	0015979	photosynthesis	0.079246109733	0.345574795429	43	1
Sn00001aa067886_T001	BP	0050832	defense response to fungus	11.6002247573	0.799238170991	1	30
Sn00001aa067886_T001	MF	0004540	RNA nuclease activity	6.83173572866	0.684217796206	1	30
Sn00001aa067886_T001	CC	0016020	membrane	0.0331549326718	0.331138736197	1	1
Sn00001aa067886_T001	BP	0042742	defense response to bacterium	10.1915500146	0.768239487659	3	30
Sn00001aa068962_T001	BP	0009699	phenylpropanoid biosynthetic process	11.8635597596	0.804819890581	1	8
Sn00001aa068962_T001	CC	0048046	apoplast	11.0113702457	0.786522746811	1	8
Sn00001aa068962_T001	BP	0009987	cellular process	0.410233935607	0.397699884267	7	8
Sn00001aa069832_T001	BP	0034605	cellular response to heat	9.31040849552	0.74774820813	1	47
Sn00001aa069832_T001	MF	0016887	ATP hydrolysis activity	4.60072592204	0.616143877197	1	49
Sn00001aa069832_T001	CC	0005737	cytoplasm	1.53840132793	0.484794910347	1	49
Sn00001aa069832_T001	BP	0042026	protein refolding	8.75125340105	0.734238153724	2	47
Sn00001aa069832_T001	CC	0043231	intracellular membrane-bounded organelle	0.227863438018	0.374011283196	4	4
Sn00001aa069832_T001	MF	0005524	ATP binding	3.05183893331	0.558357332448	7	49
Sn00001aa071959_T001	BP	0006065	UDP-glucuronate biosynthetic process	11.5364669209	0.797877243546	1	1
Sn00001aa071959_T001	MF	0003979	UDP-glucose 6-dehydrogenase activity	11.5193348037	0.797510913475	1	1
Sn00001aa071959_T001	CC	0005634	nucleus	3.46902118195	0.575139479995	1	1
Sn00001aa071959_T001	MF	0051287	NAD binding	6.75123558964	0.68197519132	2	1
Sn00001aa071959_T001	BP	0006024	glycosaminoglycan biosynthetic process	6.83611547482	0.684339428933	5	1
Sn00001aa072988_T001	MF	0004739	pyruvate dehydrogenase (acetyl-transferring) activity	10.820529693	0.782329208005	1	97
Sn00001aa072988_T001	BP	0006086	acetyl-CoA biosynthetic process from pyruvate	10.0900277103	0.765924953594	1	97
Sn00001aa072988_T001	CC	0043231	intracellular membrane-bounded organelle	1.59922760862	0.488320749486	1	70
Sn00001aa072988_T001	MF	0030976	thiamine pyrophosphate binding	0.0782179005529	0.345308756766	7	1
Sn00001aa072988_T001	CC	0070013	intracellular organelle lumen	0.104008765389	0.351527566252	8	2
Sn00001aa072988_T001	CC	0005667	transcription regulator complex	0.071014533276	0.343393697751	11	1
Sn00001aa072988_T001	MF	0046872	metal ion binding	0.0463818837475	0.335970930756	12	2
Sn00001aa072988_T001	CC	0005737	cytoplasm	0.0426239436657	0.334677363281	12	3
Sn00001aa072988_T001	MF	0003677	DNA binding	0.0285278994463	0.32922457635	16	1
Sn00001aa072988_T001	BP	0006626	protein targeting to mitochondrion	0.0914090151184	0.348599657426	33	1
Sn00001aa072988_T001	BP	0010468	regulation of gene expression	0.0578167192612	0.339613496027	39	2
Sn00001aa072988_T001	BP	2001141	regulation of RNA biosynthetic process	0.0305599946538	0.330083017742	53	1
Sn00001aa073394_T001	MF	0000774	adenyl-nucleotide exchange factor activity	11.1943647964	0.790509881309	1	100
Sn00001aa073394_T001	CC	0005783	endoplasmic reticulum	6.0071573564	0.660577983066	1	100
Sn00001aa073864_T002	BP	1903189	glyoxal metabolic process	15.0083687627	0.850878259792	1	55
Sn00001aa073864_T002	CC	0005737	cytoplasm	1.53837870207	0.484793585979	1	55
Sn00001aa074601_T001	BP	0042183	formate catabolic process	15.2057715225	0.852044109885	1	100
Sn00001aa074601_T001	MF	0008863	formate dehydrogenase (NAD+) activity	11.639182827	0.800067900766	1	100
Sn00001aa074601_T001	CC	0009507	chloroplast	5.39840345074	0.642064425938	1	90
Sn00001aa074601_T001	CC	0005739	mitochondrion	4.50238177008	0.612797216725	3	100
Sn00001aa074601_T001	MF	0051287	NAD binding	6.76082215614	0.682242956431	4	100
Sn00001aa074601_T001	MF	0016616	oxidoreductase activity, acting on the CH-OH group of donors, NAD or NADP as acceptor	6.10978497575	0.663605058526	5	100
Sn00001aa074929_T001	MF	0008553	P-type proton-exporting transporter activity	13.5704527837	0.839589146325	1	100
Sn00001aa074929_T001	BP	0120029	proton export across plasma membrane	13.0378046185	0.828986711909	1	100
Sn00001aa074929_T001	CC	0005886	plasma membrane	2.54972292284	0.536553208671	1	100
Sn00001aa074929_T001	MF	0016887	ATP hydrolysis activity	4.60076130633	0.616145074855	11	100
Sn00001aa074929_T001	BP	0051453	regulation of intracellular pH	1.80186868023	0.499607335572	15	17
Sn00001aa074929_T001	MF	0005524	ATP binding	3.05186240508	0.558358307888	22	100
Sn00001aa074929_T001	MF	0046872	metal ion binding	0.0238397660348	0.32711907092	40	1
Sn00001aa076816_T003	MF	0008865	fructokinase activity	10.2813278329	0.770276681067	1	81
Sn00001aa076816_T003	BP	0006000	fructose metabolic process	9.31588457706	0.7478784823	1	81
Sn00001aa076816_T003	CC	0005829	cytosol	2.91265714299	0.552505704236	1	81
Sn00001aa076816_T003	BP	0046835	carbohydrate phosphorylation	7.11365254546	0.691969184369	2	81
Sn00001aa076816_T003	MF	0004340	glucokinase activity	0.1290786971	0.35686676465	9	1
Sn00001aa076816_T003	MF	0005524	ATP binding	0.0969033242428	0.349899741826	10	3
Sn00001aa076816_T003	BP	0019252	starch biosynthetic process	0.416515544772	0.39840919854	12	3
Sn00001aa079782_T001	MF	0003924	GTPase activity	6.6298786704	0.678568957261	1	26
Sn00001aa079782_T001	CC	0012505	endomembrane system	4.88055814997	0.625475626721	1	26
Sn00001aa079782_T001	BP	0016192	vesicle-mediated transport	0.980718977001	0.448493384482	1	4
Sn00001aa079782_T001	MF	0005525	GTP binding	5.98760572441	0.659998368969	2	26
Sn00001aa079782_T001	BP	0046907	intracellular transport	0.50209311652	0.407586584448	4	2
Sn00001aa079782_T001	CC	0031984	organelle subcompartment	0.532954352583	0.410701405338	7	2
Sn00001aa079782_T001	CC	0098588	bounding membrane of organelle	0.466979237768	0.40392369651	8	2
Sn00001aa079782_T001	BP	0015031	protein transport	0.227580562667	0.373968247458	10	1
Sn00001aa079782_T001	CC	0043231	intracellular membrane-bounded organelle	0.199306050218	0.369522661385	10	2
Sn00001aa079782_T001	CC	0005737	cytoplasm	0.127828545011	0.356613527405	15	2
Sn00001aa079782_T001	CC	0005886	plasma membrane	0.10650350772	0.352085838743	16	1
Sn00001aa080797_T001	BP	0009617	response to bacterium	9.46975954939	0.751523588646	1	34
Sn00001aa080797_T001	CC	0005789	endoplasmic reticulum membrane	6.69116202379	0.680292913397	1	35
Sn00001aa080797_T001	MF	0004640	phosphoribosylanthranilate isomerase activity	0.361490476205	0.392000161337	1	1
Sn00001aa080797_T001	BP	0006568	tryptophan metabolic process	0.32303620369	0.38722626978	8	1
Sn00001aa080797_T001	BP	0000162	tryptophan biosynthetic process	0.273832706969	0.380681747245	10	1
Sn00001aa081139_T001	MF	0003849	3-deoxy-7-phosphoheptulonate synthase activity	11.4761253188	0.796585768386	1	100
Sn00001aa081139_T001	BP	0009073	aromatic amino acid family biosynthetic process	6.68396313801	0.680090812617	1	100
Sn00001aa081139_T001	CC	0009507	chloroplast	5.99409551951	0.660190865708	1	100
Sn00001aa081139_T001	BP	0009423	chorismate biosynthetic process	6.59368436735	0.677547034673	2	75
Sn00001aa081139_T001	BP	0008652	amino acid biosynthetic process	4.92134783061	0.62681329244	6	100
Sn00001aa081364_T002	MF	0003978	UDP-glucose 4-epimerase activity	11.2138369467	0.790932221168	1	5
Sn00001aa081364_T002	BP	0006012	galactose metabolic process	9.6557162516	0.755889374832	1	5
Sn00001aa081364_T002	CC	0032580	Golgi cisterna membrane	2.25541628362	0.522761990553	1	1
Sn00001aa081364_T002	BP	0033358	UDP-L-arabinose biosynthetic process	4.83839827466	0.62408713869	4	1
Sn00001aa081364_T002	MF	0050373	UDP-arabinose 4-epimerase activity	4.34121087069	0.607232514674	5	1
Sn00001aa081364_T002	BP	0045227	capsule polysaccharide biosynthetic process	2.85614622669	0.550089985825	7	1
Sn00001aa081364_T002	CC	0005829	cytosol	0.748455665887	0.430317358443	9	1
Sn00001aa082341_T001	MF	0004802	transketolase activity	11.5693214667	0.798579000621	1	100
Sn00001aa082341_T001	BP	0006098	pentose-phosphate shunt	7.80933887859	0.710464222118	1	90
Sn00001aa082341_T001	CC	0005829	cytosol	3.21233544391	0.564941804208	1	90
Sn00001aa082341_T001	MF	0046872	metal ion binding	2.18945380189	0.519549580133	4	89
Sn00001aa082341_T001	MF	0140664	ATP-dependent DNA damage sensor activity	0.158492871195	0.362505808905	10	2
Sn00001aa082341_T001	MF	0003677	DNA binding	0.0553814542264	0.338870300185	18	2
Sn00001aa082341_T001	MF	0005524	ATP binding	0.0527135633567	0.338037098926	19	2
Sn00001aa082341_T001	BP	0006281	DNA repair	0.0903221495349	0.348337890549	23	2
Sn00001aa085238_T001	MF	0009044	xylan 1,4-beta-xylosidase activity	12.8945994938	0.826099421664	1	100
Sn00001aa085238_T001	BP	0031222	arabinan catabolic process	11.6983143344	0.801324635962	1	91
Sn00001aa085238_T001	CC	0048046	apoplast	10.0228079434	0.764386045886	1	91
Sn00001aa085238_T001	MF	0046556	alpha-L-arabinofuranosidase activity	10.716216634	0.780021390159	3	91
Sn00001aa085238_T001	BP	0045493	xylan catabolic process	10.5318972385	0.775915885509	3	100
Sn00001aa085238_T001	CC	0016020	membrane	0.0333474122215	0.331215369614	3	4
Sn00001aa085238_T001	BP	0009627	systemic acquired resistance	0.127420225679	0.356530548085	22	1
Sn00001aa085589_T001	MF	0016157	sucrose synthase activity	14.3374760132	0.846857570957	1	100
Sn00001aa085589_T001	BP	0005985	sucrose metabolic process	11.6605462571	0.800522310068	1	100
Sn00001aa085589_T001	BP	0010037	response to carbon dioxide	3.31252242391	0.568968883458	5	22
Sn00001aa085589_T001	BP	0009987	cellular process	0.41047667415	0.397727394568	11	100
Sn00001aa086694_T001	BP	0019252	starch biosynthetic process	12.8682173711	0.825565761558	1	98
Sn00001aa086694_T001	MF	0008878	glucose-1-phosphate adenylyltransferase activity	11.8403697961	0.804330853757	1	98
Sn00001aa086694_T001	CC	0009507	chloroplast	5.88012662938	0.656795079392	1	98
Sn00001aa086694_T001	BP	0005978	glycogen biosynthetic process	9.830439018	0.759953269109	3	98
Sn00001aa086694_T001	CC	0009501	amyloplast	2.85769728073	0.550156607321	3	20
Sn00001aa086694_T001	MF	0005524	ATP binding	2.99382113342	0.555934652683	5	98
Sn00001aa086694_T001	CC	0030929	ADPG pyrophosphorylase complex	0.452038493067	0.402323489135	10	2
Sn00001aa086694_T001	CC	0048046	apoplast	0.103959859278	0.351516555528	12	1
Sn00001aa086694_T001	CC	0009532	plastid stroma	0.0984768660012	0.35026524668	14	1
Sn00001aa086694_T001	BP	0048573	photoperiodism, flowering	0.323919770223	0.38733905537	20	2
Sn00001aa088201_T001	MF	0005388	P-type calcium transporter activity	11.5410516201	0.797975230422	1	100
Sn00001aa088201_T001	BP	0070588	calcium ion transmembrane transport	8.75309453879	0.73428333567	1	100
Sn00001aa088201_T001	CC	0005886	plasma membrane	2.16742925476	0.518466222017	1	85
Sn00001aa088201_T001	MF	0005516	calmodulin binding	9.50893088793	0.752446770248	2	100
Sn00001aa088201_T001	CC	0043231	intracellular membrane-bounded organelle	2.03900159567	0.512036326295	3	85
Sn00001aa088201_T001	MF	0016887	ATP hydrolysis activity	4.6007611693	0.616145070218	13	100
Sn00001aa088201_T001	BP	0009414	response to water deprivation	0.942434821256	0.445658827442	14	7
Sn00001aa088201_T001	BP	0009409	response to cold	0.833360713475	0.437251036422	16	7
Sn00001aa088201_T001	MF	0005524	ATP binding	3.05186231419	0.558358304111	25	100
Sn00001aa088201_T001	MF	0046872	metal ion binding	0.0261453962573	0.32817816933	43	1
Sn00001aa089776_T001	MF	0004834	tryptophan synthase activity	10.6330900394	0.778174247054	1	100
Sn00001aa089776_T001	BP	0006568	tryptophan metabolic process	10.1658165147	0.767653902901	1	100
Sn00001aa089776_T001	CC	0009507	chloroplast	5.24295727505	0.637171770152	1	88
Sn00001aa089776_T001	BP	0000162	tryptophan biosynthetic process	8.61740270273	0.730940596234	3	100
Sn00001aa089776_T001	CC	0005829	cytosol	3.1628682267	0.56293027967	3	88
Sn00001aa090816_T002	MF	0005509	calcium ion binding	3.79250019303	0.587467454403	1	19
Sn00001aa090816_T002	BP	0006355	regulation of DNA-templated transcription	3.4348504662	0.573804235888	1	34
Sn00001aa090816_T002	CC	0005634	nucleus	0.177034330696	0.365793550195	1	2
Sn00001aa091151_T001	MF	0035251	UDP-glucosyltransferase activity	10.0621586964	0.765287553329	1	36
Sn00001aa091151_T001	BP	0006426	glycyl-tRNA aminoacylation	1.04060028777	0.452818255091	1	3
Sn00001aa091151_T001	CC	0005737	cytoplasm	0.151122986501	0.36114583217	1	3
Sn00001aa091151_T001	MF	0004820	glycine-tRNA ligase activity	1.07378139806	0.455161211502	7	3
Sn00001aa091151_T001	MF	0005524	ATP binding	0.299793692028	0.38420196476	15	3
Sn00001aa091279_T001	CC	0005576	extracellular region	5.39853037107	0.642068391754	1	100
Sn00001aa091279_T001	MF	0030234	enzyme regulator activity	0.732216501997	0.42894713196	1	11
Sn00001aa091279_T001	CC	0071944	cell periphery	2.12686612035	0.516456472133	2	89
Sn00001aa091279_T001	CC	0016020	membrane	0.773670688791	0.432415817652	6	85
Sn00001aa091713_T003	MF	0003924	GTPase activity	6.6287457998	0.678537013747	1	10
Sn00001aa091713_T003	CC	0012505	endomembrane system	4.8797241919	0.625448219522	1	10
Sn00001aa091713_T003	BP	0052324	plant-type cell wall cellulose biosynthetic process	1.8035357011	0.499697475183	1	1
Sn00001aa091713_T003	MF	0005525	GTP binding	5.98658260124	0.659968012134	2	10
Sn00001aa091713_T003	CC	0098588	bounding membrane of organelle	0.6371267836	0.420598962306	4	1
Sn00001aa091713_T003	CC	0005829	cytosol	0.409933780718	0.39766585554	6	1
Sn00001aa091713_T003	CC	0043231	intracellular membrane-bounded organelle	0.271924771934	0.380416582356	7	1
Sn00001aa091713_T003	BP	0001558	regulation of cell growth	1.25327840052	0.46725128006	10	1
Sn00001aa091713_T003	BP	0006887	exocytosis	1.04617045621	0.453214152777	16	1
Sn00001aa092320_T001	MF	0004364	glutathione transferase activity	10.1153143695	0.766502530813	1	99
Sn00001aa092320_T001	BP	0006749	glutathione metabolic process	8.57536396219	0.729899648905	1	99
Sn00001aa092320_T001	CC	0005829	cytosol	2.75537756949	0.545722271819	1	68
Sn00001aa092320_T001	MF	0016034	maleylacetoacetate isomerase activity	0.0992021112159	0.350432724376	5	4
Sn00001aa092320_T001	BP	0006559	L-phenylalanine catabolic process	0.0841219132792	0.346813485519	7	4
Sn00001aa092320_T001	MF	0004523	RNA-DNA hybrid ribonuclease activity	0.0195251210151	0.324989132741	8	1
Sn00001aa092320_T001	MF	0003676	nucleic acid binding	0.00458685978435	0.314533867414	19	1
Sn00001aa092671_T001	MF	0016491	oxidoreductase activity	3.02678240893	0.557313884414	1	15
Sn00001aa092671_T001	BP	0019853	L-ascorbic acid biosynthetic process	0.50881847006	0.408273356405	1	1
Sn00001aa093821_T001	MF	0016157	sucrose synthase activity	14.3374952291	0.84685768745	1	100
Sn00001aa093821_T001	BP	0005985	sucrose metabolic process	11.6605618853	0.800522642332	1	100
Sn00001aa093821_T001	BP	0010431	seed maturation	3.1048773629	0.560552015112	5	19
Sn00001aa093821_T001	BP	0051262	protein tetramerization	2.19508729983	0.519825808182	8	19
Sn00001aa093821_T001	BP	0010037	response to carbon dioxide	0.462330639541	0.403428594473	30	3
Sn00001aa093821_T001	BP	0034059	response to anoxia	0.198455795397	0.369384244392	33	1
Sn00001aa096746_T001	MF	0003852	2-isopropylmalate synthase activity	11.1821863236	0.790245550436	1	100
Sn00001aa096746_T001	BP	0009098	L-leucine biosynthetic process	9.04616870863	0.741415853537	1	100
Sn00001aa096746_T001	CC	0009507	chloroplast	4.68721661394	0.619057718786	1	79
Sn00001aa096746_T001	MF	0046872	metal ion binding	2.45434535328	0.532175408027	4	99
Sn00001aa096746_T001	CC	0005773	vacuole	0.219279683104	0.372693252092	9	3
Sn00001aa096746_T001	MF	0016844	strictosidine synthase activity	0.41073089493	0.397756197467	11	3
Sn00001aa099345_T002	BP	0010286	heat acclimation	12.5250341231	0.818573326237	1	5
Sn00001aa099345_T002	MF	0043817	phosphosulfolactate synthase activity	3.27353242815	0.56740899323	1	2
Sn00001aa099345_T002	BP	0010608	post-transcriptional regulation of gene expression	5.92317136954	0.658081463734	5	5
Sn00001aa100959_T001	BP	0019252	starch biosynthetic process	13.1176321773	0.830589307648	1	100
Sn00001aa100959_T001	MF	0008878	glucose-1-phosphate adenylyltransferase activity	12.0698626196	0.809149597486	1	100
Sn00001aa100959_T001	CC	0009501	amyloplast	6.82147706938	0.683932743724	1	48
Sn00001aa100959_T001	CC	0009507	chloroplast	5.42786950436	0.64298388947	2	89
Sn00001aa100959_T001	BP	0005978	glycogen biosynthetic process	10.0209748919	0.764344008429	3	100
Sn00001aa100959_T001	MF	0005524	ATP binding	3.05184807657	0.558357712424	5	100
Sn00001aa100959_T001	CC	0010170	glucose-1-phosphate adenylyltransferase complex	1.31403076735	0.471144474914	9	7
Sn00001aa100959_T001	CC	0005829	cytosol	0.217470914195	0.372412243965	16	7
Sn00001aa100989_T001	BP	0051665	membrane raft localization	12.2578268653	0.813062325624	1	2
Sn00001aa100989_T001	CC	0009506	plasmodesma	7.45721086301	0.70121062396	1	2
Sn00001aa100989_T001	MF	0004693	cyclin-dependent protein serine/threonine kinase activity	4.41435084922	0.609770377992	1	1
Sn00001aa100989_T001	BP	0009751	response to salicylic acid	9.31391704039	0.747831679661	2	2
Sn00001aa100989_T001	BP	0051607	defense response to virus	6.16441431696	0.665206024389	4	2
Sn00001aa100989_T001	BP	0051726	regulation of cell cycle	2.81386402928	0.548266844796	18	1
